Archive member included because of file (symbol)

/opt/devkitpro/libogc/lib/wii/libwiiuse.a(wpad.o)
                              main.o (WPAD_SetVRes)
/opt/devkitpro/libogc/lib/wii/libwiiuse.a(dynamics.o)
                              /opt/devkitpro/libogc/lib/wii/libwiiuse.a(wpad.o) (calculate_gforce)
/opt/devkitpro/libogc/lib/wii/libwiiuse.a(io_wii.o)
                              /opt/devkitpro/libogc/lib/wii/libwiiuse.a(wpad.o) (wiiuse_disconnect)
/opt/devkitpro/libogc/lib/wii/libwiiuse.a(ir.o)
                              /opt/devkitpro/libogc/lib/wii/libwiiuse.a(wpad.o) (wiiuse_set_ir_vres)
/opt/devkitpro/libogc/lib/wii/libwiiuse.a(wiiuse.o)
                              /opt/devkitpro/libogc/lib/wii/libwiiuse.a(wpad.o) (wiiuse_set_flags)
/opt/devkitpro/libogc/lib/wii/libwiiuse.a(events.o)
                              /opt/devkitpro/libogc/lib/wii/libwiiuse.a(io_wii.o) (parse_event)
/opt/devkitpro/libogc/lib/wii/libwiiuse.a(guitar_hero_3.o)
                              /opt/devkitpro/libogc/lib/wii/libwiiuse.a(events.o) (guitar_hero_3_event)
/opt/devkitpro/libogc/lib/wii/libwiiuse.a(io.o)
                              /opt/devkitpro/libogc/lib/wii/libwiiuse.a(events.o) (wiiuse_disable_expansion)
/opt/devkitpro/libogc/lib/wii/libwiiuse.a(nunchuk.o)
                              /opt/devkitpro/libogc/lib/wii/libwiiuse.a(events.o) (nunchuk_event)
/opt/devkitpro/libogc/lib/wii/libwiiuse.a(classic.o)
                              /opt/devkitpro/libogc/lib/wii/libwiiuse.a(events.o) (classic_ctrl_event)
/opt/devkitpro/libogc/lib/wii/libbte.a(bte.o)
                              /opt/devkitpro/libogc/lib/wii/libwiiuse.a(io_wii.o) (bte_arg)
/opt/devkitpro/libogc/lib/wii/libbte.a(hci.o)
                              /opt/devkitpro/libogc/lib/wii/libbte.a(bte.o) (hci_arg)
/opt/devkitpro/libogc/lib/wii/libbte.a(l2cap.o)
                              /opt/devkitpro/libogc/lib/wii/libbte.a(hci.o) (lp_connect_ind)
/opt/devkitpro/libogc/lib/wii/libbte.a(btmemb.o)
                              /opt/devkitpro/libogc/lib/wii/libbte.a(bte.o) (btmemb_alloc)
/opt/devkitpro/libogc/lib/wii/libbte.a(btmemr.o)
                              /opt/devkitpro/libogc/lib/wii/libbte.a(hci.o) (btmemr_init)
/opt/devkitpro/libogc/lib/wii/libbte.a(btpbuf.o)
                              /opt/devkitpro/libogc/lib/wii/libbte.a(hci.o) (btpbuf_header)
/opt/devkitpro/libogc/lib/wii/libbte.a(physbusif.o)
                              /opt/devkitpro/libogc/lib/wii/libbte.a(bte.o) (physbusif_close)
/opt/devkitpro/libogc/lib/wii/libogc.a(lwp_queue.o)
                              /opt/devkitpro/libogc/lib/wii/libwiiuse.a(io_wii.o) (__lwp_queue_initialize)
/opt/devkitpro/libogc/lib/wii/libogc.a(lwp_threads.o)
                              /opt/devkitpro/libogc/lib/wii/libwiiuse.a(wpad.o) (_thread_dispatch_disable_level)
/opt/devkitpro/libogc/lib/wii/libogc.a(lwp.o)
                              /opt/devkitpro/libogc/lib/wii/libbte.a(bte.o) (LWP_ThreadSignal)
/opt/devkitpro/libogc/lib/wii/libogc.a(lwp_handler.o)
                              /opt/devkitpro/libogc/lib/wii/libogc.a(lwp_threads.o) (_cpu_context_save_fp)
/opt/devkitpro/libogc/lib/wii/libogc.a(lwp_stack.o)
                              /opt/devkitpro/libogc/lib/wii/libogc.a(lwp_threads.o) (__lwp_stack_free)
/opt/devkitpro/libogc/lib/wii/libogc.a(lwp_watchdog.o)
                              /opt/devkitpro/libogc/lib/wii/libogc.a(lwp_threads.o) (_wd_ticks_queue)
/opt/devkitpro/libogc/lib/wii/libogc.a(lwp_wkspace.o)
                              /opt/devkitpro/libogc/lib/wii/libwiiuse.a(io_wii.o) (__wkspace_heap)
/opt/devkitpro/libogc/lib/wii/libogc.a(lwp_objmgr.o)
                              /opt/devkitpro/libogc/lib/wii/libogc.a(lwp.o) (__lwp_objmgr_getnoprotection)
/opt/devkitpro/libogc/lib/wii/libogc.a(lwp_heap.o)
                              /opt/devkitpro/libogc/lib/wii/libogc.a(lwp_wkspace.o) (__lwp_heap_init)
/opt/devkitpro/libogc/lib/wii/libogc.a(sys_state.o)
                              /opt/devkitpro/libogc/lib/wii/libogc.a(lwp_threads.o) (_sys_state_curr)
/opt/devkitpro/libogc/lib/wii/libogc.a(irq.o)
                              /opt/devkitpro/libogc/lib/wii/libwiiuse.a(io_wii.o) (IRQ_Disable)
/opt/devkitpro/libogc/lib/wii/libogc.a(video.o)
                              GRRLIB.o (VIDEO_Flush)
/opt/devkitpro/libogc/lib/wii/libogc.a(cache_asm.o)
                              GRRLIB.o (DCFlushRange)
/opt/devkitpro/libogc/lib/wii/libogc.a(system.o)
                              /opt/devkitpro/libogc/lib/wii/libogc.a(video.o) (__SYS_LockSram)
/opt/devkitpro/libogc/lib/wii/libogc.a(system_asm.o)
                              /opt/devkitpro/libogc/lib/wii/libogc.a(system.o) (__realmode)
/opt/devkitpro/libogc/lib/wii/libogc.a(cond.o)
                              /opt/devkitpro/libogc/lib/wii/libogc.a(system.o) (__lwp_cond_init)
/opt/devkitpro/libogc/lib/wii/libogc.a(gx.o)
                              GRRLIB.o (GX_Flush)
/opt/devkitpro/libogc/lib/wii/libogc.a(gu.o)
[...]
Memory Configuration

Name             Origin             Length             Attributes
*default*        0x00000000         0xffffffff

Linker script and memory map

                0x80003f00                . = 0x80003f00

.header         0x80003f00       0xe4
                0x80003f00                file_start = .
                0x80003f00        0x4 LONG 0x100 text_file_start
                0x80003f04        0x4 LONG 0x0
                0x80003f08        0x4 LONG 0x0
                0x80003f0c        0x4 LONG 0x0
                0x80003f10        0x4 LONG 0x0
                0x80003f14        0x4 LONG 0x0
                0x80003f18        0x4 LONG 0x0
                0x80003f1c        0x4 LONG 0x33300 data_file_start
                0x80003f20        0x4 LONG 0x0
                0x80003f24        0x4 LONG 0x0
                0x80003f28        0x4 LONG 0x0
                0x80003f2c        0x4 LONG 0x0
                0x80003f30        0x4 LONG 0x0
                0x80003f34        0x4 LONG 0x0
                0x80003f38        0x4 LONG 0x0
                0x80003f3c        0x4 LONG 0x0
                0x80003f40        0x4 LONG 0x0
                0x80003f44        0x4 LONG 0x0
                0x80003f48        0x4 LONG 0x80004000 text_mem_start
                0x80003f4c        0x4 LONG 0x0
                0x80003f50        0x4 LONG 0x0
                0x80003f54        0x4 LONG 0x0
                0x80003f58        0x4 LONG 0x0
                0x80003f5c        0x4 LONG 0x0
                0x80003f60        0x4 LONG 0x0
                0x80003f64        0x4 LONG 0x80037200 data_mem_start
                0x80003f68        0x4 LONG 0x0
                0x80003f6c        0x4 LONG 0x0
                0x80003f70        0x4 LONG 0x0
                0x80003f74        0x4 LONG 0x0
                0x80003f78        0x4 LONG 0x0
                0x80003f7c        0x4 LONG 0x0
                0x80003f80        0x4 LONG 0x0
                0x80003f84        0x4 LONG 0x0
                0x80003f88        0x4 LONG 0x0
                0x80003f8c        0x4 LONG 0x0
                0x80003f90        0x4 LONG 0x33200 text_mem_size
                0x80003f94        0x4 LONG 0x0
                0x80003f98        0x4 LONG 0x0
                0x80003f9c        0x4 LONG 0x0
                0x80003fa0        0x4 LONG 0x0
                0x80003fa4        0x4 LONG 0x0
                0x80003fa8        0x4 LONG 0x0
                0x80003fac        0x4 LONG 0x5c00 data_mem_size
                0x80003fb0        0x4 LONG 0x0
                0x80003fb4        0x4 LONG 0x0
                0x80003fb8        0x4 LONG 0x0
                0x80003fbc        0x4 LONG 0x0
                0x80003fc0        0x4 LONG 0x0
                0x80003fc4        0x4 LONG 0x0
                0x80003fc8        0x4 LONG 0x0
                0x80003fcc        0x4 LONG 0x0
                0x80003fd0        0x4 LONG 0x0
                0x80003fd4        0x4 LONG 0x0
                0x80003fd8        0x4 LONG 0x8003ce00 bss_mem_start
                0x80003fdc        0x4 LONG 0x71780 bss_mem_size
                0x80003fe0        0x4 LONG 0x80004000 ABSOLUTE (_start)
                0x80004000                . = (file_start + 0x100)
                0x80004000                text_mem_start = .

.init           0x80004000      0x208
 *crt0.o(*.init)
 .init          0x80004000      0x1e4 /opt/devkitpro/libogc/lib/wii/libogc.a(ogc_crt0.o)
                0x8000419c                _memset
                0x80004000                _start
                0x800041cc                video_line
 *(.init)
 .init          0x800041e4        0xc /opt/devkitpro/devkitPPC/lib/gcc/powerpc-gekko/4.2.3/ecrti.o
                0x800041e4                __init
 .init          0x800041f0        0x4 /opt/devkitpro/devkitPPC/lib/gcc/powerpc-gekko/4.2.3/crtbegin.o
 .init          0x800041f4        0x4 /opt/devkitpro/devkitPPC/lib/gcc/powerpc-gekko/4.2.3/crtend.o
 .init          0x800041f8       0x10 /opt/devkitpro/devkitPPC/lib/gcc/powerpc-gekko/4.2.3/ecrtn.o

.plt
 *(.plt)

.interp
 *(.interp)

.hash
 *(.hash)

.dynsym
 *(.dynsym)

.dynstr
 *(.dynstr)

.gnu.version
 *(.gnu.version)

.gnu.version_d
 *(.gnu.version_d)

.gnu.version_r
 *(.gnu.version_r)

.rel.init
 *(.rel.init)

.rela.init      0x80004208        0x0
 *(.rela.init)
 .rela.init     0x00000000        0x0 /opt/devkitpro/devkitPPC/lib/gcc/powerpc-gekko/4.2.3/crtbegin.o

.rel.text
 *(.rel.text .rel.text.* .rel.gnu.linkonce.t.*)

.rela.text      0x80004208        0x0
 *(.rela.text .rela.text.* .rela.gnu.linkonce.t.*)
 .rela.text     0x00000000        0x0 /opt/devkitpro/devkitPPC/lib/gcc/powerpc-gekko/4.2.3/crtbegin.o
 .rela.text.GRRLIB_FillScreen
                0x00000000        0x0 /opt/devkitpro/devkitPPC/lib/gcc/powerpc-gekko/4.2.3/crtbegin.o
 .rela.text.GRRLIB_PutPixel
                0x00000000        0x0 /opt/devkitpro/devkitPPC/lib/gcc/powerpc-gekko/4.2.3/crtbegin.o
 .rela.text.GRRLIB_Render
                0x00000000        0x0 /opt/devkitpro/devkitPPC/lib/gcc/powerpc-gekko/4.2.3/crtbegin.o
 .rela.text.GRRLIB_InitVideo
                0x00000000        0x0 /opt/devkitpro/devkitPPC/lib/gcc/powerpc-gekko/4.2.3/crtbegin.o
 .rela.text.main
                0x00000000        0x0 /opt/devkitpro/devkitPPC/lib/gcc/powerpc-gekko/4.2.3/crtbegin.o
 .rela.text.wiiuse_init_cmd_queue
                0x00000000        0x0 /opt/devkitpro/devkitPPC/lib/gcc/powerpc-gekko/4.2.3/crtbegin.o
 .rela.text.wiiuse_init
                0x00000000        0x0 /opt/devkitpro/devkitPPC/lib/gcc/powerpc-gekko/4.2.3/crtbegin.o
 .rela.text.guitar_hero_3_handshake
                0x00000000        0x0 /opt/devkitpro/devkitPPC/lib/gcc/powerpc-gekko/4.2.3/crtbegin.o
 .rela.text.wiiuse_handshake
                0x00000000        0x0 /opt/devkitpro/devkitPPC/lib/gcc/powerpc-gekko/4.2.3/crtbegin.o
 .rela.text.wiiuse_handshake_expansion
                0x00000000        0x0 /opt/devkitpro/devkitPPC/lib/gcc/powerpc-gekko/4.2.3/crtbegin.o
 .rela.text.wiiuse_handshake_expansion_enabled
                0x00000000        0x0 /opt/devkitpro/devkitPPC/lib/gcc/powerpc-gekko/4.2.3/crtbegin.o
 .rela.text.bt_alarmhandler
                0x00000000        0x0 /opt/devkitpro/devkitPPC/lib/gcc/powerpc-gekko/4.2.3/crtbegin.o
 .rela.text.__lwp_rotate_readyqueue
                0x00000000        0x0 /opt/devkitpro/devkitPPC/lib/gcc/powerpc-gekko/4.2.3/crtbegin.o
 .rela.text.__lwp_thread_setstate
                0x00000000        0x0 /opt/devkitpro/devkitPPC/lib/gcc/powerpc-gekko/4.2.3/crtbegin.o
 .rela.text.__lwp_thread_setpriority
                0x00000000        0x0 /opt/devkitpro/devkitPPC/lib/gcc/powerpc-gekko/4.2.3/crtbegin.o
 .rela.text.__lwp_thread_ready
                0x00000000        0x0 /opt/devkitpro/devkitPPC/lib/gcc/powerpc-gekko/4.2.3/crtbegin.o
 .rela.text.__lwp_thread_close
                0x00000000        0x0 /opt/devkitpro/devkitPPC/lib/gcc/powerpc-gekko/4.2.3/crtbegin.o
 .rela.text.__lwp_thread_stopmultitasking
                0x00000000        0x0 /opt/devkitpro/devkitPPC/lib/gcc/powerpc-gekko/4.2.3/crtbegin.o
 .rela.text.__lwp_thread_startmultitasking
                0x00000000        0x0 /opt/devkitpro/devkitPPC/lib/gcc/powerpc-gekko/4.2.3/crtbegin.o
 .rela.text.__lwp_thread_closeall
                0x00000000        0x0 /opt/devkitpro/devkitPPC/lib/gcc/powerpc-gekko/4.2.3/crtbegin.o
 .rela.text.__lwp_thread_changepriority
                0x00000000        0x0 /opt/devkitpro/devkitPPC/lib/gcc/powerpc-gekko/4.2.3/crtbegin.o
 .rela.text.__lwp_thread_coreinit
                0x00000000        0x0 /opt/devkitpro/devkitPPC/lib/gcc/powerpc-gekko/4.2.3/crtbegin.o
 .rela.text.__lwp_thread_suspend
                0x00000000        0x0 /opt/devkitpro/devkitPPC/lib/gcc/powerpc-gekko/4.2.3/crtbegin.o
 .rela.text.__lwp_thread_context
                0x00000000        0x0 /opt/devkitpro/devkitPPC/lib/gcc/powerpc-gekko/4.2.3/crtbegin.o
 .rela.text.__lwp_thread_exists
                0x00000000        0x0 /opt/devkitpro/devkitPPC/lib/gcc/powerpc-gekko/4.2.3/crtbegin.o
 .rela.text.__lwp_thread_isalive
                0x00000000        0x0 /opt/devkitpro/devkitPPC/lib/gcc/powerpc-gekko/4.2.3/crtbegin.o
 .rela.text.__lwp_sysinit
                0x00000000        0x0 /opt/devkitpro/devkitPPC/lib/gcc/powerpc-gekko/4.2.3/crtbegin.o
 .rela.text.LWP_ThreadSignal
                0x00000000        0x0 /opt/devkitpro/devkitPPC/lib/gcc/powerpc-gekko/4.2.3/crtbegin.o
 .rela.text.LWP_ThreadBroadcast
                0x00000000        0x0 /opt/devkitpro/devkitPPC/lib/gcc/powerpc-gekko/4.2.3/crtbegin.o
 .rela.text.LWP_ThreadSleep
                0x00000000        0x0 /opt/devkitpro/devkitPPC/lib/gcc/powerpc-gekko/4.2.3/crtbegin.o
 .rela.text.LWP_CloseQueue
                0x00000000        0x0 /opt/devkitpro/devkitPPC/lib/gcc/powerpc-gekko/4.2.3/crtbegin.o
 .rela.text.LWP_InitQueue
                0x00000000        0x0 /opt/devkitpro/devkitPPC/lib/gcc/powerpc-gekko/4.2.3/crtbegin.o
 .rela.text.LWP_JoinThread
                0x00000000        0x0 /opt/devkitpro/devkitPPC/lib/gcc/powerpc-gekko/4.2.3/crtbegin.o
 .rela.text.LWP_ThreadIsSuspended
                0x00000000        0x0 /opt/devkitpro/devkitPPC/lib/gcc/powerpc-gekko/4.2.3/crtbegin.o
 .rela.text.LWP_SetThreadPriority
                0x00000000        0x0 /opt/devkitpro/devkitPPC/lib/gcc/powerpc-gekko/4.2.3/crtbegin.o
 .rela.text.LWP_ResumeThread
                0x00000000        0x0 /opt/devkitpro/devkitPPC/lib/gcc/powerpc-gekko/4.2.3/crtbegin.o
 .rela.text.LWP_SuspendThread
                0x00000000        0x0 /opt/devkitpro/devkitPPC/lib/gcc/powerpc-gekko/4.2.3/crtbegin.o
 .rela.text.LWP_CreateThread
                0x00000000        0x0 /opt/devkitpro/devkitPPC/lib/gcc/powerpc-gekko/4.2.3/crtbegin.o
 .rela.text.__lwp_stack_free
                0x00000000        0x0 /opt/devkitpro/devkitPPC/lib/gcc/powerpc-gekko/4.2.3/crtbegin.o
 .rela.text.__lwp_stack_allocate
                0x00000000        0x0 /opt/devkitpro/devkitPPC/lib/gcc/powerpc-gekko/4.2.3/crtbegin.o
 .rela.text.__lwp_watchdog_init
                0x00000000        0x0 /opt/devkitpro/devkitPPC/lib/gcc/powerpc-gekko/4.2.3/crtbegin.o
 .rela.text.__lwp_wd_tickle
                0x00000000        0x0 /opt/devkitpro/devkitPPC/lib/gcc/powerpc-gekko/4.2.3/crtbegin.o
 .rela.text.__lwp_wkspace_init
                0x00000000        0x0 /opt/devkitpro/devkitPPC/lib/gcc/powerpc-gekko/4.2.3/crtbegin.o
 .rela.text.__lwp_wkspace_heapused
                0x00000000        0x0 /opt/devkitpro/devkitPPC/lib/gcc/powerpc-gekko/4.2.3/crtbegin.o
 .rela.text.__lwp_wkspace_heapfree
                0x00000000        0x0 /opt/devkitpro/devkitPPC/lib/gcc/powerpc-gekko/4.2.3/crtbegin.o
 .rela.text.__lwp_objmgr_initinfo
                0x00000000        0x0 /opt/devkitpro/devkitPPC/lib/gcc/powerpc-gekko/4.2.3/crtbegin.o
 .rela.text.__irq_init
                0x00000000        0x0 /opt/devkitpro/devkitPPC/lib/gcc/powerpc-gekko/4.2.3/crtbegin.o
 .rela.text.__sram_sync
                0x00000000        0x0 /opt/devkitpro/devkitPPC/lib/gcc/powerpc-gekko/4.2.3/crtbegin.o
 .rela.text.__locksram
                0x00000000        0x0 /opt/devkitpro/devkitPPC/lib/gcc/powerpc-gekko/4.2.3/crtbegin.o
 .rela.text.__sys_alarmhandler
                0x00000000        0x0 /opt/devkitpro/devkitPPC/lib/gcc/powerpc-gekko/4.2.3/crtbegin.o
 .rela.text.__sram_init
                0x00000000        0x0 /opt/devkitpro/devkitPPC/lib/gcc/powerpc-gekko/4.2.3/crtbegin.o
 .rela.text.SYS_Init
                0x00000000        0x0 /opt/devkitpro/devkitPPC/lib/gcc/powerpc-gekko/4.2.3/crtbegin.o
 .rela.text.__unlocksram
                0x00000000        0x0 /opt/devkitpro/devkitPPC/lib/gcc/powerpc-gekko/4.2.3/crtbegin.o
 .rela.text.__sram_writecallback
                0x00000000        0x0 /opt/devkitpro/devkitPPC/lib/gcc/powerpc-gekko/4.2.3/crtbegin.o
 .rela.text.SYS_CancelAlarm
                0x00000000        0x0 /opt/devkitpro/devkitPPC/lib/gcc/powerpc-gekko/4.2.3/crtbegin.o
 .rela.text.SYS_RemoveAlarm
                0x00000000        0x0 /opt/devkitpro/devkitPPC/lib/gcc/powerpc-gekko/4.2.3/crtbegin.o
 .rela.text.SYS_SetPeriodicAlarm
                0x00000000        0x0 /opt/devkitpro/devkitPPC/lib/gcc/powerpc-gekko/4.2.3/crtbegin.o
 .rela.text.SYS_SetAlarm
                0x00000000        0x0 /opt/devkitpro/devkitPPC/lib/gcc/powerpc-gekko/4.2.3/crtbegin.o
 .rela.text.__lwp_cond_init
                0x00000000        0x0 /opt/devkitpro/devkitPPC/lib/gcc/powerpc-gekko/4.2.3/crtbegin.o
 .rela.text.LWP_CondDestroy
                0x00000000        0x0 /opt/devkitpro/devkitPPC/lib/gcc/powerpc-gekko/4.2.3/crtbegin.o
 .rela.text.LWP_CondInit
                0x00000000        0x0 /opt/devkitpro/devkitPPC/lib/gcc/powerpc-gekko/4.2.3/crtbegin.o
 .rela.text.__lwp_cond_signalsupp
                0x00000000        0x0 /opt/devkitpro/devkitPPC/lib/gcc/powerpc-gekko/4.2.3/crtbegin.o
 .rela.text.__lwp_cond_waitsupp
                0x00000000        0x0 /opt/devkitpro/devkitPPC/lib/gcc/powerpc-gekko/4.2.3/crtbegin.o
 .rela.text.GX_EndDispList
                0x00000000        0x0 /opt/devkitpro/devkitPPC/lib/gcc/powerpc-gekko/4.2.3/crtbegin.o
 .rela.text.GX_BeginDispList
                0x00000000        0x0 /opt/devkitpro/devkitPPC/lib/gcc/powerpc-gekko/4.2.3/crtbegin.o
 .rela.text.c_decrementer_handler
                0x00000000        0x0 /opt/devkitpro/devkitPPC/lib/gcc/powerpc-gekko/4.2.3/crtbegin.o
 .rela.text.__lwp_mqbox_init
                0x00000000        0x0 /opt/devkitpro/devkitPPC/lib/gcc/powerpc-gekko/4.2.3/crtbegin.o
 .rela.text.MQ_Close
                0x00000000        0x0 /opt/devkitpro/devkitPPC/lib/gcc/powerpc-gekko/4.2.3/crtbegin.o
 .rela.text.MQ_Init
                0x00000000        0x0 /opt/devkitpro/devkitPPC/lib/gcc/powerpc-gekko/4.2.3/crtbegin.o
 .rela.text.MQ_Jam
                0x00000000        0x0 /opt/devkitpro/devkitPPC/lib/gcc/powerpc-gekko/4.2.3/crtbegin.o
 .rela.text.MQ_Receive
                0x00000000        0x0 /opt/devkitpro/devkitPPC/lib/gcc/powerpc-gekko/4.2.3/crtbegin.o
 .rela.text.MQ_Send
                0x00000000        0x0 /opt/devkitpro/devkitPPC/lib/gcc/powerpc-gekko/4.2.3/crtbegin.o
 .rela.text.__ios_ioctlvformat_parse
                0x00000000        0x0 /opt/devkitpro/devkitPPC/lib/gcc/powerpc-gekko/4.2.3/crtbegin.o
 .rela.text.__ioctlvfmtCB
                0x00000000        0x0 /opt/devkitpro/devkitPPC/lib/gcc/powerpc-gekko/4.2.3/crtbegin.o
 .rela.text.IOS_IoctlvFormatAsync
                0x00000000        0x0 /opt/devkitpro/devkitPPC/lib/gcc/powerpc-gekko/4.2.3/crtbegin.o
 .rela.text.IOS_IoctlvFormat
                0x00000000        0x0 /opt/devkitpro/devkitPPC/lib/gcc/powerpc-gekko/4.2.3/crtbegin.o
 .rela.text.nanosleep
                0x00000000        0x0 /opt/devkitpro/devkitPPC/lib/gcc/powerpc-gekko/4.2.3/crtbegin.o
 .rela.text.__libc_init
                0x00000000        0x0 /opt/devkitpro/devkitPPC/lib/gcc/powerpc-gekko/4.2.3/crtbegin.o
 .rela.text.__libc_wrapup
                0x00000000        0x0 /opt/devkitpro/devkitPPC/lib/gcc/powerpc-gekko/4.2.3/crtbegin.o
 .rela.text.__libc_delete_hook
                0x00000000        0x0 /opt/devkitpro/devkitPPC/lib/gcc/powerpc-gekko/4.2.3/crtbegin.o
 .rela.text.__CheckARGV
                0x00000000        0x0 /opt/devkitpro/devkitPPC/lib/gcc/powerpc-gekko/4.2.3/crtbegin.o
 .rela.text.__lwp_priority_init
                0x00000000        0x0 /opt/devkitpro/devkitPPC/lib/gcc/powerpc-gekko/4.2.3/crtbegin.o
 .rela.text.__lwp_threadqueue_extractpriority
                0x00000000        0x0 /opt/devkitpro/devkitPPC/lib/gcc/powerpc-gekko/4.2.3/crtbegin.o
 .rela.text.__lwp_threadqueue_extractfifo
                0x00000000        0x0 /opt/devkitpro/devkitPPC/lib/gcc/powerpc-gekko/4.2.3/crtbegin.o
 .rela.text.__lwp_threadqueue_dequeuepriority
                0x00000000        0x0 /opt/devkitpro/devkitPPC/lib/gcc/powerpc-gekko/4.2.3/crtbegin.o
 .rela.text.__lwp_threadqueue_enqueuepriority
                0x00000000        0x0 /opt/devkitpro/devkitPPC/lib/gcc/powerpc-gekko/4.2.3/crtbegin.o
 .rela.text.__lwp_threadqueue_dequeuefifo
                0x00000000        0x0 /opt/devkitpro/devkitPPC/lib/gcc/powerpc-gekko/4.2.3/crtbegin.o
 .rela.text.__lwp_threadqueue_enqueuefifo
                0x00000000        0x0 /opt/devkitpro/devkitPPC/lib/gcc/powerpc-gekko/4.2.3/crtbegin.o
 .rela.text.__lwp_threadqueue_enqueue
                0x00000000        0x0 /opt/devkitpro/devkitPPC/lib/gcc/powerpc-gekko/4.2.3/crtbegin.o
 .rela.text.__lwpmq_close
                0x00000000        0x0 /opt/devkitpro/devkitPPC/lib/gcc/powerpc-gekko/4.2.3/crtbegin.o
 .rela.text.__lwpmq_initialize
                0x00000000        0x0 /opt/devkitpro/devkitPPC/lib/gcc/powerpc-gekko/4.2.3/crtbegin.o
 .rela.text.__exception_sethandler
                0x00000000        0x0 /opt/devkitpro/devkitPPC/lib/gcc/powerpc-gekko/4.2.3/crtbegin.o
 .rela.text.__exception_init
                0x00000000        0x0 /opt/devkitpro/devkitPPC/lib/gcc/powerpc-gekko/4.2.3/crtbegin.o
 .rela.text.__systemcall_init
                0x00000000        0x0 /opt/devkitpro/devkitPPC/lib/gcc/powerpc-gekko/4.2.3/crtbegin.o
 .rela.text.__lwp_sema_init
                0x00000000        0x0 /opt/devkitpro/devkitPPC/lib/gcc/powerpc-gekko/4.2.3/crtbegin.o
 .rela.text.LWP_SemInit
                0x00000000        0x0 /opt/devkitpro/devkitPPC/lib/gcc/powerpc-gekko/4.2.3/crtbegin.o
 .rela.text.LWP_SemDestroy
                0x00000000        0x0 /opt/devkitpro/devkitPPC/lib/gcc/powerpc-gekko/4.2.3/crtbegin.o
 .rela.text.LWP_SemPost
                0x00000000        0x0 /opt/devkitpro/devkitPPC/lib/gcc/powerpc-gekko/4.2.3/crtbegin.o
 .rela.text.LWP_SemWait
                0x00000000        0x0 /opt/devkitpro/devkitPPC/lib/gcc/powerpc-gekko/4.2.3/crtbegin.o
 .rela.text.__lwp_mutex_init
                0x00000000        0x0 /opt/devkitpro/devkitPPC/lib/gcc/powerpc-gekko/4.2.3/crtbegin.o
 .rela.text.LWP_MutexDestroy
                0x00000000        0x0 /opt/devkitpro/devkitPPC/lib/gcc/powerpc-gekko/4.2.3/crtbegin.o
 .rela.text.LWP_MutexUnlock
                0x00000000        0x0 /opt/devkitpro/devkitPPC/lib/gcc/powerpc-gekko/4.2.3/crtbegin.o
 .rela.text.__lwp_mutex_locksupp
                0x00000000        0x0 /opt/devkitpro/devkitPPC/lib/gcc/powerpc-gekko/4.2.3/crtbegin.o
 .rela.text.LWP_MutexInit
                0x00000000        0x0 /opt/devkitpro/devkitPPC/lib/gcc/powerpc-gekko/4.2.3/crtbegin.o
 .rela.text.kprintf
                0x00000000        0x0 /opt/devkitpro/devkitPPC/lib/gcc/powerpc-gekko/4.2.3/crtbegin.o
 .rela.text.__console_init_ex
                0x00000000        0x0 /opt/devkitpro/devkitPPC/lib/gcc/powerpc-gekko/4.2.3/crtbegin.o
 .rela.text.__console_init
                0x00000000        0x0 /opt/devkitpro/devkitPPC/lib/gcc/powerpc-gekko/4.2.3/crtbegin.o

.rel.fini
 *(.rel.fini)

.rela.fini
 *(.rela.fini)

.rel.rodata
 *(.rel.rodata .rel.rodata.* .rel.gnu.linkonce.r.*)

.rela.rodata
 *(.rela.rodata .rela.rodata.* .rela.gnu.linkonce.r.*)

.rel.data
 *(.rel.data .rel.data.* .rel.gnu.linkonce.d.*)

.rela.data
 *(.rela.data .rela.data.* .rela.gnu.linkonce.d.*)

.rel.tdata
 *(.rel.tdata .rel.tdata.* .rel.gnu.linkonce.td.*)

.rela.tdata
 *(.rela.tdata .rela.tdata.* .rela.gnu.linkonce.td.*)

.rel.tbss
 *(.rel.tbss .rel.tbss.* .rel.gnu.linkonce.tb.*)

.rela.tbss
 *(.rela.tbss .rela.tbss.* .rela.gnu.linkonce.tb.*)

.rel.ctors
 *(.rel.ctors)

.rela.ctors
 *(.rela.ctors)

.rel.dtors
 *(.rel.dtors)

.rela.dtors
 *(.rela.dtors)

.rel.got
 *(.rel.got)

.rela.got
 *(.rela.got)

.rela.got1
 *(.rela.got1)

.rela.got2      0x80004208        0x0
 *(.rela.got2)
 .rela.got2     0x00000000        0x0 /opt/devkitpro/devkitPPC/lib/gcc/powerpc-gekko/4.2.3/crtbegin.o

.rel.sdata
 *(.rel.sdata .rel.sdata.* .rel.gnu.linkonce.s.*)

.rela.sdata
 *(.rela.sdata .rela.sdata.* .rela.gnu.linkonce.s.*)

.rel.sbss
 *(.rel.sbss .rel.sbss.* .rel.gnu.linkonce.sb.*)

.rela.sbss
 *(.rela.sbss .rela.sbss.* .rel.gnu.linkonce.sb.*)

.rel.sdata2
 *(.rel.sdata2 .rel.sdata2.* .rel.gnu.linkonce.s2.*)

.rela.sdata2    0x80004208        0x0
 *(.rela.sdata2 .rela.sdata2.* .rela.gnu.linkonce.s2.*)
 .rela.sdata2.__sys_inIPL
                0x00000000        0x0 /opt/devkitpro/devkitPPC/lib/gcc/powerpc-gekko/4.2.3/crtbegin.o
 .rela.sdata2._gx
                0x00000000        0x0 /opt/devkitpro/devkitPPC/lib/gcc/powerpc-gekko/4.2.3/crtbegin.o

.rel.sbss2
 *(.rel.sbss2 .rel.sbss2.* .rel.gnu.linkonce.sb2.*)

.rela.sbss2
 *(.rela.sbss2 .rela.sbss2.* .rela.gnu.linkonce.sb2.*)

.rel.bss
 *(.rel.bss .rel.bss.* .rel.gnu.linkonce.b.*)

.rela.bss
 *(.rela.bss .rela.bss.* .rela.gnu.linkonce.b.*)

.rel.plt
 *(.rel.plt)

.rela.plt
 *(.rela.plt)

.text           0x80004220    0x32fc0
 *(.text)
 .text          0x80004220      0x140 /opt/devkitpro/devkitPPC/lib/gcc/powerpc-gekko/4.2.3/crtbegin.o
 .text          0x80004360       0x48 /opt/devkitpro/devkitPPC/lib/gcc/powerpc-gekko/4.2.3/../../../../powerpc-gekko/lib/crtmain.o
                0x80004364                __crtmain
 *fill*         0x800043a8       0x18 00000000
 .text          0x800043c0      0x4e8 /opt/devkitpro/libogc/lib/wii/libogc.a(lwp_handler.o)
                0x80004500                _cpu_context_restore_fp
                0x800047c0                _cpu_context_save
                0x800043c0                _cpu_context_save_fp
                0x80004640                _cpu_context_switch
                0x80004840                _cpu_context_restore
 .text          0x800048a8      0x4d8 /opt/devkitpro/libogc/lib/wii/libogc.a(cache_asm.o)
                0x80004b84                L2Disable
                0x8000490c                DCBlockZero
                0x800049c4                DCFlushRangeNoSync
                0x80004b18                ICBlockInvalidate
                0x800048a8                DCFlashInvalidate
                0x80004914                DCBlockStore
                0x80004a24                DCZeroRange
                0x80004d38                LCLoadBlocks
                0x80004904                DCTouchLoad
                0x80004cf8                LCAllocTags
                0x80004ae0                ICDisable
                0x80004acc                ICEnable
                0x80004b9c                L2GlobalInvalidate
                0x80004d5c                LCStoreBlocks
                0x80004abc                ICFlashInvalidate
                0x80004a54                DCTouchRange
                0x800049f4                DCStoreRangeNoSync
                0x80004af4                ICFreeze
                0x800048cc                DCDisable
                0x8000491c                DCBlockFlush
                0x800048b8                DCEnable
                0x80004b70                L2Enable
                0x80004bf4                __LCEnable
                0x8000492c                DCInvalidateRange
                0x80004ce4                LCAllocOneTag
                0x800048f4                DCUnfreeze
                0x80004a84                ICInvalidateRange
                0x8000495c                DCFlushRange
                0x80004b20                ICSync
                0x80004924                DCBlockInvalidate
                0x800048e0                DCFreeze
                0x80004b28                L2Init
                0x80004b08                ICUnfreeze
                0x80004990                DCStoreRange
                0x80004cbc                LCDisable
 .text          0x80004d80      0x5c4 /opt/devkitpro/libogc/lib/wii/libogc.a(system_asm.o)
                0x80004e18                __configMEM1_48Mb
                0x800052a4                __reset
                0x80004d80                __realmode
                0x80005188                __CacheInit
                0x80004f78                __configMEM2_64Mb
                0x800051ec                __SystemInit
                0x800050d4                __configMEM2_128Mb
                0x80004d98                __configMEM1_24Mb
                0x80005150                __PSInit
                0x80004e98                __configMEM2_56Mb
                0x80004ff4                __configMEM2_112Mb
                0x80005270                __flush_cache
                0x80005314                SYS_SwitchFiber
 .text          0x80005344      0x92c /opt/devkitpro/libogc/lib/wii/libogc.a(gu_psasm.o)
                0x80005344                ps_guMtxConcat
                0x80005c14                ps_guQuatNormalize
                0x80005908                ps_guMtxReflect
                0x800059e4                ps_guVecNormalize
                0x80005a6c                ps_guVecDotProduct
                0x80005834                __ps_guMtxRotAxisRadInternal
                0x800055c8                ps_guMtxInvXpos
                0x80005a8c                ps_guVecMultiply
                0x80005bf4                ps_guQuatDotProduct
                0x80005a30                ps_guVecCross
                0x80005b58                ps_guQuatSub
                0x80005b34                ps_guQuatAdd
                0x80005ae0                ps_guVecMultiplySR
                0x80005410                ps_guMtxIdentity
                0x80005784                ps_guMtxRotTrig
                0x80005980                ps_guVecAdd
                0x800059c8                ps_guVecScale
                0x80005690                ps_guMtxScale
                0x80005444                ps_guMtxCopy
                0x800056c0                ps_guMtxScaleApply
                0x80005b7c                ps_guQuatMultiply
                0x80005478                ps_guMtxTranspose
                0x800054d0                ps_guMtxInverse
                0x8000570c                ps_guMtxTrans
                0x80005744                ps_guMtxTransApply
                0x800059a4                ps_guVecSub
 .text          0x80005c70      0x1b0 /opt/devkitpro/libogc/lib/wii/libogc.a(irq_handler.o)
                0x80005c70                irq_exceptionhandler
 .text          0x80005e20      0x118 /opt/devkitpro/libogc/lib/wii/libogc.a(video_asm.o)
                0x80005e20                __VIClearFramebuffer
 .text          0x80005f38      0x1b0 /opt/devkitpro/libogc/lib/wii/libogc.a(decrementer_handler.o)
                0x80005f38                dec_exceptionhandler
 .text          0x800060e8      0x34c /opt/devkitpro/libogc/lib/wii/libogc.a(exception_handler.o)
                0x800060e8                exceptionhandler_start
                0x8000619c                default_exceptionhandler
                0x80006430                systemcallhandler_end
                0x80006414                systemcallhandler_start
                0x80006198                exceptionhandler_end
                0x80006164                exceptionhandler_patch
                0x800062dc                fpu_exceptionhandler
 .text          0x80006434       0x34 /opt/devkitpro/devkitPPC/lib/gcc/powerpc-gekko/4.2.3/../../../../powerpc-gekko/lib/libm.a(lib_a-s_atan2.o)
                0x80006434                atan2
 .text          0x80006468      0x284 /opt/devkitpro/devkitPPC/lib/gcc/powerpc-gekko/4.2.3/../../../../powerpc-gekko/lib/libm.a(lib_a-s_atangent.o)
                0x80006468                atangent
 .text          0x800066ec       0x24 /opt/devkitpro/devkitPPC/lib/gcc/powerpc-gekko/4.2.3/../../../../powerpc-gekko/lib/libm.a(lib_a-s_cos.o)
                0x800066ec                cos
 .text          0x80006710       0xb4 /opt/devkitpro/devkitPPC/lib/gcc/powerpc-gekko/4.2.3/../../../../powerpc-gekko/lib/libm.a(lib_a-s_fabs.o)
                0x80006710                fabs
 .text          0x800067c4       0xb4 /opt/devkitpro/devkitPPC/lib/gcc/powerpc-gekko/4.2.3/../../../../powerpc-gekko/lib/libm.a(lib_a-s_frexp.o)
                0x800067c4                frexp
 .text          0x80006878       0x50 /opt/devkitpro/devkitPPC/lib/gcc/powerpc-gekko/4.2.3/../../../../powerpc-gekko/lib/libm.a(lib_a-s_numtest.o)
                0x80006878                numtest
 .text          0x800068c8       0x24 /opt/devkitpro/devkitPPC/lib/gcc/powerpc-gekko/4.2.3/../../../../powerpc-gekko/lib/libm.a(lib_a-s_sin.o)
                0x800068c8                sin
 .text          0x800068ec      0x2c4 /opt/devkitpro/devkitPPC/lib/gcc/powerpc-gekko/4.2.3/../../../../powerpc-gekko/lib/libm.a(lib_a-s_sine.o)
                0x800068ec                sine
 .text          0x80006bb0      0x184 /opt/devkitpro/devkitPPC/lib/gcc/powerpc-gekko/4.2.3/../../../../powerpc-gekko/lib/libm.a(lib_a-s_sqrt.o)
                0x80006bb0                sqrt
 .text          0x80006d34       0xc8 /opt/devkitpro/devkitPPC/lib/gcc/powerpc-gekko/4.2.3/../../../../powerpc-gekko/lib/libm.a(lib_a-sf_atan.o)
                0x80006d34                atanf
 .text          0x80006dfc       0x38 /opt/devkitpro/devkitPPC/lib/gcc/powerpc-gekko/4.2.3/../../../../powerpc-gekko/lib/libm.a(lib_a-sf_atan2.o)
                0x80006dfc                atan2f
 .text          0x80006e34      0x250 /opt/devkitpro/devkitPPC/lib/gcc/powerpc-gekko/4.2.3/../../../../powerpc-gekko/lib/libm.a(lib_a-sf_atangent.o)
                0x80006e34                atangentf
 .text          0x80007084       0x24 /opt/devkitpro/devkitPPC/lib/gcc/powerpc-gekko/4.2.3/../../../../powerpc-gekko/lib/libm.a(lib_a-sf_cos.o)
                0x80007084                cosf
 .text          0x800070a8       0xb4 /opt/devkitpro/devkitPPC/lib/gcc/powerpc-gekko/4.2.3/../../../../powerpc-gekko/lib/libm.a(lib_a-sf_fabs.o)
                0x800070a8                fabsf
 .text          0x8000715c       0x90 /opt/devkitpro/devkitPPC/lib/gcc/powerpc-gekko/4.2.3/../../../../powerpc-gekko/lib/libm.a(lib_a-sf_frexp.o)
                0x8000715c                frexpf
 .text          0x800071ec       0x24 /opt/devkitpro/devkitPPC/lib/gcc/powerpc-gekko/4.2.3/../../../../powerpc-gekko/lib/libm.a(lib_a-sf_isinff.o)
                0x800071ec                __isinff
 .text          0x80007210       0x28 /opt/devkitpro/devkitPPC/lib/gcc/powerpc-gekko/4.2.3/../../../../powerpc-gekko/lib/libm.a(lib_a-sf_isnanf.o)
                0x80007210                __isnanf
 .text          0x80007238       0x48 /opt/devkitpro/devkitPPC/lib/gcc/powerpc-gekko/4.2.3/../../../../powerpc-gekko/lib/libm.a(lib_a-sf_numtest.o)
                0x80007238                numtestf
 .text          0x80007280       0x24 /opt/devkitpro/devkitPPC/lib/gcc/powerpc-gekko/4.2.3/../../../../powerpc-gekko/lib/libm.a(lib_a-sf_sin.o)
                0x80007280                sinf
 .text          0x800072a4      0x2b8 /opt/devkitpro/devkitPPC/lib/gcc/powerpc-gekko/4.2.3/../../../../powerpc-gekko/lib/libm.a(lib_a-sf_sine.o)
                0x800072a4                sinef
 .text          0x8000755c      0x190 /opt/devkitpro/devkitPPC/lib/gcc/powerpc-gekko/4.2.3/../../../../powerpc-gekko/lib/libm.a(lib_a-sf_sqrt.o)
                0x8000755c                sqrtf
 .text          0x800076ec      0x204 /opt/devkitpro/devkitPPC/lib/gcc/powerpc-gekko/4.2.3/../../../../powerpc-gekko/lib/libm.a(lib_a-sf_tan.o)
                0x800076ec                tanf
 .text          0x800078f0       0x1c /opt/devkitpro/devkitPPC/lib/gcc/powerpc-gekko/4.2.3/../../../../powerpc-gekko/lib/libm.a(lib_a-s_ispos.o)
                0x800078f0                ispos
 .text          0x8000790c      0x154 /opt/devkitpro/devkitPPC/lib/gcc/powerpc-gekko/4.2.3/../../../../powerpc-gekko/lib/libm.a(lib_a-s_ldexp.o)
                0x8000790c                ldexp
 .text          0x80007a60       0x1c /opt/devkitpro/devkitPPC/lib/gcc/powerpc-gekko/4.2.3/../../../../powerpc-gekko/lib/libm.a(lib_a-sf_ispos.o)
                0x80007a60                isposf
 .text          0x80007a7c      0x14c /opt/devkitpro/devkitPPC/lib/gcc/powerpc-gekko/4.2.3/../../../../powerpc-gekko/lib/libm.a(lib_a-sf_ldexp.o)
                0x80007a7c                ldexpf
 .text          0x80007bc8      0x430 /opt/devkitpro/devkitPPC/lib/gcc/powerpc-gekko/4.2.3/libgcc.a(_udivdi3.o)
                0x80007bc8                __udivdi3
 .text          0x80007ff8       0x28 /opt/devkitpro/devkitPPC/lib/gcc/powerpc-gekko/4.2.3/../../../../powerpc-gekko/lib/libsysbase.a(abort.o)
                0x80007ff8                abort
 .text          0x80008020       0x28 /opt/devkitpro/devkitPPC/lib/gcc/powerpc-gekko/4.2.3/../../../../powerpc-gekko/lib/libsysbase.a(_exit.o)
                0x80008020                _exit
 .text          0x80008048       0x9c /opt/devkitpro/devkitPPC/lib/gcc/powerpc-gekko/4.2.3/../../../../powerpc-gekko/lib/libsysbase.a(build_argv.o)
                0x80008048                build_argv
 .text          0x800080e4      0x168 /opt/devkitpro/devkitPPC/lib/gcc/powerpc-gekko/4.2.3/../../../../powerpc-gekko/lib/libsysbase.a(syscall_support.o)
                0x80008218                __malloc_unlock
                0x80008164                __libc_lock_release
                0x800080e4                __libc_lock_init
                0x800081e4                __malloc_lock
                0x80008124                __libc_lock_close
                0x800081a4                __libc_lock_acquire
 .text          0x8000824c       0x34 /opt/devkitpro/devkitPPC/lib/gcc/powerpc-gekko/4.2.3/../../../../powerpc-gekko/lib/libc.a(lib_a-calloc.o)
                0x8000824c                calloc
 .text          0x80008280       0xd0 /opt/devkitpro/devkitPPC/lib/gcc/powerpc-gekko/4.2.3/../../../../powerpc-gekko/lib/libc.a(lib_a-callocr.o)
                0x80008280                _calloc_r
 .text          0x80008350        0xc /opt/devkitpro/devkitPPC/lib/gcc/powerpc-gekko/4.2.3/../../../../powerpc-gekko/lib/libc.a(lib_a-errno.o)
                0x80008350                __errno
 .text          0x8000835c       0x40 /opt/devkitpro/devkitPPC/lib/gcc/powerpc-gekko/4.2.3/../../../../powerpc-gekko/lib/libc.a(lib_a-exit.o)
                0x8000835c                exit
 .text          0x8000839c      0x110 /opt/devkitpro/devkitPPC/lib/gcc/powerpc-gekko/4.2.3/../../../../powerpc-gekko/lib/libc.a(lib_a-fprintf.o)
                0x8000839c                fprintf
                0x80008430                _fprintf_r
 .text          0x800084ac      0x17c /opt/devkitpro/devkitPPC/lib/gcc/powerpc-gekko/4.2.3/../../../../powerpc-gekko/lib/libc.a(lib_a-fwrite.o)
                0x800084ac                _fwrite_r
                0x80008600                fwrite
 .text          0x80008628       0x34 /opt/devkitpro/devkitPPC/lib/gcc/powerpc-gekko/4.2.3/../../../../powerpc-gekko/lib/libc.a(lib_a-malign.o)
                0x80008628                memalign
 .text          0x8000865c      0x1b0 /opt/devkitpro/devkitPPC/lib/gcc/powerpc-gekko/4.2.3/../../../../powerpc-gekko/lib/libc.a(lib_a-malignr.o)
                0x8000865c                _memalign_r
 .text          0x8000880c       0x58 /opt/devkitpro/devkitPPC/lib/gcc/powerpc-gekko/4.2.3/../../../../powerpc-gekko/lib/libc.a(lib_a-malloc.o)
                0x80008838                malloc
                0x8000880c                free
 .text          0x80008864      0x86c /opt/devkitpro/devkitPPC/lib/gcc/powerpc-gekko/4.2.3/../../../../powerpc-gekko/lib/libc.a(lib_a-mallocr.o)
                0x80008864                _malloc_r
 .text          0x800090d0       0x8c /opt/devkitpro/devkitPPC/lib/gcc/powerpc-gekko/4.2.3/../../../../powerpc-gekko/lib/libc.a(lib_a-memcmp.o)
                0x800090d0                memcmp
 .text          0x8000915c       0xc8 /opt/devkitpro/devkitPPC/lib/gcc/powerpc-gekko/4.2.3/../../../../powerpc-gekko/lib/libc.a(lib_a-memcpy.o)
                0x8000915c                memcpy
 .text          0x80009224      0x104 /opt/devkitpro/devkitPPC/lib/gcc/powerpc-gekko/4.2.3/../../../../powerpc-gekko/lib/libc.a(lib_a-memmove.o)
                0x80009224                memmove
 .text          0x80009328       0xac /opt/devkitpro/devkitPPC/lib/gcc/powerpc-gekko/4.2.3/../../../../powerpc-gekko/lib/libc.a(lib_a-memset.o)
                0x80009328                memset
 .text          0x800093d4      0x124 /opt/devkitpro/devkitPPC/lib/gcc/powerpc-gekko/4.2.3/../../../../powerpc-gekko/lib/libc.a(lib_a-printf.o)
                0x800093d4                printf
                0x8000946c                _printf_r
 .text          0x800094f8       0xa8 /opt/devkitpro/devkitPPC/lib/gcc/powerpc-gekko/4.2.3/../../../../powerpc-gekko/lib/libc.a(lib_a-puts.o)
                0x800094f8                _puts_r
                0x80009590                puts
 .text          0x800095a0       0x6c /opt/devkitpro/devkitPPC/lib/gcc/powerpc-gekko/4.2.3/../../../../powerpc-gekko/lib/libc.a(lib_a-rand.o)
                0x800095b8                rand
                0x800095a0                srand
 .text          0x8000960c      0x248 /opt/devkitpro/devkitPPC/lib/gcc/powerpc-gekko/4.2.3/../../../../powerpc-gekko/lib/libc.a(lib_a-reent.o)
                0x800096cc                cleanup_glue
                0x8000971c                _reclaim_reent
                0x8000960c                _wrapup_reent
 .text          0x80009854      0x2cc /opt/devkitpro/devkitPPC/lib/gcc/powerpc-gekko/4.2.3/../../../../powerpc-gekko/lib/libc.a(lib_a-setvbuf.o)
                0x80009854                setvbuf
 .text          0x80009b20      0x230 /opt/devkitpro/devkitPPC/lib/gcc/powerpc-gekko/4.2.3/../../../../powerpc-gekko/lib/libc.a(lib_a-snprintf.o)
                0x80009b20                snprintf
                0x80009c38                _snprintf_r
 .text          0x80009d50       0xc0 /opt/devkitpro/devkitPPC/lib/gcc/powerpc-gekko/4.2.3/../../../../powerpc-gekko/lib/libc.a(lib_a-strcmp.o)
                0x80009d50                strcmp
 .text          0x80009e10       0x64 /opt/devkitpro/devkitPPC/lib/gcc/powerpc-gekko/4.2.3/../../../../powerpc-gekko/lib/libc.a(lib_a-strlen.o)
                0x80009e10                strlen
 .text          0x80009e74       0x44 /opt/devkitpro/devkitPPC/lib/gcc/powerpc-gekko/4.2.3/../../../../powerpc-gekko/lib/libc.a(lib_a-strnlen.o)
                0x80009e74                strnlen
 .text          0x80009eb8       0x3c /opt/devkitpro/devkitPPC/lib/gcc/powerpc-gekko/4.2.3/../../../../powerpc-gekko/lib/libc.a(lib_a-syswrite.o)
                0x80009eb8                write
 .text          0x80009ef4     0x2344 /opt/devkitpro/devkitPPC/lib/gcc/powerpc-gekko/4.2.3/../../../../powerpc-gekko/lib/libc.a(lib_a-vfprintf.o)
                0x80009f54                _vfprintf_r
                0x8000c218                vfprintf
 .text          0x8000c238       0xa4 /opt/devkitpro/devkitPPC/lib/gcc/powerpc-gekko/4.2.3/../../../../powerpc-gekko/lib/libc.a(lib_a-wcrtomb.o)
                0x8000c238                _wcrtomb_r
                0x8000c2bc                wcrtomb
 .text          0x8000c2dc      0x1d8 /opt/devkitpro/devkitPPC/lib/gcc/powerpc-gekko/4.2.3/../../../../powerpc-gekko/lib/libc.a(lib_a-wcsrtombs.o)
                0x8000c2dc                _wcsrtombs_r
                0x8000c48c                wcsrtombs
 .text          0x8000c4b4      0x464 /opt/devkitpro/devkitPPC/lib/gcc/powerpc-gekko/4.2.3/../../../../powerpc-gekko/lib/libc.a(lib_a-wctomb_r.o)
                0x8000c4b4                _wctomb_r
 .text          0x8000c918      0x178 /opt/devkitpro/devkitPPC/lib/gcc/powerpc-gekko/4.2.3/../../../../powerpc-gekko/lib/libc.a(lib_a-wsetup.o)
                0x8000c918                __swsetup_r
 .text          0x8000ca90      0x1ac /opt/devkitpro/devkitPPC/lib/gcc/powerpc-gekko/4.2.3/../../../../powerpc-gekko/lib/libc.a(lib_a-__call_atexit.o)
                0x8000ca90                __call_exitprocs
 .text          0x8000cc3c     0x1390 /opt/devkitpro/devkitPPC/lib/gcc/powerpc-gekko/4.2.3/../../../../powerpc-gekko/lib/libc.a(lib_a-dtoa.o)
                0x8000ce78                _dtoa_r
 .text          0x8000dfcc      0x310 /opt/devkitpro/devkitPPC/lib/gcc/powerpc-gekko/4.2.3/../../../../powerpc-gekko/lib/libc.a(lib_a-fflush.o)
                0x8000e28c                fflush
                0x8000dfcc                _fflush_r
 .text          0x8000e2dc      0x4ac /opt/devkitpro/devkitPPC/lib/gcc/powerpc-gekko/4.2.3/../../../../powerpc-gekko/lib/libc.a(lib_a-findfp.o)
                0x8000e4c8                __sinit
                0x8000e5e8                __sfmoreglue
                0x8000e304                _cleanup
                0x8000e2dc                _cleanup_r
                0x8000e5b4                __fp_lock_all
                0x8000e564                __sfp_lock_acquire
                0x8000e660                __sfp
                0x8000e370                __sinit_lock_release
                0x8000e3c4                __fp_unlock_all
                0x8000e398                __sfp_lock_release
                0x8000e47c                __sinit_lock_acquire
 .text          0x8000e788      0x3f8 /opt/devkitpro/devkitPPC/lib/gcc/powerpc-gekko/4.2.3/../../../../powerpc-gekko/lib/libc.a(lib_a-freer.o)
                0x8000e8a4                _free_r
                0x8000e788                _malloc_trim_r
 .text          0x8000eb80      0x528 /opt/devkitpro/devkitPPC/lib/gcc/powerpc-gekko/4.2.3/../../../../powerpc-gekko/lib/libc.a(lib_a-fvwrite.o)
                0x8000eb80                __sfvwrite_r
 .text          0x8000f0a8      0x20c /opt/devkitpro/devkitPPC/lib/gcc/powerpc-gekko/4.2.3/../../../../powerpc-gekko/lib/libc.a(lib_a-fwalk.o)
                0x8000f1b4                _fwalk
                0x8000f0a8                _fwalk_reent
 .text          0x8000f2b4      0x4c4 /opt/devkitpro/devkitPPC/lib/gcc/powerpc-gekko/4.2.3/../../../../powerpc-gekko/lib/libc.a(lib_a-locale.o)
                0x8000f2d8                _setlocale_r
                0x8000f2b4                __locale_charset
                0x8000f2c0                _localeconv_r
                0x8000f760                setlocale
                0x8000f2cc                localeconv
 .text          0x8000f778      0x1bc /opt/devkitpro/devkitPPC/lib/gcc/powerpc-gekko/4.2.3/../../../../powerpc-gekko/lib/libc.a(lib_a-makebuf.o)
                0x8000f778                __smakebuf_r
 .text          0x8000f934      0x9a8 /opt/devkitpro/devkitPPC/lib/gcc/powerpc-gekko/4.2.3/../../../../powerpc-gekko/lib/libc.a(lib_a-mbtowc_r.o)
                0x8000f934                _mbtowc_r
 .text          0x800102dc      0x100 /opt/devkitpro/devkitPPC/lib/gcc/powerpc-gekko/4.2.3/../../../../powerpc-gekko/lib/libc.a(lib_a-memchr.o)
                0x800102dc                memchr
 .text          0x800103dc     0x1114 /opt/devkitpro/devkitPPC/lib/gcc/powerpc-gekko/4.2.3/../../../../powerpc-gekko/lib/libc.a(lib_a-mprec.o)
                0x80010844                _mprec_log10
                0x800108e8                __any_on
                0x80010988                _Balloc
                0x80010780                __ratio
                0x80011148                __i2b
                0x80010630                __b2d
                0x800113c8                __s2b
                0x80010530                __mcmp
                0x80010400                __hi0bits
                0x8001129c                __pow5mult
                0x80010dac                __lshift
                0x80010f14                __multiply
                0x80010a58                __d2b
                0x80010880                __copybits
                0x80010590                __ulp
                0x80010c00                __mdiff
                0x8001046c                __lo0bits
                0x80011184                __multadd
                0x800103dc                _Bfree
 .text          0x800114f0      0x5b0 /opt/devkitpro/devkitPPC/lib/gcc/powerpc-gekko/4.2.3/../../../../powerpc-gekko/lib/libc.a(lib_a-reallocr.o)
                0x800114f0                _realloc_r
 .text          0x80011aa0       0x44 /opt/devkitpro/devkitPPC/lib/gcc/powerpc-gekko/4.2.3/../../../../powerpc-gekko/lib/libc.a(lib_a-s_isinfd.o)
                0x80011aa0                __isinfd
 .text          0x80011ae4       0x38 /opt/devkitpro/devkitPPC/lib/gcc/powerpc-gekko/4.2.3/../../../../powerpc-gekko/lib/libc.a(lib_a-s_isnand.o)
                0x80011ae4                __isnand
 .text          0x80011b1c      0x178 /opt/devkitpro/devkitPPC/lib/gcc/powerpc-gekko/4.2.3/../../../../powerpc-gekko/lib/libc.a(lib_a-stdio.o)
                0x80011b40                __sseek
                0x80011c30                __sread
                0x80011b1c                __sclose
                0x80011ba8                __swrite
 .text          0x80011c94       0x74 /opt/devkitpro/devkitPPC/lib/gcc/powerpc-gekko/4.2.3/../../../../powerpc-gekko/lib/libc.a(lib_a-strcpy.o)
                0x80011c94                strcpy
 .text          0x80011d08      0x188 /opt/devkitpro/devkitPPC/lib/gcc/powerpc-gekko/4.2.3/../../../../powerpc-gekko/lib/libc.a(lib_a-fclose.o)
                0x80011d08                _fclose_r
                0x80011e80                fclose
 .text          0x80011e90       0xa0 /opt/devkitpro/devkitPPC/lib/gcc/powerpc-gekko/4.2.3/../../../../powerpc-gekko/lib/libsysbase.a(close.o)
                0x80011e90                _close_r
 .text          0x80011f30       0xc8 /opt/devkitpro/devkitPPC/lib/gcc/powerpc-gekko/4.2.3/../../../../powerpc-gekko/lib/libsysbase.a(fstat.o)
                0x80011f30                _fstat_r
 .text          0x80011ff8        0x8 /opt/devkitpro/devkitPPC/lib/gcc/powerpc-gekko/4.2.3/../../../../powerpc-gekko/lib/libsysbase.a(isatty.o)
                0x80011ff8                isatty
 .text          0x80012000       0xd0 /opt/devkitpro/devkitPPC/lib/gcc/powerpc-gekko/4.2.3/../../../../powerpc-gekko/lib/libsysbase.a(lseek.o)
                0x80012000                _lseek_r
 .text          0x800120d0       0xcc /opt/devkitpro/devkitPPC/lib/gcc/powerpc-gekko/4.2.3/../../../../powerpc-gekko/lib/libsysbase.a(read.o)
                0x800120d0                _read_r
 .text          0x8001219c       0x50 /opt/devkitpro/devkitPPC/lib/gcc/powerpc-gekko/4.2.3/../../../../powerpc-gekko/lib/libsysbase.a(sbrk.o)
                0x8001219c                _sbrk_r
 .text          0x800121ec       0xcc /opt/devkitpro/devkitPPC/lib/gcc/powerpc-gekko/4.2.3/../../../../powerpc-gekko/lib/libsysbase.a(write.o)
                0x800121ec                _write_r
 .text          0x800122b8       0x6c /opt/devkitpro/devkitPPC/lib/gcc/powerpc-gekko/4.2.3/../../../../powerpc-gekko/lib/libsysbase.a(flock.o)
                0x800122dc                __flockfile
                0x800122b8                __funlockfile
 .text          0x80012324      0x120 /opt/devkitpro/devkitPPC/lib/gcc/powerpc-gekko/4.2.3/../../../../powerpc-gekko/lib/libsysbase.a(handle_manager.o)
                0x800123e8                __release_handle
                0x80012350                __alloc_handle
                0x80012324                __get_handle
 .text          0x80012444      0x450 /opt/devkitpro/devkitPPC/lib/gcc/powerpc-gekko/4.2.3/libgcc.a(_umoddi3.o)
                0x80012444                __umoddi3
 .text          0x80012894       0x6c /opt/devkitpro/devkitPPC/lib/gcc/powerpc-gekko/4.2.3/crtend.o
 *(.text.*)
 .text.GRRLIB_FillScreen
                0x80012900       0x2c GRRLIB.o
                0x80012900                GRRLIB_FillScreen
 .text.draw_vert
                0x8001292c       0x58 GRRLIB.o
 .text.GRRLIB_Render
                0x80012984      0x4d0 GRRLIB.o
                0x80012984                GRRLIB_Render
 .text.GRRLIB_Start
                0x80012e54      0x2ac GRRLIB.o
                0x80012e54                GRRLIB_Start
 .text.GRRLIB_InitVideo
                0x80013100      0x148 GRRLIB.o
                0x80013100                GRRLIB_InitVideo
 .text.main     0x80013248       0x80 main.o
                0x80013248                main
 .text.__wpad_disconnect
                0x800132c8       0x58 /opt/devkitpro/libogc/lib/wii/libwiiuse.a(wpad.o)
 .text.WPAD_Shutdown
                0x80013320       0xe0 /opt/devkitpro/libogc/lib/wii/libwiiuse.a(wpad.o)
                0x80013320                WPAD_Shutdown
 .text.__wpad_onreset
                0x80013400       0x2c /opt/devkitpro/libogc/lib/wii/libwiiuse.a(wpad.o)
 .text.__wpad_timeouthandler
                0x8001342c       0xb8 /opt/devkitpro/libogc/lib/wii/libwiiuse.a(wpad.o)
 .text.WPAD_SetVRes
                0x800134e4       0xdc /opt/devkitpro/libogc/lib/wii/libwiiuse.a(wpad.o)
                0x800134e4                WPAD_SetVRes
 .text.__wpad_setfmt
                0x800135c0      0x110 /opt/devkitpro/libogc/lib/wii/libwiiuse.a(wpad.o)
 .text.WPAD_SetDataFormat
                0x800136d0       0xf4 /opt/devkitpro/libogc/lib/wii/libwiiuse.a(wpad.o)
                0x800136d0                WPAD_SetDataFormat
 .text.WPAD_ReadEvent
                0x800137c4      0x538 /opt/devkitpro/libogc/lib/wii/libwiiuse.a(wpad.o)
                0x800137c4                WPAD_ReadEvent
 .text.WPAD_ReadPending
                0x80013cfc      0x174 /opt/devkitpro/libogc/lib/wii/libwiiuse.a(wpad.o)
                0x80013cfc                WPAD_ReadPending
 .text.WPAD_ScanPads
                0x80013e70        0xc /opt/devkitpro/libogc/lib/wii/libwiiuse.a(wpad.o)
                0x80013e70                WPAD_ScanPads
 .text.WPAD_Init
                0x80013e7c      0x1c0 /opt/devkitpro/libogc/lib/wii/libwiiuse.a(wpad.o)
                0x80013e7c                WPAD_Init
 .text.__initcore_finished
                0x8001403c       0x40 /opt/devkitpro/libogc/lib/wii/libwiiuse.a(wpad.o)
 .text.__readlinkkey_finished
                0x8001407c       0x38 /opt/devkitpro/libogc/lib/wii/libwiiuse.a(wpad.o)
 .text.__wpad_patch_finished
                0x800140b4       0x2c /opt/devkitpro/libogc/lib/wii/libwiiuse.a(wpad.o)
 .text.__wpad_init_finished
                0x800140e0      0x104 /opt/devkitpro/libogc/lib/wii/libwiiuse.a(wpad.o)
 .text.__wpad_eventCB
                0x800141e4      0x8d0 /opt/devkitpro/libogc/lib/wii/libwiiuse.a(wpad.o)
 .text.calculate_gforce
                0x80014ab4       0xfc /opt/devkitpro/libogc/lib/wii/libwiiuse.a(dynamics.o)
                0x80014ab4                calculate_gforce
 .text.apply_smoothing
                0x80014bb0      0x184 /opt/devkitpro/libogc/lib/wii/libwiiuse.a(dynamics.o)
                0x80014bb0                apply_smoothing
 .text.calc_joystick_state
                0x80014d34      0x274 /opt/devkitpro/libogc/lib/wii/libwiiuse.a(dynamics.o)
                0x80014d34                calc_joystick_state
 .text.calculate_orientation
                0x80014fa8      0x298 /opt/devkitpro/libogc/lib/wii/libwiiuse.a(dynamics.o)
                0x80014fa8                calculate_orientation
 .text.wiiuse_io_write
                0x80015240       0x44 /opt/devkitpro/libogc/lib/wii/libwiiuse.a(io_wii.o)
                0x80015240                wiiuse_io_write
 .text.__wiiuse_disconnected
                0x80015284       0x98 /opt/devkitpro/libogc/lib/wii/libwiiuse.a(io_wii.o)
 .text.__wiiuse_sent
                0x8001531c       0xb8 /opt/devkitpro/libogc/lib/wii/libwiiuse.a(io_wii.o)
 .text.wiiuse_init_cmd_queue
                0x800153d4       0x4c /opt/devkitpro/libogc/lib/wii/libwiiuse.a(io_wii.o)
                0x800153d4                wiiuse_init_cmd_queue
 .text.wiiuse_disconnect
                0x80015420       0x40 /opt/devkitpro/libogc/lib/wii/libwiiuse.a(io_wii.o)
                0x80015420                wiiuse_disconnect
 .text.wiiuse_register
                0x80015460       0xd0 /opt/devkitpro/libogc/lib/wii/libwiiuse.a(io_wii.o)
                0x80015460                wiiuse_register
 .text.__wiiuse_connected
                0x80015530       0x40 /opt/devkitpro/libogc/lib/wii/libwiiuse.a(io_wii.o)
 .text.__wiiuse_receive
                0x80015570       0xc0 /opt/devkitpro/libogc/lib/wii/libwiiuse.a(io_wii.o)
 .text.__wiiuse_sensorbar_enable
                0x80015630       0x50 /opt/devkitpro/libogc/lib/wii/libwiiuse.a(io_wii.o)
                0x80015630                __wiiuse_sensorbar_enable
 .text.get_ir_sens
                0x80015680       0xec /opt/devkitpro/libogc/lib/wii/libwiiuse.a(ir.o)
 .text.wiiuse_set_ir_vres
                0x8001576c       0x1c /opt/devkitpro/libogc/lib/wii/libwiiuse.a(ir.o)
                0x8001576c                wiiuse_set_ir_vres
 .text.wiiuse_set_ir_position
                0x80015788       0x80 /opt/devkitpro/libogc/lib/wii/libwiiuse.a(ir.o)
                0x80015788                wiiuse_set_ir_position
 .text.wiiuse_set_aspect_ratio
                0x80015808       0x44 /opt/devkitpro/libogc/lib/wii/libwiiuse.a(ir.o)
                0x80015808                wiiuse_set_aspect_ratio
 .text.calculate_basic_ir
                0x8001584c       0xf4 /opt/devkitpro/libogc/lib/wii/libwiiuse.a(ir.o)
                0x8001584c                calculate_basic_ir
 .text.calculate_extended_ir
                0x80015940       0x70 /opt/devkitpro/libogc/lib/wii/libwiiuse.a(ir.o)
                0x80015940                calculate_extended_ir
 .text.calc_yaw
                0x800159b0       0x54 /opt/devkitpro/libogc/lib/wii/libwiiuse.a(ir.o)
                0x800159b0                calc_yaw
 .text.apply_ir_smoothing
                0x80015a04       0xf4 /opt/devkitpro/libogc/lib/wii/libwiiuse.a(ir.o)
                0x80015a04                apply_ir_smoothing
 .text.rotate_dots
                0x80015af8      0x120 /opt/devkitpro/libogc/lib/wii/libwiiuse.a(ir.o)
 .text.find_sensorbar
                0x80015c18      0x968 /opt/devkitpro/libogc/lib/wii/libwiiuse.a(ir.o)
                0x80015c18                find_sensorbar
 .text.interpret_ir_data
                0x80016580      0x33c /opt/devkitpro/libogc/lib/wii/libwiiuse.a(ir.o)
                0x80016580                interpret_ir_data
 .text.wiiuse_set_ir_sensitivity
                0x800168bc      0x118 /opt/devkitpro/libogc/lib/wii/libwiiuse.a(ir.o)
                0x800168bc                wiiuse_set_ir_sensitivity
 .text.wiiuse_set_ir_mode
                0x800169d4       0x6c /opt/devkitpro/libogc/lib/wii/libwiiuse.a(ir.o)
                0x800169d4                wiiuse_set_ir_mode
 .text.wiiuse_set_ir
                0x80016a40      0x21c /opt/devkitpro/libogc/lib/wii/libwiiuse.a(ir.o)
                0x80016a40                wiiuse_set_ir
 .text.wiiuse_set_flags
                0x80016c5c       0x20 /opt/devkitpro/libogc/lib/wii/libwiiuse.a(wiiuse.o)
                0x80016c5c                wiiuse_set_flags
 .text.wiiuse_send_next_command
                0x80016c7c       0x6c /opt/devkitpro/libogc/lib/wii/libwiiuse.a(wiiuse.o)
                0x80016c7c                wiiuse_send_next_command
 .text.wiiuse_write_data
                0x80016ce8      0x168 /opt/devkitpro/libogc/lib/wii/libwiiuse.a(wiiuse.o)
                0x80016ce8                wiiuse_write_data
 .text.wiiuse_init
                0x80016e50      0x164 /opt/devkitpro/libogc/lib/wii/libwiiuse.a(wiiuse.o)
                0x80016e50                wiiuse_init
 .text.wiiuse_sendcmd
                0x80016fb4       0xf8 /opt/devkitpro/libogc/lib/wii/libwiiuse.a(wiiuse.o)
                0x80016fb4                wiiuse_sendcmd
 .text.wiiuse_status
                0x800170ac       0x5c /opt/devkitpro/libogc/lib/wii/libwiiuse.a(wiiuse.o)
                0x800170ac                wiiuse_status
 .text.wiiuse_motion_sensing
                0x80017108       0x54 /opt/devkitpro/libogc/lib/wii/libwiiuse.a(wiiuse.o)
                0x80017108                wiiuse_motion_sensing
 .text.wiiuse_set_report_type
                0x8001715c      0x100 /opt/devkitpro/libogc/lib/wii/libwiiuse.a(wiiuse.o)
                0x8001715c                wiiuse_set_report_type
 .text.wiiuse_set_leds
                0x8001725c       0x60 /opt/devkitpro/libogc/lib/wii/libwiiuse.a(wiiuse.o)
                0x8001725c                wiiuse_set_leds
 .text.wiiuse_read_data
                0x800172bc      0x130 /opt/devkitpro/libogc/lib/wii/libwiiuse.a(wiiuse.o)
                0x800172bc                wiiuse_read_data
 .text.wiiuse_pressed_buttons
                0x800173ec       0x2c /opt/devkitpro/libogc/lib/wii/libwiiuse.a(events.o)
                0x800173ec                wiiuse_pressed_buttons
 .text.handle_expansion
                0x80017418       0x80 /opt/devkitpro/libogc/lib/wii/libwiiuse.a(events.o)
 .text.parse_event
                0x80017498      0x460 /opt/devkitpro/libogc/lib/wii/libwiiuse.a(events.o)
                0x80017498                parse_event
 .text.guitar_hero_3_event
                0x800178f8       0x84 /opt/devkitpro/libogc/lib/wii/libwiiuse.a(guitar_hero_3.o)
                0x800178f8                guitar_hero_3_event
 .text.guitar_hero_3_disconnected
                0x8001797c       0x28 /opt/devkitpro/libogc/lib/wii/libwiiuse.a(guitar_hero_3.o)
                0x8001797c                guitar_hero_3_disconnected
 .text.guitar_hero_3_handshake
                0x800179a4       0xd8 /opt/devkitpro/libogc/lib/wii/libwiiuse.a(guitar_hero_3.o)
                0x800179a4                guitar_hero_3_handshake
 .text.wiiuse_disable_expansion
                0x80017a7c      0x10c /opt/devkitpro/libogc/lib/wii/libwiiuse.a(io.o)
                0x80017a7c                wiiuse_disable_expansion
 .text.wiiuse_handshake
                0x80017b88      0x104 /opt/devkitpro/libogc/lib/wii/libwiiuse.a(io.o)
                0x80017b88                wiiuse_handshake
 .text.wiiuse_handshake_expansion
                0x80017c8c      0x1b0 /opt/devkitpro/libogc/lib/wii/libwiiuse.a(io.o)
                0x80017c8c                wiiuse_handshake_expansion
 .text.wiiuse_handshake_expansion_enabled
                0x80017e3c       0x64 /opt/devkitpro/libogc/lib/wii/libwiiuse.a(io.o)
                0x80017e3c                wiiuse_handshake_expansion_enabled
 .text.nunchuk_event
                0x80017ea0       0x8c /opt/devkitpro/libogc/lib/wii/libwiiuse.a(nunchuk.o)
                0x80017ea0                nunchuk_event
 .text.nunchuk_disconnected
                0x80017f2c       0x28 /opt/devkitpro/libogc/lib/wii/libwiiuse.a(nunchuk.o)
                0x80017f2c                nunchuk_disconnected
 .text.nunchuk_handshake
                0x80017f54      0x150 /opt/devkitpro/libogc/lib/wii/libwiiuse.a(nunchuk.o)
                0x80017f54                nunchuk_handshake
 .text.classic_ctrl_event
                0x800180a4       0xd8 /opt/devkitpro/libogc/lib/wii/libwiiuse.a(classic.o)
                0x800180a4                classic_ctrl_event
 .text.classic_ctrl_disconnected
                0x8001817c       0x28 /opt/devkitpro/libogc/lib/wii/libwiiuse.a(classic.o)
                0x8001817c                classic_ctrl_disconnected
 .text.classic_ctrl_handshake
                0x800181a4      0x150 /opt/devkitpro/libogc/lib/wii/libwiiuse.a(classic.o)
                0x800181a4                classic_ctrl_handshake
 .text.bte_arg  0x800182f4       0x28 /opt/devkitpro/libogc/lib/wii/libbte.a(bte.o)
                0x800182f4                bte_arg
 .text.bte_received
                0x8001831c       0x28 /opt/devkitpro/libogc/lib/wii/libbte.a(bte.o)
                0x8001831c                bte_received
 .text.bte_disconnected
                0x80018344       0x28 /opt/devkitpro/libogc/lib/wii/libbte.a(bte.o)
                0x80018344                bte_disconnected
 .text.acl_wlp_completed
                0x8001836c        0x8 /opt/devkitpro/libogc/lib/wii/libbte.a(bte.o)
                0x8001836c                acl_wlp_completed
 .text.l2cap_accepted
                0x80018374      0x10c /opt/devkitpro/libogc/lib/wii/libbte.a(bte.o)
                0x80018374                l2cap_accepted
 .text.l2cap_disconnected_ind
                0x80018480      0x174 /opt/devkitpro/libogc/lib/wii/libbte.a(bte.o)
                0x80018480                l2cap_disconnected_ind
 .text.__bte_send_pending_request
                0x800185f4       0xe0 /opt/devkitpro/libogc/lib/wii/libbte.a(bte.o)
 .text.bte_process_input
                0x800186d4      0x100 /opt/devkitpro/libogc/lib/wii/libbte.a(bte.o)
 .text.__bte_send_request
                0x800187d4       0x90 /opt/devkitpro/libogc/lib/wii/libbte.a(bte.o)
 .text.bte_disconnect
                0x80018864       0x80 /opt/devkitpro/libogc/lib/wii/libbte.a(bte.o)
                0x80018864                bte_disconnect
 .text.l2cap_disconnect_cfm
                0x800188e4      0x118 /opt/devkitpro/libogc/lib/wii/libbte.a(bte.o)
                0x800188e4                l2cap_disconnect_cfm
 .text.acl_conn_complete
                0x800189fc       0x2c /opt/devkitpro/libogc/lib/wii/libbte.a(bte.o)
                0x800189fc                acl_conn_complete
 .text.bte_sendmessageasync
                0x80018a28      0x160 /opt/devkitpro/libogc/lib/wii/libbte.a(bte.o)
                0x80018a28                bte_sendmessageasync
 .text.bte_registerdeviceasync
                0x80018b88      0x184 /opt/devkitpro/libogc/lib/wii/libbte.a(bte.o)
                0x80018b88                bte_registerdeviceasync
 .text.bte_new  0x80018d0c       0x60 /opt/devkitpro/libogc/lib/wii/libbte.a(bte.o)
                0x80018d0c                bte_new
 .text.BTE_InitSub
                0x80018d6c       0x7c /opt/devkitpro/libogc/lib/wii/libbte.a(bte.o)
                0x80018d6c                BTE_InitSub
 .text.BTE_ApplyPatch
                0x80018de8       0x90 /opt/devkitpro/libogc/lib/wii/libbte.a(bte.o)
                0x80018de8                BTE_ApplyPatch
 .text.BTE_InitCore
                0x80018e78       0x78 /opt/devkitpro/libogc/lib/wii/libbte.a(bte.o)
                0x80018e78                BTE_InitCore
 .text.BTE_ReadStoredLinkKey
                0x80018ef0       0x7c /opt/devkitpro/libogc/lib/wii/libbte.a(bte.o)
                0x80018ef0                BTE_ReadStoredLinkKey
 .text.BTE_Shutdown
                0x80018f6c       0xec /opt/devkitpro/libogc/lib/wii/libbte.a(bte.o)
                0x80018f6c                BTE_Shutdown
 .text.__bte_shutdown_finished
                0x80019058      0x104 /opt/devkitpro/libogc/lib/wii/libbte.a(bte.o)
 .text.BTE_Init
                0x8001915c      0x120 /opt/devkitpro/libogc/lib/wii/libbte.a(bte.o)
                0x8001915c                BTE_Init
 .text.bt_alarmhandler
                0x8001927c       0x60 /opt/devkitpro/libogc/lib/wii/libbte.a(bte.o)
 .text.bte_hci_initsub_complete
                0x800192dc      0x208 /opt/devkitpro/libogc/lib/wii/libbte.a(bte.o)
                0x800192dc                bte_hci_initsub_complete
 .text.bte_hci_patch_complete
                0x800194e4      0x290 /opt/devkitpro/libogc/lib/wii/libbte.a(bte.o)
                0x800194e4                bte_hci_patch_complete
 .text.bte_hci_apply_patch_complete
                0x80019774      0x148 /opt/devkitpro/libogc/lib/wii/libbte.a(bte.o)
                0x80019774                bte_hci_apply_patch_complete
 .text.bte_hci_initcore_complete
                0x800198bc      0x1f4 /opt/devkitpro/libogc/lib/wii/libbte.a(bte.o)
                0x800198bc                bte_hci_initcore_complete
 .text.bte_hci_initcore_complete2
                0x80019ab0      0x1bc /opt/devkitpro/libogc/lib/wii/libbte.a(bte.o)
                0x80019ab0                bte_hci_initcore_complete2
 .text.bte_read_stored_link_key_complete
                0x80019c6c      0x228 /opt/devkitpro/libogc/lib/wii/libbte.a(bte.o)
                0x80019c6c                bte_read_stored_link_key_complete
 .text.hci_get_link
                0x80019e94       0x88 /opt/devkitpro/libogc/lib/wii/libbte.a(hci.o)
                0x80019e94                hci_get_link
 .text.hci_arg  0x80019f1c       0x10 /opt/devkitpro/libogc/lib/wii/libbte.a(hci.o)
                0x80019f1c                hci_arg
 .text.hci_cmd_complete
                0x80019f2c       0x10 /opt/devkitpro/libogc/lib/wii/libbte.a(hci.o)
                0x80019f2c                hci_cmd_complete
 .text.hci_connection_complete
                0x80019f3c       0x10 /opt/devkitpro/libogc/lib/wii/libbte.a(hci.o)
                0x80019f3c                hci_connection_complete
 .text.hci_wlp_complete
                0x80019f4c       0x10 /opt/devkitpro/libogc/lib/wii/libbte.a(hci.o)
                0x80019f4c                hci_wlp_complete
 .text.hci_cmd_ass
                0x80019f5c       0x4c /opt/devkitpro/libogc/lib/wii/libbte.a(hci.o)
                0x80019f5c                hci_cmd_ass
 .text.lp_pdu_maxsize
                0x80019fa8       0x10 /opt/devkitpro/libogc/lib/wii/libbte.a(hci.o)
                0x80019fa8                lp_pdu_maxsize
 .text.hci_host_num_comp_packets
                0x80019fb8       0xe8 /opt/devkitpro/libogc/lib/wii/libbte.a(hci.o)
                0x80019fb8                hci_host_num_comp_packets
 .text.hci_write_cod
                0x8001a0a0       0xa8 /opt/devkitpro/libogc/lib/wii/libbte.a(hci.o)
                0x8001a0a0                hci_write_cod
 .text.hci_disconnect
                0x8001a148       0xf0 /opt/devkitpro/libogc/lib/wii/libbte.a(hci.o)
                0x8001a148                hci_disconnect
 .text.hci_pin_code_request_neg_reply
                0x8001a238       0xa8 /opt/devkitpro/libogc/lib/wii/libbte.a(hci.o)
                0x8001a238                hci_pin_code_request_neg_reply
 .text.hci_vendor_specific_command
                0x8001a2e0       0xd4 /opt/devkitpro/libogc/lib/wii/libbte.a(hci.o)
                0x8001a2e0                hci_vendor_specific_command
 .text.hci_write_inquiry_scan_type
                0x8001a3b4       0x9c /opt/devkitpro/libogc/lib/wii/libbte.a(hci.o)
                0x8001a3b4                hci_write_inquiry_scan_type
 .text.hci_write_page_scan_type
                0x8001a450       0x9c /opt/devkitpro/libogc/lib/wii/libbte.a(hci.o)
                0x8001a450                hci_write_page_scan_type
 .text.hci_write_inquiry_mode
                0x8001a4ec       0x9c /opt/devkitpro/libogc/lib/wii/libbte.a(hci.o)
                0x8001a4ec                hci_write_inquiry_mode
 .text.hci_write_pin_type
                0x8001a588       0x9c /opt/devkitpro/libogc/lib/wii/libbte.a(hci.o)
                0x8001a588                hci_write_pin_type
 .text.hci_write_local_name
                0x8001a624       0xb8 /opt/devkitpro/libogc/lib/wii/libbte.a(hci.o)
                0x8001a624                hci_write_local_name
 .text.hci_accecpt_conn_request
                0x8001a6dc       0xbc /opt/devkitpro/libogc/lib/wii/libbte.a(hci.o)
                0x8001a6dc                hci_accecpt_conn_request
 .text.hci_write_scan_enable
                0x8001a798       0x9c /opt/devkitpro/libogc/lib/wii/libbte.a(hci.o)
                0x8001a798                hci_write_scan_enable
 .text.hci_read_local_features
                0x8001a834       0x88 /opt/devkitpro/libogc/lib/wii/libbte.a(hci.o)
                0x8001a834                hci_read_local_features
 .text.hci_read_local_version
                0x8001a8bc       0x88 /opt/devkitpro/libogc/lib/wii/libbte.a(hci.o)
                0x8001a8bc                hci_read_local_version
 .text.hci_read_bd_addr
                0x8001a944       0x88 /opt/devkitpro/libogc/lib/wii/libbte.a(hci.o)
                0x8001a944                hci_read_bd_addr
 .text.hci_read_buffer_size
                0x8001a9cc       0x88 /opt/devkitpro/libogc/lib/wii/libbte.a(hci.o)
                0x8001a9cc                hci_read_buffer_size
 .text.hci_reset
                0x8001aa54       0x88 /opt/devkitpro/libogc/lib/wii/libbte.a(hci.o)
                0x8001aa54                hci_reset
 .text.lp_acl_write
                0x8001aadc      0x1b8 /opt/devkitpro/libogc/lib/wii/libbte.a(hci.o)
                0x8001aadc                lp_acl_write
 .text.hci_new  0x8001ac94       0x54 /opt/devkitpro/libogc/lib/wii/libbte.a(hci.o)
                0x8001ac94                hci_new
 .text.hci_read_stored_link_key
                0x8001ace8       0xf0 /opt/devkitpro/libogc/lib/wii/libbte.a(hci.o)
                0x8001ace8                hci_read_stored_link_key
 .text.hci_close
                0x8001add8      0x13c /opt/devkitpro/libogc/lib/wii/libbte.a(hci.o)
                0x8001add8                hci_close
 .text.hci_init
                0x8001af14       0xc0 /opt/devkitpro/libogc/lib/wii/libbte.a(hci.o)
                0x8001af14                hci_init
 .text.hci_reset_all
                0x8001afd4       0xd4 /opt/devkitpro/libogc/lib/wii/libbte.a(hci.o)
                0x8001afd4                hci_reset_all
 .text.hci_write_page_timeout
                0x8001b0a8       0xac /opt/devkitpro/libogc/lib/wii/libbte.a(hci.o)
                0x8001b0a8                hci_write_page_timeout
 .text.hci_acldata_handler
                0x8001b154      0x138 /opt/devkitpro/libogc/lib/wii/libbte.a(hci.o)
                0x8001b154                hci_acldata_handler
 .text.hci_event_handler
                0x8001b28c      0xbe0 /opt/devkitpro/libogc/lib/wii/libbte.a(hci.o)
                0x8001b28c                hci_event_handler
 .text.lp_write_flush_timeout
                0x8001be6c       0xf8 /opt/devkitpro/libogc/lib/wii/libbte.a(hci.o)
                0x8001be6c                lp_write_flush_timeout
 .text.hci_host_buffer_size
                0x8001bf64       0xec /opt/devkitpro/libogc/lib/wii/libbte.a(hci.o)
                0x8001bf64                hci_host_buffer_size
 .text.hci_write_link_policy_settings
                0x8001c050       0xf8 /opt/devkitpro/libogc/lib/wii/libbte.a(hci.o)
                0x8001c050                hci_write_link_policy_settings
 .text.l2cap_cid_alloc
                0x8001c148       0x60 /opt/devkitpro/libogc/lib/wii/libbte.a(l2cap.o)
 .text.lp_connect_ind
                0x8001c1a8        0x4 /opt/devkitpro/libogc/lib/wii/libbte.a(l2cap.o)
                0x8001c1a8                lp_connect_ind
 .text.l2cap_next_sigid
                0x8001c1ac       0x2c /opt/devkitpro/libogc/lib/wii/libbte.a(l2cap.o)
                0x8001c1ac                l2cap_next_sigid
 .text.l2cap_arg
                0x8001c1d8        0x8 /opt/devkitpro/libogc/lib/wii/libbte.a(l2cap.o)
                0x8001c1d8                l2cap_arg
 .text.l2cap_disconnect_ind
                0x8001c1e0        0x8 /opt/devkitpro/libogc/lib/wii/libbte.a(l2cap.o)
                0x8001c1e0                l2cap_disconnect_ind
 .text.l2cap_recv
                0x8001c1e8        0x8 /opt/devkitpro/libogc/lib/wii/libbte.a(l2cap.o)
                0x8001c1e8                l2cap_recv
 .text.l2cap_connect_ind
                0x8001c1f0      0x118 /opt/devkitpro/libogc/lib/wii/libbte.a(l2cap.o)
                0x8001c1f0                l2cap_connect_ind
 .text.l2cap_close
                0x8001c308      0x1c8 /opt/devkitpro/libogc/lib/wii/libbte.a(l2cap.o)
                0x8001c308                l2cap_close
 .text.lp_disconnect_ind
                0x8001c4d0       0xe8 /opt/devkitpro/libogc/lib/wii/libbte.a(l2cap.o)
                0x8001c4d0                lp_disconnect_ind
 .text.l2cap_new
                0x8001c5b8       0xa0 /opt/devkitpro/libogc/lib/wii/libbte.a(l2cap.o)
                0x8001c5b8                l2cap_new
 .text.l2cap_write
                0x8001c658      0x1a4 /opt/devkitpro/libogc/lib/wii/libbte.a(l2cap.o)
                0x8001c658                l2cap_write
 .text.l2cap_rexmit_signal
                0x8001c7fc       0x2c /opt/devkitpro/libogc/lib/wii/libbte.a(l2cap.o)
                0x8001c7fc                l2cap_rexmit_signal
 .text.l2cap_signal
                0x8001c828      0x210 /opt/devkitpro/libogc/lib/wii/libbte.a(l2cap.o)
                0x8001c828                l2cap_signal
 .text.l2ca_disconnect_req
                0x8001ca38       0xe4 /opt/devkitpro/libogc/lib/wii/libbte.a(l2cap.o)
                0x8001ca38                l2ca_disconnect_req
 .text.l2cap_tmr
                0x8001cb1c      0x244 /opt/devkitpro/libogc/lib/wii/libbte.a(l2cap.o)
                0x8001cb1c                l2cap_tmr
 .text.l2ca_config_req
                0x8001cd60      0x1ac /opt/devkitpro/libogc/lib/wii/libbte.a(l2cap.o)
                0x8001cd60                l2ca_config_req
 .text.l2cap_process_sig
                0x8001cf0c     0x12cc /opt/devkitpro/libogc/lib/wii/libbte.a(l2cap.o)
                0x8001cf0c                l2cap_process_sig
 .text.l2cap_init
                0x8001e1d8       0x80 /opt/devkitpro/libogc/lib/wii/libbte.a(l2cap.o)
                0x8001e1d8                l2cap_init
 .text.l2cap_reset_all
                0x8001e258      0x150 /opt/devkitpro/libogc/lib/wii/libbte.a(l2cap.o)
                0x8001e258                l2cap_reset_all
 .text.lp_connect_cfm
                0x8001e3a8      0x194 /opt/devkitpro/libogc/lib/wii/libbte.a(l2cap.o)
                0x8001e3a8                lp_connect_cfm
 .text.l2ca_datawrite
                0x8001e53c      0x144 /opt/devkitpro/libogc/lib/wii/libbte.a(l2cap.o)
                0x8001e53c                l2ca_datawrite
 .text.l2cap_input
                0x8001e680      0x590 /opt/devkitpro/libogc/lib/wii/libbte.a(l2cap.o)
                0x8001e680                l2cap_input
 .text.btmemb_alloc
                0x8001ec10       0x98 /opt/devkitpro/libogc/lib/wii/libbte.a(btmemb.o)
                0x8001ec10                btmemb_alloc
 .text.btmemb_free
                0x8001eca8       0x94 /opt/devkitpro/libogc/lib/wii/libbte.a(btmemb.o)
                0x8001eca8                btmemb_free
 .text.btmemb_init
                0x8001ed3c       0x40 /opt/devkitpro/libogc/lib/wii/libbte.a(btmemb.o)
                0x8001ed3c                btmemb_init
 .text.plug_holes
                0x8001ed7c       0xcc /opt/devkitpro/libogc/lib/wii/libbte.a(btmemr.o)
 .text.btmemr_malloc
                0x8001ee48      0x168 /opt/devkitpro/libogc/lib/wii/libbte.a(btmemr.o)
                0x8001ee48                btmemr_malloc
 .text.btmemr_free
                0x8001efb0       0x8c /opt/devkitpro/libogc/lib/wii/libbte.a(btmemr.o)
                0x8001efb0                btmemr_free
 .text.btmemr_realloc
                0x8001f03c      0x13c /opt/devkitpro/libogc/lib/wii/libbte.a(btmemr.o)
                0x8001f03c                btmemr_realloc
 .text.btmemr_init
                0x8001f178       0x98 /opt/devkitpro/libogc/lib/wii/libbte.a(btmemr.o)
                0x8001f178                btmemr_init
 .text.btpbuf_header
                0x8001f210       0xa8 /opt/devkitpro/libogc/lib/wii/libbte.a(btpbuf.o)
                0x8001f210                btpbuf_header
 .text.btpbuf_ref
                0x8001f2b8       0x38 /opt/devkitpro/libogc/lib/wii/libbte.a(btpbuf.o)
                0x8001f2b8                btpbuf_ref
 .text.btpbuf_cat
                0x8001f2f0       0x5c /opt/devkitpro/libogc/lib/wii/libbte.a(btpbuf.o)
                0x8001f2f0                btpbuf_cat
 .text.btpbuf_chain
                0x8001f34c       0x30 /opt/devkitpro/libogc/lib/wii/libbte.a(btpbuf.o)
                0x8001f34c                btpbuf_chain
 .text.btpbuf_free
                0x8001f37c       0xfc /opt/devkitpro/libogc/lib/wii/libbte.a(btpbuf.o)
                0x8001f37c                btpbuf_free
 .text.btpbuf_dechain
                0x8001f478       0x7c /opt/devkitpro/libogc/lib/wii/libbte.a(btpbuf.o)
                0x8001f478                btpbuf_dechain
 .text.btpbuf_realloc
                0x8001f4f4       0xc0 /opt/devkitpro/libogc/lib/wii/libbte.a(btpbuf.o)
                0x8001f4f4                btpbuf_realloc
 .text.btpbuf_alloc
                0x8001f5b4      0x334 /opt/devkitpro/libogc/lib/wii/libbte.a(btpbuf.o)
                0x8001f5b4                btpbuf_alloc
 .text.btpbuf_take
                0x8001f8e8      0x124 /opt/devkitpro/libogc/lib/wii/libbte.a(btpbuf.o)
                0x8001f8e8                btpbuf_take
 .text.btpbuf_init
                0x8001fa0c       0x34 /opt/devkitpro/libogc/lib/wii/libbte.a(btpbuf.o)
                0x8001fa0c                btpbuf_init
 .text.__usb_closeCB
                0x8001fa40       0x10 /opt/devkitpro/libogc/lib/wii/libbte.a(physbusif.o)
 .text.physbusif_close
                0x8001fa50       0x2c /opt/devkitpro/libogc/lib/wii/libbte.a(physbusif.o)
                0x8001fa50                physbusif_close
 .text.physbusif_reset_all
                0x8001fa7c        0x4 /opt/devkitpro/libogc/lib/wii/libbte.a(physbusif.o)
                0x8001fa7c                physbusif_reset_all
 .text.physbusif_output
                0x8001fa80      0x18c /opt/devkitpro/libogc/lib/wii/libbte.a(physbusif.o)
                0x8001fa80                physbusif_output
 .text.__writebulkmsgCB
                0x8001fc0c       0x40 /opt/devkitpro/libogc/lib/wii/libbte.a(physbusif.o)
 .text.__writectrlmsgCB
                0x8001fc4c       0x40 /opt/devkitpro/libogc/lib/wii/libbte.a(physbusif.o)
 .text.physbusif_shutdown
                0x8001fc8c       0x50 /opt/devkitpro/libogc/lib/wii/libbte.a(physbusif.o)
                0x8001fc8c                physbusif_shutdown
 .text.__initUsbIOBuffer
                0x8001fcdc       0x98 /opt/devkitpro/libogc/lib/wii/libbte.a(physbusif.o)
 .text.__issue_intrread
                0x8001fd74       0xbc /opt/devkitpro/libogc/lib/wii/libbte.a(physbusif.o)
 .text.__readintrdataCB
                0x8001fe30      0x140 /opt/devkitpro/libogc/lib/wii/libbte.a(physbusif.o)
 .text.__issue_bulkread
                0x8001ff70       0xbc /opt/devkitpro/libogc/lib/wii/libbte.a(physbusif.o)
 .text.physbusif_init
                0x8002002c      0x1d0 /opt/devkitpro/libogc/lib/wii/libbte.a(physbusif.o)
                0x8002002c                physbusif_init
 .text.__readbulkdataCB
                0x800201fc      0x140 /opt/devkitpro/libogc/lib/wii/libbte.a(physbusif.o)
 .text.__lwp_queue_initialize
                0x8002033c       0x54 /opt/devkitpro/libogc/lib/wii/libogc.a(lwp_queue.o)
                0x8002033c                __lwp_queue_initialize
 .text.__lwp_queue_get
                0x80020390       0x54 /opt/devkitpro/libogc/lib/wii/libogc.a(lwp_queue.o)
                0x80020390                __lwp_queue_get
 .text.__lwp_queue_append
                0x800203e4       0x3c /opt/devkitpro/libogc/lib/wii/libogc.a(lwp_queue.o)
                0x800203e4                __lwp_queue_append
 .text.__lwp_isr_in_progress
                0x80020420        0x8 /opt/devkitpro/libogc/lib/wii/libogc.a(lwp_threads.o)
                0x80020420                __lwp_isr_in_progress
 .text.__lwp_thread_setstate
                0x80020428      0x128 /opt/devkitpro/libogc/lib/wii/libogc.a(lwp_threads.o)
                0x80020428                __lwp_thread_setstate
 .text.__lwp_thread_clearstate
                0x80020550       0xe4 /opt/devkitpro/libogc/lib/wii/libogc.a(lwp_threads.o)
                0x80020550                __lwp_thread_clearstate
 .text.__lwp_thread_delayended
                0x80020634       0x48 /opt/devkitpro/libogc/lib/wii/libogc.a(lwp_threads.o)
                0x80020634                __lwp_thread_delayended
 .text.__lwp_thread_setpriority
                0x8002067c       0x5c /opt/devkitpro/libogc/lib/wii/libogc.a(lwp_threads.o)
                0x8002067c                __lwp_thread_setpriority
 .text.__lwp_thread_settransient
                0x800206d8       0xa8 /opt/devkitpro/libogc/lib/wii/libogc.a(lwp_threads.o)
                0x800206d8                __lwp_thread_settransient
 .text.__lwp_thread_loadenv
                0x80020780       0x78 /opt/devkitpro/libogc/lib/wii/libogc.a(lwp_threads.o)
                0x80020780                __lwp_thread_loadenv
 .text.__lwp_thread_ready
                0x800207f8       0xd8 /opt/devkitpro/libogc/lib/wii/libogc.a(lwp_threads.o)
                0x800207f8                __lwp_thread_ready
 .text.__thread_dispatch
                0x800208d0      0x110 /opt/devkitpro/libogc/lib/wii/libogc.a(lwp_threads.o)
                0x800208d0                __thread_dispatch
 .text.__lwp_thread_start
                0x800209e0       0x64 /opt/devkitpro/libogc/lib/wii/libogc.a(lwp_threads.o)
                0x800209e0                __lwp_thread_start
 .text.__lwp_thread_close
                0x80020a44      0x11c /opt/devkitpro/libogc/lib/wii/libogc.a(lwp_threads.o)
                0x80020a44                __lwp_thread_close
 .text.__lwp_thread_init
                0x80020b60      0x108 /opt/devkitpro/libogc/lib/wii/libogc.a(lwp_threads.o)
                0x80020b60                __lwp_thread_init
 .text.__thread_dispatch_fp
                0x80020c68       0x60 /opt/devkitpro/libogc/lib/wii/libogc.a(lwp_threads.o)
                0x80020c68                __thread_dispatch_fp
 .text.__lwp_thread_stopmultitasking
                0x80020cc8       0x50 /opt/devkitpro/libogc/lib/wii/libogc.a(lwp_threads.o)
                0x80020cc8                __lwp_thread_stopmultitasking
 .text.__lwp_thread_startmultitasking
                0x80020d18       0x70 /opt/devkitpro/libogc/lib/wii/libogc.a(lwp_threads.o)
                0x80020d18                __lwp_thread_startmultitasking
 .text.__lwp_thread_closeall
                0x80020d88      0x10c /opt/devkitpro/libogc/lib/wii/libogc.a(lwp_threads.o)
                0x80020d88                __lwp_thread_closeall
 .text.__lwp_thread_changepriority
                0x80020e94      0x188 /opt/devkitpro/libogc/lib/wii/libogc.a(lwp_threads.o)
                0x80020e94                __lwp_thread_changepriority
 .text.__lwp_thread_coreinit
                0x8002101c       0x64 /opt/devkitpro/libogc/lib/wii/libogc.a(lwp_threads.o)
                0x8002101c                __lwp_thread_coreinit
 .text.__lwp_thread_resume
                0x80021080      0x104 /opt/devkitpro/libogc/lib/wii/libogc.a(lwp_threads.o)
                0x80021080                __lwp_thread_resume
 .text.__lwp_thread_suspend
                0x80021184      0x134 /opt/devkitpro/libogc/lib/wii/libogc.a(lwp_threads.o)
                0x80021184                __lwp_thread_suspend
 .text.__lwp_thread_exit
                0x800212b8       0x70 /opt/devkitpro/libogc/lib/wii/libogc.a(lwp_threads.o)
                0x800212b8                __lwp_thread_exit
 .text.__lwp_thread_handler
                0x80021328       0x7c /opt/devkitpro/libogc/lib/wii/libogc.a(lwp_threads.o)
 .text.idle_func
                0x800213a4        0x4 /opt/devkitpro/libogc/lib/wii/libogc.a(lwp.o)
 .text.LWP_GetSelf
                0x800213a8       0x24 /opt/devkitpro/libogc/lib/wii/libogc.a(lwp.o)
                0x800213a8                LWP_GetSelf
 .text.__lwp_sysinit
                0x800213cc      0x118 /opt/devkitpro/libogc/lib/wii/libogc.a(lwp.o)
                0x800213cc                __lwp_sysinit
 .text.LWP_ThreadSignal
                0x800214e4       0x74 /opt/devkitpro/libogc/lib/wii/libogc.a(lwp.o)
                0x800214e4                LWP_ThreadSignal
 .text.LWP_ThreadBroadcast
                0x80021558       0x88 /opt/devkitpro/libogc/lib/wii/libogc.a(lwp.o)
                0x80021558                LWP_ThreadBroadcast
 .text.LWP_ThreadSleep
                0x800215e0       0xd4 /opt/devkitpro/libogc/lib/wii/libogc.a(lwp.o)
                0x800215e0                LWP_ThreadSleep
 .text.LWP_CloseQueue
                0x800216b4       0xe8 /opt/devkitpro/libogc/lib/wii/libogc.a(lwp.o)
                0x800216b4                LWP_CloseQueue
 .text.LWP_InitQueue
                0x8002179c      0x124 /opt/devkitpro/libogc/lib/wii/libogc.a(lwp.o)
                0x8002179c                LWP_InitQueue
 .text.LWP_ResumeThread
                0x800218c0       0xb0 /opt/devkitpro/libogc/lib/wii/libogc.a(lwp.o)
                0x800218c0                LWP_ResumeThread
 .text.LWP_SuspendThread
                0x80021970       0xac /opt/devkitpro/libogc/lib/wii/libogc.a(lwp.o)
                0x80021970                LWP_SuspendThread
 .text.__lwp_stack_free
                0x80021a1c       0x38 /opt/devkitpro/libogc/lib/wii/libogc.a(lwp_stack.o)
                0x80021a1c                __lwp_stack_free
 .text.__lwp_stack_allocate
                0x80021a54       0x6c /opt/devkitpro/libogc/lib/wii/libogc.a(lwp_stack.o)
                0x80021a54                __lwp_stack_allocate
 .text.__lwp_watchdog_init
                0x80021ac0       0x2c /opt/devkitpro/libogc/lib/wii/libogc.a(lwp_watchdog.o)
                0x80021ac0                __lwp_watchdog_init
 .text.__lwp_wd_settimer
                0x80021aec       0xc0 /opt/devkitpro/libogc/lib/wii/libogc.a(lwp_watchdog.o)
 .text.__lwp_wd_remove
                0x80021bac      0x118 /opt/devkitpro/libogc/lib/wii/libogc.a(lwp_watchdog.o)
                0x80021bac                __lwp_wd_remove
 .text.__lwp_wd_insert
                0x80021cc4      0x1d4 /opt/devkitpro/libogc/lib/wii/libogc.a(lwp_watchdog.o)
                0x80021cc4                __lwp_wd_insert
 .text.__lwp_wd_tickle
                0x80021e98      0x104 /opt/devkitpro/libogc/lib/wii/libogc.a(lwp_watchdog.o)
                0x80021e98                __lwp_wd_tickle
 .text.__lwp_wkspace_init
                0x80021f9c       0xb0 /opt/devkitpro/libogc/lib/wii/libogc.a(lwp_wkspace.o)
                0x80021f9c                __lwp_wkspace_init
 .text.__lwp_objmgr_getisrdisable
                0x8002204c       0x50 /opt/devkitpro/libogc/lib/wii/libogc.a(lwp_objmgr.o)
                0x8002204c                __lwp_objmgr_getisrdisable
 .text.__lwp_objmgr_getnoprotection
                0x8002209c       0x24 /opt/devkitpro/libogc/lib/wii/libogc.a(lwp_objmgr.o)
                0x8002209c                __lwp_objmgr_getnoprotection
 .text.__lwp_objmgr_allocate
                0x800220c0       0x60 /opt/devkitpro/libogc/lib/wii/libogc.a(lwp_objmgr.o)
                0x800220c0                __lwp_objmgr_allocate
 .text.__lwp_objmgr_free
                0x80022120       0x4c /opt/devkitpro/libogc/lib/wii/libogc.a(lwp_objmgr.o)
                0x80022120                __lwp_objmgr_free
 .text.__lwp_objmgr_get
                0x8002216c       0x78 /opt/devkitpro/libogc/lib/wii/libogc.a(lwp_objmgr.o)
                0x8002216c                __lwp_objmgr_get
 .text.__lwp_objmgr_initinfo
                0x800221e4      0x1b0 /opt/devkitpro/libogc/lib/wii/libogc.a(lwp_objmgr.o)
                0x800221e4                __lwp_objmgr_initinfo
 .text.__lwp_heap_init
                0x80022394       0x8c /opt/devkitpro/libogc/lib/wii/libogc.a(lwp_heap.o)
                0x80022394                __lwp_heap_init
 .text.__lwp_heap_free
                0x80022420      0x184 /opt/devkitpro/libogc/lib/wii/libogc.a(lwp_heap.o)
                0x80022420                __lwp_heap_free
 .text.__lwp_heap_allocate
                0x800225a4      0x130 /opt/devkitpro/libogc/lib/wii/libogc.a(lwp_heap.o)
                0x800225a4                __lwp_heap_allocate
 .text.c_irqdispatcher
                0x800226d4      0x2ac /opt/devkitpro/libogc/lib/wii/libogc.a(irq.o)
                0x800226d4                c_irqdispatcher
 .text.__SetInterrupts
                0x80022980      0x268 /opt/devkitpro/libogc/lib/wii/libogc.a(irq.o)
 .text.__UnmaskIrq
                0x80022be8       0x80 /opt/devkitpro/libogc/lib/wii/libogc.a(irq.o)
                0x80022be8                __UnmaskIrq
 .text.__MaskIrq
                0x80022c68       0x80 /opt/devkitpro/libogc/lib/wii/libogc.a(irq.o)
                0x80022c68                __MaskIrq
 .text.IRQ_Request
                0x80022ce8       0x44 /opt/devkitpro/libogc/lib/wii/libogc.a(irq.o)
                0x80022ce8                IRQ_Request
 .text.IRQ_GetHandler
                0x80022d2c       0x34 /opt/devkitpro/libogc/lib/wii/libogc.a(irq.o)
                0x80022d2c                IRQ_GetHandler
 .text.IRQ_Disable
                0x80022d60       0x20 /opt/devkitpro/libogc/lib/wii/libogc.a(irq.o)
                0x80022d60                IRQ_Disable
 .text.IRQ_Restore
                0x80022d80        0x8 /opt/devkitpro/libogc/lib/wii/libogc.a(irq.o)
                0x80022d80                IRQ_Restore
 .text.__irq_init
                0x80022d88       0xac /opt/devkitpro/libogc/lib/wii/libogc.a(irq.o)
                0x80022d88                __irq_init
 .text.__gettiming
                0x80022e34       0xb0 /opt/devkitpro/libogc/lib/wii/libogc.a(video.o)
 .text.VIDEO_Flush
                0x80022ee4      0x164 /opt/devkitpro/libogc/lib/wii/libogc.a(video.o)
                0x80022ee4                VIDEO_Flush
 .text.VIDEO_GetCurrentTvMode
                0x80023048       0x60 /opt/devkitpro/libogc/lib/wii/libogc.a(video.o)
                0x80023048                VIDEO_GetCurrentTvMode
 .text.VIDEO_ClearFrameBuffer
                0x800230a8       0x3c /opt/devkitpro/libogc/lib/wii/libogc.a(video.o)
                0x800230a8                VIDEO_ClearFrameBuffer
 .text.VIDEO_WaitVSync
                0x800230e4       0x7c /opt/devkitpro/libogc/lib/wii/libogc.a(video.o)
                0x800230e4                VIDEO_WaitVSync
 .text.VIDEO_Init
                0x80023160      0x6e0 /opt/devkitpro/libogc/lib/wii/libogc.a(video.o)
                0x80023160                VIDEO_Init
 .text.__VISendI2CData
                0x80023840      0x524 /opt/devkitpro/libogc/lib/wii/libogc.a(video.o)
 .text.__VISetFilterEURGB60
                0x80023d64       0x3c /opt/devkitpro/libogc/lib/wii/libogc.a(video.o)
 .text.__VIRetraceHandler
                0x80023da0      0x38c /opt/devkitpro/libogc/lib/wii/libogc.a(video.o)
 .text.VIDEO_GetCurrentLine
                0x8002412c       0x94 /opt/devkitpro/libogc/lib/wii/libogc.a(video.o)
                0x8002412c                VIDEO_GetCurrentLine
 .text.VIDEO_SetBlack
                0x800241c0      0x144 /opt/devkitpro/libogc/lib/wii/libogc.a(video.o)
                0x800241c0                VIDEO_SetBlack
 .text.VIDEO_Configure
                0x80024304      0x860 /opt/devkitpro/libogc/lib/wii/libogc.a(video.o)
                0x80024304                VIDEO_Configure
 .text.VIDEO_SetNextFramebuffer
                0x80024b64      0x220 /opt/devkitpro/libogc/lib/wii/libogc.a(video.o)
                0x80024b64                VIDEO_SetNextFramebuffer
 .text.VIDEO_SetFramebuffer
                0x80024d84      0x32c /opt/devkitpro/libogc/lib/wii/libogc.a(video.o)
                0x80024d84                VIDEO_SetFramebuffer
 .text.__MEMInterruptHandler
                0x800250b0       0x14 /opt/devkitpro/libogc/lib/wii/libogc.a(system.o)
 .text.__RSWDefaultHandler
                0x800250c4        0x4 /opt/devkitpro/libogc/lib/wii/libogc.a(system.o)
 .text.__POWDefaultHandler
                0x800250c8        0x4 /opt/devkitpro/libogc/lib/wii/libogc.a(system.o)
 .text.__STMEventHandler
                0x800250cc       0xf4 /opt/devkitpro/libogc/lib/wii/libogc.a(system.o)
 .text.__sram_sync
                0x800251c0        0xc /opt/devkitpro/libogc/lib/wii/libogc.a(system.o)
 .text.__call_resetfuncs
                0x800251cc       0xb0 /opt/devkitpro/libogc/lib/wii/libogc.a(system.o)
 .text.__locksram
                0x8002527c       0x54 /opt/devkitpro/libogc/lib/wii/libogc.a(system.o)
 .text.__SYS_LockSram
                0x800252d0        0x8 /opt/devkitpro/libogc/lib/wii/libogc.a(system.o)
                0x800252d0                __SYS_LockSram
 .text.__SYS_LockSramEx
                0x800252d8        0x8 /opt/devkitpro/libogc/lib/wii/libogc.a(system.o)
                0x800252d8                __SYS_LockSramEx
 .text.__SYS_GetIPCBufferLo
                0x800252e0        0xc /opt/devkitpro/libogc/lib/wii/libogc.a(system.o)
                0x800252e0                __SYS_GetIPCBufferLo
 .text.__SYS_GetIPCBufferHi
                0x800252ec        0xc /opt/devkitpro/libogc/lib/wii/libogc.a(system.o)
                0x800252ec                __SYS_GetIPCBufferHi
 .text._V_EXPORTNAME
                0x800252f8       0x24 /opt/devkitpro/libogc/lib/wii/libogc.a(system.o)
                0x800252f8                _V_EXPORTNAME
 .text.__SYS_InitCallbacks
                0x8002531c       0x30 /opt/devkitpro/libogc/lib/wii/libogc.a(system.o)
                0x8002531c                __SYS_InitCallbacks
 .text.SYS_RegisterResetFunc
                0x8002534c       0x80 /opt/devkitpro/libogc/lib/wii/libogc.a(system.o)
                0x8002534c                SYS_RegisterResetFunc
 .text.SYS_SetArena1Lo
                0x800253cc       0x2c /opt/devkitpro/libogc/lib/wii/libogc.a(system.o)
                0x800253cc                SYS_SetArena1Lo
 .text.SYS_GetArena1Lo
                0x800253f8       0x2c /opt/devkitpro/libogc/lib/wii/libogc.a(system.o)
                0x800253f8                SYS_GetArena1Lo
 .text.SYS_SetArena1Hi
                0x80025424       0x2c /opt/devkitpro/libogc/lib/wii/libogc.a(system.o)
                0x80025424                SYS_SetArena1Hi
 .text.SYS_GetArena1Hi
                0x80025450       0x2c /opt/devkitpro/libogc/lib/wii/libogc.a(system.o)
                0x80025450                SYS_GetArena1Hi
 .text.SYS_SetArena2Lo
                0x8002547c       0x2c /opt/devkitpro/libogc/lib/wii/libogc.a(system.o)
                0x8002547c                SYS_SetArena2Lo
 .text.SYS_GetArena2Lo
                0x800254a8       0x2c /opt/devkitpro/libogc/lib/wii/libogc.a(system.o)
                0x800254a8                SYS_GetArena2Lo
 .text.SYS_SetArena2Hi
                0x800254d4       0x2c /opt/devkitpro/libogc/lib/wii/libogc.a(system.o)
                0x800254d4                SYS_SetArena2Hi
 .text.SYS_GetArena2Hi
                0x80025500       0x2c /opt/devkitpro/libogc/lib/wii/libogc.a(system.o)
                0x80025500                SYS_GetArena2Hi
 .text.SYS_GetHollywoodRevision
                0x8002552c       0x3c /opt/devkitpro/libogc/lib/wii/libogc.a(system.o)
                0x8002552c                SYS_GetHollywoodRevision
 .text.__sys_alarmhandler
                0x80025568      0x104 /opt/devkitpro/libogc/lib/wii/libogc.a(system.o)
 .text.SYS_AllocateFramebuffer
                0x8002566c       0x3c /opt/devkitpro/libogc/lib/wii/libogc.a(system.o)
                0x8002566c                SYS_AllocateFramebuffer
 .text.__mem_onreset
                0x800256a8       0x54 /opt/devkitpro/libogc/lib/wii/libogc.a(system.o)
 .text.__SYS_LoadMenu
                0x800256fc       0xa4 /opt/devkitpro/libogc/lib/wii/libogc.a(system.o)
                0x800256fc                __SYS_LoadMenu
 .text.SYS_PreMain
                0x800257a0       0x34 /opt/devkitpro/libogc/lib/wii/libogc.a(system.o)