Archive member included because of file (symbol)

/opt/devkitpro/libogc/lib/wii/libwiiuse.a(wpad.o)
                              main.o (WPAD_SetIdleTimeout)
/opt/devkitpro/libogc/lib/wii/libwiiuse.a(dynamics.o)
                              /opt/devkitpro/libogc/lib/wii/libwiiuse.a(wpad.o) (calculate_gforce)
/opt/devkitpro/libogc/lib/wii/libwiiuse.a(io_wii.o)
                              /opt/devkitpro/libogc/lib/wii/libwiiuse.a(wpad.o) (wiiuse_disconnect)
/opt/devkitpro/libogc/lib/wii/libwiiuse.a(ir.o)
                              /opt/devkitpro/libogc/lib/wii/libwiiuse.a(wpad.o) (wiiuse_set_ir_vres)
/opt/devkitpro/libogc/lib/wii/libwiiuse.a(wiiuse.o)
                              /opt/devkitpro/libogc/lib/wii/libwiiuse.a(wpad.o) (wiiuse_set_flags)
/opt/devkitpro/libogc/lib/wii/libwiiuse.a(events.o)
                              /opt/devkitpro/libogc/lib/wii/libwiiuse.a(io_wii.o) (parse_event)
/opt/devkitpro/libogc/lib/wii/libwiiuse.a(guitar_hero_3.o)
                              /opt/devkitpro/libogc/lib/wii/libwiiuse.a(events.o) (guitar_hero_3_event)
/opt/devkitpro/libogc/lib/wii/libwiiuse.a(io.o)
                              /opt/devkitpro/libogc/lib/wii/libwiiuse.a(events.o) (wiiuse_disable_expansion)
/opt/devkitpro/libogc/lib/wii/libwiiuse.a(nunchuk.o)
                              /opt/devkitpro/libogc/lib/wii/libwiiuse.a(events.o) (nunchuk_event)
/opt/devkitpro/libogc/lib/wii/libwiiuse.a(classic.o)
                              /opt/devkitpro/libogc/lib/wii/libwiiuse.a(events.o) (classic_ctrl_event)
/opt/devkitpro/libogc/lib/wii/libbte.a(bte.o)
                              /opt/devkitpro/libogc/lib/wii/libwiiuse.a(io_wii.o) (bte_arg)
/opt/devkitpro/libogc/lib/wii/libbte.a(hci.o)
                              /opt/devkitpro/libogc/lib/wii/libbte.a(bte.o) (hci_arg)
/opt/devkitpro/libogc/lib/wii/libbte.a(l2cap.o)
                              /opt/devkitpro/libogc/lib/wii/libbte.a(hci.o) (lp_connect_ind)
/opt/devkitpro/libogc/lib/wii/libbte.a(btmemb.o)
                              /opt/devkitpro/libogc/lib/wii/libbte.a(bte.o) (btmemb_alloc)
/opt/devkitpro/libogc/lib/wii/libbte.a(btmemr.o)
                              /opt/devkitpro/libogc/lib/wii/libbte.a(hci.o) (btmemr_init)
/opt/devkitpro/libogc/lib/wii/libbte.a(btpbuf.o)
                              /opt/devkitpro/libogc/lib/wii/libbte.a(hci.o) (btpbuf_header)
/opt/devkitpro/libogc/lib/wii/libbte.a(physbusif.o)
                              /opt/devkitpro/libogc/lib/wii/libbte.a(bte.o) (physbusif_close)
/opt/devkitpro/libogc/lib/wii/libogc.a(lwp_queue.o)
                              /opt/devkitpro/libogc/lib/wii/libwiiuse.a(io_wii.o) (__lwp_queue_initialize)
/opt/devkitpro/libogc/lib/wii/libogc.a(lwp_threads.o)
                              /opt/devkitpro/libogc/lib/wii/libwiiuse.a(wpad.o) (_thread_dispatch_disable_level)
/opt/devkitpro/libogc/lib/wii/libogc.a(lwp.o)
                              /opt/devkitpro/libogc/lib/wii/libbte.a(bte.o) (LWP_ThreadSignal)
/opt/devkitpro/libogc/lib/wii/libogc.a(lwp_handler.o)
                              /opt/devkitpro/libogc/lib/wii/libogc.a(lwp_threads.o) (_cpu_context_save_fp)
/opt/devkitpro/libogc/lib/wii/libogc.a(lwp_stack.o)
                              /opt/devkitpro/libogc/lib/wii/libogc.a(lwp_threads.o) (__lwp_stack_free)
/opt/devkitpro/libogc/lib/wii/libogc.a(lwp_watchdog.o)
                              /opt/devkitpro/libogc/lib/wii/libogc.a(lwp_threads.o) (_wd_ticks_queue)
/opt/devkitpro/libogc/lib/wii/libogc.a(lwp_wkspace.o)
                              /opt/devkitpro/libogc/lib/wii/libwiiuse.a(io_wii.o) (__wkspace_heap)
/opt/devkitpro/libogc/lib/wii/libogc.a(lwp_objmgr.o)
                              /opt/devkitpro/libogc/lib/wii/libogc.a(lwp.o) (__lwp_objmgr_getnoprotection)
/opt/devkitpro/libogc/lib/wii/libogc.a(lwp_heap.o)
                              /opt/devkitpro/libogc/lib/wii/libogc.a(lwp_wkspace.o) (__lwp_heap_init)
/opt/devkitpro/libogc/lib/wii/libogc.a(sys_state.o)
                              /opt/devkitpro/libogc/lib/wii/libogc.a(lwp_threads.o) (_sys_state_curr)
/opt/devkitpro/libogc/lib/wii/libogc.a(irq.o)
                              /opt/devkitpro/libogc/lib/wii/libwiiuse.a(io_wii.o) (IRQ_Disable)
/opt/devkitpro/libogc/lib/wii/libogc.a(video.o)
                              GRRLIB.o (VIDEO_Flush)
/opt/devkitpro/libogc/lib/wii/libogc.a(system.o)
                              /opt/devkitpro/libogc/lib/wii/libogc.a(video.o) (__SYS_LockSram)
/opt/devkitpro/libogc/lib/wii/libogc.a(system_asm.o)
                              /opt/devkitpro/libogc/lib/wii/libogc.a(system.o) (__realmode)
/opt/devkitpro/libogc/lib/wii/libogc.a(cond.o)
                              /opt/devkitpro/libogc/lib/wii/libogc.a(system.o) (__lwp_cond_init)
/opt/devkitpro/libogc/lib/wii/libogc.a(gx.o)
                              GRRLIB.o (GX_SetViewport)
/opt/devkitpro/libogc/lib/wii/libogc.a(gu.o)
                              GRRLIB.o (guOrtho)
/opt/devkitpro/libogc/lib/wii/libogc.a(gu_psasm.o)
[...]
Memory Configuration

Name             Origin             Length             Attributes
*default*        0x00000000         0xffffffff

Linker script and memory map

                0x80003f00                . = 0x80003f00

.header         0x80003f00       0xe4
                0x80003f00                file_start = .
                0x80003f00        0x4 LONG 0x100 text_file_start
                0x80003f04        0x4 LONG 0x0
                0x80003f08        0x4 LONG 0x0
                0x80003f0c        0x4 LONG 0x0
                0x80003f10        0x4 LONG 0x0
                0x80003f14        0x4 LONG 0x0
                0x80003f18        0x4 LONG 0x0
                0x80003f1c        0x4 LONG 0x32da0 data_file_start
                0x80003f20        0x4 LONG 0x0
                0x80003f24        0x4 LONG 0x0
                0x80003f28        0x4 LONG 0x0
                0x80003f2c        0x4 LONG 0x0
                0x80003f30        0x4 LONG 0x0
                0x80003f34        0x4 LONG 0x0
                0x80003f38        0x4 LONG 0x0
                0x80003f3c        0x4 LONG 0x0
                0x80003f40        0x4 LONG 0x0
                0x80003f44        0x4 LONG 0x0
                0x80003f48        0x4 LONG 0x80004000 text_mem_start
                0x80003f4c        0x4 LONG 0x0
                0x80003f50        0x4 LONG 0x0
                0x80003f54        0x4 LONG 0x0
                0x80003f58        0x4 LONG 0x0
                0x80003f5c        0x4 LONG 0x0
                0x80003f60        0x4 LONG 0x0
                0x80003f64        0x4 LONG 0x80036ca0 data_mem_start
                0x80003f68        0x4 LONG 0x0
                0x80003f6c        0x4 LONG 0x0
                0x80003f70        0x4 LONG 0x0
                0x80003f74        0x4 LONG 0x0
                0x80003f78        0x4 LONG 0x0
                0x80003f7c        0x4 LONG 0x0
                0x80003f80        0x4 LONG 0x0
                0x80003f84        0x4 LONG 0x0
                0x80003f88        0x4 LONG 0x0
                0x80003f8c        0x4 LONG 0x0
                0x80003f90        0x4 LONG 0x32ca0 text_mem_size
                0x80003f94        0x4 LONG 0x0
                0x80003f98        0x4 LONG 0x0
                0x80003f9c        0x4 LONG 0x0
                0x80003fa0        0x4 LONG 0x0
                0x80003fa4        0x4 LONG 0x0
                0x80003fa8        0x4 LONG 0x0
                0x80003fac        0x4 LONG 0x5ba0 data_mem_size
                0x80003fb0        0x4 LONG 0x0
                0x80003fb4        0x4 LONG 0x0
                0x80003fb8        0x4 LONG 0x0
                0x80003fbc        0x4 LONG 0x0
                0x80003fc0        0x4 LONG 0x0
                0x80003fc4        0x4 LONG 0x0
                0x80003fc8        0x4 LONG 0x0
                0x80003fcc        0x4 LONG 0x0
                0x80003fd0        0x4 LONG 0x0
                0x80003fd4        0x4 LONG 0x0
                0x80003fd8        0x4 LONG 0x8003c840 bss_mem_start
                0x80003fdc        0x4 LONG 0x71720 bss_mem_size
                0x80003fe0        0x4 LONG 0x80004000 ABSOLUTE (_start)
                0x80004000                . = (file_start + 0x100)
                0x80004000                text_mem_start = .

.init           0x80004000      0x208
 *crt0.o(*.init)
 .init          0x80004000      0x1e4 /opt/devkitpro/libogc/lib/wii/libogc.a(ogc_crt0.o)
                0x8000419c                _memset
                0x80004000                _start
                0x800041cc                video_line
 *(.init)
 .init          0x800041e4        0xc /opt/devkitpro/devkitPPC/lib/gcc/powerpc-gekko/4.2.3/ecrti.o
                0x800041e4                __init
 .init          0x800041f0        0x4 /opt/devkitpro/devkitPPC/lib/gcc/powerpc-gekko/4.2.3/crtbegin.o
 .init          0x800041f4        0x4 /opt/devkitpro/devkitPPC/lib/gcc/powerpc-gekko/4.2.3/crtend.o
 .init          0x800041f8       0x10 /opt/devkitpro/devkitPPC/lib/gcc/powerpc-gekko/4.2.3/ecrtn.o

.plt
 *(.plt)

.interp
 *(.interp)

.hash
 *(.hash)

.dynsym
 *(.dynsym)

.dynstr
 *(.dynstr)

.gnu.version
 *(.gnu.version)

.gnu.version_d
 *(.gnu.version_d)

.gnu.version_r
 *(.gnu.version_r)

.rel.init
 *(.rel.init)

.rela.init      0x80004208        0x0
 *(.rela.init)
 .rela.init     0x00000000        0x0 /opt/devkitpro/devkitPPC/lib/gcc/powerpc-gekko/4.2.3/crtbegin.o

.rel.text
 *(.rel.text .rel.text.* .rel.gnu.linkonce.t.*)

.rela.text      0x80004208        0x0
 *(.rela.text .rela.text.* .rela.gnu.linkonce.t.*)
 .rela.text     0x00000000        0x0 /opt/devkitpro/devkitPPC/lib/gcc/powerpc-gekko/4.2.3/crtbegin.o
 .rela.text.GRRLIB_Start
                0x00000000        0x0 /opt/devkitpro/devkitPPC/lib/gcc/powerpc-gekko/4.2.3/crtbegin.o
 .rela.text.GRRLIB_InitVideo
                0x00000000        0x0 /opt/devkitpro/devkitPPC/lib/gcc/powerpc-gekko/4.2.3/crtbegin.o
 .rela.text.GRRLIB_DrawChar
                0x00000000        0x0 /opt/devkitpro/devkitPPC/lib/gcc/powerpc-gekko/4.2.3/crtbegin.o
 .rela.text.GRRLIB_DrawTile
                0x00000000        0x0 /opt/devkitpro/devkitPPC/lib/gcc/powerpc-gekko/4.2.3/crtbegin.o
 .rela.text.GRRLIB_DrawImg
                0x00000000        0x0 /opt/devkitpro/devkitPPC/lib/gcc/powerpc-gekko/4.2.3/crtbegin.o
 .rela.text.main
                0x00000000        0x0 /opt/devkitpro/devkitPPC/lib/gcc/powerpc-gekko/4.2.3/crtbegin.o
 .rela.text.wiiuse_init_cmd_queue
                0x00000000        0x0 /opt/devkitpro/devkitPPC/lib/gcc/powerpc-gekko/4.2.3/crtbegin.o
 .rela.text.wiiuse_init
                0x00000000        0x0 /opt/devkitpro/devkitPPC/lib/gcc/powerpc-gekko/4.2.3/crtbegin.o
 .rela.text.guitar_hero_3_handshake
                0x00000000        0x0 /opt/devkitpro/devkitPPC/lib/gcc/powerpc-gekko/4.2.3/crtbegin.o
 .rela.text.wiiuse_handshake
                0x00000000        0x0 /opt/devkitpro/devkitPPC/lib/gcc/powerpc-gekko/4.2.3/crtbegin.o
 .rela.text.wiiuse_handshake_expansion
                0x00000000        0x0 /opt/devkitpro/devkitPPC/lib/gcc/powerpc-gekko/4.2.3/crtbegin.o
 .rela.text.wiiuse_handshake_expansion_enabled
                0x00000000        0x0 /opt/devkitpro/devkitPPC/lib/gcc/powerpc-gekko/4.2.3/crtbegin.o
 .rela.text.bt_alarmhandler
                0x00000000        0x0 /opt/devkitpro/devkitPPC/lib/gcc/powerpc-gekko/4.2.3/crtbegin.o
 .rela.text.__lwp_rotate_readyqueue
                0x00000000        0x0 /opt/devkitpro/devkitPPC/lib/gcc/powerpc-gekko/4.2.3/crtbegin.o
 .rela.text.__lwp_thread_setstate
                0x00000000        0x0 /opt/devkitpro/devkitPPC/lib/gcc/powerpc-gekko/4.2.3/crtbegin.o
 .rela.text.__lwp_thread_setpriority
                0x00000000        0x0 /opt/devkitpro/devkitPPC/lib/gcc/powerpc-gekko/4.2.3/crtbegin.o
 .rela.text.__lwp_thread_ready
                0x00000000        0x0 /opt/devkitpro/devkitPPC/lib/gcc/powerpc-gekko/4.2.3/crtbegin.o
 .rela.text.__lwp_thread_close
                0x00000000        0x0 /opt/devkitpro/devkitPPC/lib/gcc/powerpc-gekko/4.2.3/crtbegin.o
 .rela.text.__lwp_thread_stopmultitasking
                0x00000000        0x0 /opt/devkitpro/devkitPPC/lib/gcc/powerpc-gekko/4.2.3/crtbegin.o
 .rela.text.__lwp_thread_startmultitasking
                0x00000000        0x0 /opt/devkitpro/devkitPPC/lib/gcc/powerpc-gekko/4.2.3/crtbegin.o
 .rela.text.__lwp_thread_closeall
                0x00000000        0x0 /opt/devkitpro/devkitPPC/lib/gcc/powerpc-gekko/4.2.3/crtbegin.o
 .rela.text.__lwp_thread_changepriority
                0x00000000        0x0 /opt/devkitpro/devkitPPC/lib/gcc/powerpc-gekko/4.2.3/crtbegin.o
 .rela.text.__lwp_thread_coreinit
                0x00000000        0x0 /opt/devkitpro/devkitPPC/lib/gcc/powerpc-gekko/4.2.3/crtbegin.o
 .rela.text.__lwp_thread_suspend
                0x00000000        0x0 /opt/devkitpro/devkitPPC/lib/gcc/powerpc-gekko/4.2.3/crtbegin.o
 .rela.text.__lwp_thread_context
                0x00000000        0x0 /opt/devkitpro/devkitPPC/lib/gcc/powerpc-gekko/4.2.3/crtbegin.o
 .rela.text.__lwp_thread_exists
                0x00000000        0x0 /opt/devkitpro/devkitPPC/lib/gcc/powerpc-gekko/4.2.3/crtbegin.o
 .rela.text.__lwp_thread_isalive
                0x00000000        0x0 /opt/devkitpro/devkitPPC/lib/gcc/powerpc-gekko/4.2.3/crtbegin.o
 .rela.text.__lwp_sysinit
                0x00000000        0x0 /opt/devkitpro/devkitPPC/lib/gcc/powerpc-gekko/4.2.3/crtbegin.o
 .rela.text.LWP_ThreadSignal
                0x00000000        0x0 /opt/devkitpro/devkitPPC/lib/gcc/powerpc-gekko/4.2.3/crtbegin.o
 .rela.text.LWP_ThreadBroadcast
                0x00000000        0x0 /opt/devkitpro/devkitPPC/lib/gcc/powerpc-gekko/4.2.3/crtbegin.o
 .rela.text.LWP_ThreadSleep
                0x00000000        0x0 /opt/devkitpro/devkitPPC/lib/gcc/powerpc-gekko/4.2.3/crtbegin.o
 .rela.text.LWP_CloseQueue
                0x00000000        0x0 /opt/devkitpro/devkitPPC/lib/gcc/powerpc-gekko/4.2.3/crtbegin.o
 .rela.text.LWP_InitQueue
                0x00000000        0x0 /opt/devkitpro/devkitPPC/lib/gcc/powerpc-gekko/4.2.3/crtbegin.o
 .rela.text.LWP_JoinThread
                0x00000000        0x0 /opt/devkitpro/devkitPPC/lib/gcc/powerpc-gekko/4.2.3/crtbegin.o
 .rela.text.LWP_ThreadIsSuspended
                0x00000000        0x0 /opt/devkitpro/devkitPPC/lib/gcc/powerpc-gekko/4.2.3/crtbegin.o
 .rela.text.LWP_SetThreadPriority
                0x00000000        0x0 /opt/devkitpro/devkitPPC/lib/gcc/powerpc-gekko/4.2.3/crtbegin.o
 .rela.text.LWP_ResumeThread
                0x00000000        0x0 /opt/devkitpro/devkitPPC/lib/gcc/powerpc-gekko/4.2.3/crtbegin.o
 .rela.text.LWP_SuspendThread
                0x00000000        0x0 /opt/devkitpro/devkitPPC/lib/gcc/powerpc-gekko/4.2.3/crtbegin.o
 .rela.text.LWP_CreateThread
                0x00000000        0x0 /opt/devkitpro/devkitPPC/lib/gcc/powerpc-gekko/4.2.3/crtbegin.o
 .rela.text.__lwp_stack_free
                0x00000000        0x0 /opt/devkitpro/devkitPPC/lib/gcc/powerpc-gekko/4.2.3/crtbegin.o
 .rela.text.__lwp_stack_allocate
                0x00000000        0x0 /opt/devkitpro/devkitPPC/lib/gcc/powerpc-gekko/4.2.3/crtbegin.o
 .rela.text.__lwp_watchdog_init
                0x00000000        0x0 /opt/devkitpro/devkitPPC/lib/gcc/powerpc-gekko/4.2.3/crtbegin.o
 .rela.text.__lwp_wd_tickle
                0x00000000        0x0 /opt/devkitpro/devkitPPC/lib/gcc/powerpc-gekko/4.2.3/crtbegin.o
 .rela.text.__lwp_wkspace_init
                0x00000000        0x0 /opt/devkitpro/devkitPPC/lib/gcc/powerpc-gekko/4.2.3/crtbegin.o
 .rela.text.__lwp_wkspace_heapused
                0x00000000        0x0 /opt/devkitpro/devkitPPC/lib/gcc/powerpc-gekko/4.2.3/crtbegin.o
 .rela.text.__lwp_wkspace_heapfree
                0x00000000        0x0 /opt/devkitpro/devkitPPC/lib/gcc/powerpc-gekko/4.2.3/crtbegin.o
 .rela.text.__lwp_objmgr_initinfo
                0x00000000        0x0 /opt/devkitpro/devkitPPC/lib/gcc/powerpc-gekko/4.2.3/crtbegin.o
 .rela.text.__irq_init
                0x00000000        0x0 /opt/devkitpro/devkitPPC/lib/gcc/powerpc-gekko/4.2.3/crtbegin.o
 .rela.text.__sram_sync
                0x00000000        0x0 /opt/devkitpro/devkitPPC/lib/gcc/powerpc-gekko/4.2.3/crtbegin.o
 .rela.text.__locksram
                0x00000000        0x0 /opt/devkitpro/devkitPPC/lib/gcc/powerpc-gekko/4.2.3/crtbegin.o
 .rela.text.__sys_alarmhandler
                0x00000000        0x0 /opt/devkitpro/devkitPPC/lib/gcc/powerpc-gekko/4.2.3/crtbegin.o
 .rela.text.__sram_init
                0x00000000        0x0 /opt/devkitpro/devkitPPC/lib/gcc/powerpc-gekko/4.2.3/crtbegin.o
 .rela.text.SYS_Init
                0x00000000        0x0 /opt/devkitpro/devkitPPC/lib/gcc/powerpc-gekko/4.2.3/crtbegin.o
 .rela.text.__unlocksram
                0x00000000        0x0 /opt/devkitpro/devkitPPC/lib/gcc/powerpc-gekko/4.2.3/crtbegin.o
 .rela.text.__sram_writecallback
                0x00000000        0x0 /opt/devkitpro/devkitPPC/lib/gcc/powerpc-gekko/4.2.3/crtbegin.o
 .rela.text.SYS_CancelAlarm
                0x00000000        0x0 /opt/devkitpro/devkitPPC/lib/gcc/powerpc-gekko/4.2.3/crtbegin.o
 .rela.text.SYS_RemoveAlarm
                0x00000000        0x0 /opt/devkitpro/devkitPPC/lib/gcc/powerpc-gekko/4.2.3/crtbegin.o
 .rela.text.SYS_SetPeriodicAlarm
                0x00000000        0x0 /opt/devkitpro/devkitPPC/lib/gcc/powerpc-gekko/4.2.3/crtbegin.o
 .rela.text.SYS_SetAlarm
                0x00000000        0x0 /opt/devkitpro/devkitPPC/lib/gcc/powerpc-gekko/4.2.3/crtbegin.o
 .rela.text.__lwp_cond_init
                0x00000000        0x0 /opt/devkitpro/devkitPPC/lib/gcc/powerpc-gekko/4.2.3/crtbegin.o
 .rela.text.LWP_CondDestroy
                0x00000000        0x0 /opt/devkitpro/devkitPPC/lib/gcc/powerpc-gekko/4.2.3/crtbegin.o
 .rela.text.LWP_CondInit
                0x00000000        0x0 /opt/devkitpro/devkitPPC/lib/gcc/powerpc-gekko/4.2.3/crtbegin.o
 .rela.text.__lwp_cond_signalsupp
                0x00000000        0x0 /opt/devkitpro/devkitPPC/lib/gcc/powerpc-gekko/4.2.3/crtbegin.o
 .rela.text.__lwp_cond_waitsupp
                0x00000000        0x0 /opt/devkitpro/devkitPPC/lib/gcc/powerpc-gekko/4.2.3/crtbegin.o
 .rela.text.GX_EndDispList
                0x00000000        0x0 /opt/devkitpro/devkitPPC/lib/gcc/powerpc-gekko/4.2.3/crtbegin.o
 .rela.text.GX_BeginDispList
                0x00000000        0x0 /opt/devkitpro/devkitPPC/lib/gcc/powerpc-gekko/4.2.3/crtbegin.o
 .rela.text.c_decrementer_handler
                0x00000000        0x0 /opt/devkitpro/devkitPPC/lib/gcc/powerpc-gekko/4.2.3/crtbegin.o
 .rela.text.__lwp_mqbox_init
                0x00000000        0x0 /opt/devkitpro/devkitPPC/lib/gcc/powerpc-gekko/4.2.3/crtbegin.o
 .rela.text.MQ_Close
                0x00000000        0x0 /opt/devkitpro/devkitPPC/lib/gcc/powerpc-gekko/4.2.3/crtbegin.o
 .rela.text.MQ_Init
                0x00000000        0x0 /opt/devkitpro/devkitPPC/lib/gcc/powerpc-gekko/4.2.3/crtbegin.o
 .rela.text.MQ_Jam
                0x00000000        0x0 /opt/devkitpro/devkitPPC/lib/gcc/powerpc-gekko/4.2.3/crtbegin.o
 .rela.text.MQ_Receive
                0x00000000        0x0 /opt/devkitpro/devkitPPC/lib/gcc/powerpc-gekko/4.2.3/crtbegin.o
 .rela.text.MQ_Send
                0x00000000        0x0 /opt/devkitpro/devkitPPC/lib/gcc/powerpc-gekko/4.2.3/crtbegin.o
 .rela.text.__ios_ioctlvformat_parse
                0x00000000        0x0 /opt/devkitpro/devkitPPC/lib/gcc/powerpc-gekko/4.2.3/crtbegin.o
 .rela.text.__ioctlvfmtCB
                0x00000000        0x0 /opt/devkitpro/devkitPPC/lib/gcc/powerpc-gekko/4.2.3/crtbegin.o
 .rela.text.IOS_IoctlvFormatAsync
                0x00000000        0x0 /opt/devkitpro/devkitPPC/lib/gcc/powerpc-gekko/4.2.3/crtbegin.o
 .rela.text.IOS_IoctlvFormat
                0x00000000        0x0 /opt/devkitpro/devkitPPC/lib/gcc/powerpc-gekko/4.2.3/crtbegin.o
 .rela.text.nanosleep
                0x00000000        0x0 /opt/devkitpro/devkitPPC/lib/gcc/powerpc-gekko/4.2.3/crtbegin.o
 .rela.text.__libc_init
                0x00000000        0x0 /opt/devkitpro/devkitPPC/lib/gcc/powerpc-gekko/4.2.3/crtbegin.o
 .rela.text.__libc_wrapup
                0x00000000        0x0 /opt/devkitpro/devkitPPC/lib/gcc/powerpc-gekko/4.2.3/crtbegin.o
 .rela.text.__libc_delete_hook
                0x00000000        0x0 /opt/devkitpro/devkitPPC/lib/gcc/powerpc-gekko/4.2.3/crtbegin.o
 .rela.text.__CheckARGV
                0x00000000        0x0 /opt/devkitpro/devkitPPC/lib/gcc/powerpc-gekko/4.2.3/crtbegin.o
 .rela.text.__lwp_priority_init
                0x00000000        0x0 /opt/devkitpro/devkitPPC/lib/gcc/powerpc-gekko/4.2.3/crtbegin.o
 .rela.text.__lwp_threadqueue_extractpriority
                0x00000000        0x0 /opt/devkitpro/devkitPPC/lib/gcc/powerpc-gekko/4.2.3/crtbegin.o
 .rela.text.__lwp_threadqueue_extractfifo
                0x00000000        0x0 /opt/devkitpro/devkitPPC/lib/gcc/powerpc-gekko/4.2.3/crtbegin.o
 .rela.text.__lwp_threadqueue_dequeuepriority
                0x00000000        0x0 /opt/devkitpro/devkitPPC/lib/gcc/powerpc-gekko/4.2.3/crtbegin.o
 .rela.text.__lwp_threadqueue_enqueuepriority
                0x00000000        0x0 /opt/devkitpro/devkitPPC/lib/gcc/powerpc-gekko/4.2.3/crtbegin.o
 .rela.text.__lwp_threadqueue_dequeuefifo
                0x00000000        0x0 /opt/devkitpro/devkitPPC/lib/gcc/powerpc-gekko/4.2.3/crtbegin.o
 .rela.text.__lwp_threadqueue_enqueuefifo
                0x00000000        0x0 /opt/devkitpro/devkitPPC/lib/gcc/powerpc-gekko/4.2.3/crtbegin.o
 .rela.text.__lwp_threadqueue_enqueue
                0x00000000        0x0 /opt/devkitpro/devkitPPC/lib/gcc/powerpc-gekko/4.2.3/crtbegin.o
 .rela.text.__lwpmq_close
                0x00000000        0x0 /opt/devkitpro/devkitPPC/lib/gcc/powerpc-gekko/4.2.3/crtbegin.o
 .rela.text.__lwpmq_initialize
                0x00000000        0x0 /opt/devkitpro/devkitPPC/lib/gcc/powerpc-gekko/4.2.3/crtbegin.o
 .rela.text.__exception_sethandler
                0x00000000        0x0 /opt/devkitpro/devkitPPC/lib/gcc/powerpc-gekko/4.2.3/crtbegin.o
 .rela.text.__exception_init
                0x00000000        0x0 /opt/devkitpro/devkitPPC/lib/gcc/powerpc-gekko/4.2.3/crtbegin.o
 .rela.text.__systemcall_init
                0x00000000        0x0 /opt/devkitpro/devkitPPC/lib/gcc/powerpc-gekko/4.2.3/crtbegin.o
 .rela.text.__lwp_sema_init
                0x00000000        0x0 /opt/devkitpro/devkitPPC/lib/gcc/powerpc-gekko/4.2.3/crtbegin.o
 .rela.text.LWP_SemInit
                0x00000000        0x0 /opt/devkitpro/devkitPPC/lib/gcc/powerpc-gekko/4.2.3/crtbegin.o
 .rela.text.LWP_SemDestroy
                0x00000000        0x0 /opt/devkitpro/devkitPPC/lib/gcc/powerpc-gekko/4.2.3/crtbegin.o
 .rela.text.LWP_SemPost
                0x00000000        0x0 /opt/devkitpro/devkitPPC/lib/gcc/powerpc-gekko/4.2.3/crtbegin.o
 .rela.text.LWP_SemWait
                0x00000000        0x0 /opt/devkitpro/devkitPPC/lib/gcc/powerpc-gekko/4.2.3/crtbegin.o
 .rela.text.__lwp_mutex_init
                0x00000000        0x0 /opt/devkitpro/devkitPPC/lib/gcc/powerpc-gekko/4.2.3/crtbegin.o
 .rela.text.LWP_MutexDestroy
                0x00000000        0x0 /opt/devkitpro/devkitPPC/lib/gcc/powerpc-gekko/4.2.3/crtbegin.o
 .rela.text.LWP_MutexUnlock
                0x00000000        0x0 /opt/devkitpro/devkitPPC/lib/gcc/powerpc-gekko/4.2.3/crtbegin.o
 .rela.text.__lwp_mutex_locksupp
                0x00000000        0x0 /opt/devkitpro/devkitPPC/lib/gcc/powerpc-gekko/4.2.3/crtbegin.o
 .rela.text.LWP_MutexInit
                0x00000000        0x0 /opt/devkitpro/devkitPPC/lib/gcc/powerpc-gekko/4.2.3/crtbegin.o
 .rela.text.kprintf
                0x00000000        0x0 /opt/devkitpro/devkitPPC/lib/gcc/powerpc-gekko/4.2.3/crtbegin.o
 .rela.text.__console_init_ex
                0x00000000        0x0 /opt/devkitpro/devkitPPC/lib/gcc/powerpc-gekko/4.2.3/crtbegin.o
 .rela.text.__console_init
                0x00000000        0x0 /opt/devkitpro/devkitPPC/lib/gcc/powerpc-gekko/4.2.3/crtbegin.o

.rel.fini
 *(.rel.fini)

.rela.fini
 *(.rela.fini)

.rel.rodata
 *(.rel.rodata .rel.rodata.* .rel.gnu.linkonce.r.*)

.rela.rodata
 *(.rela.rodata .rela.rodata.* .rela.gnu.linkonce.r.*)

.rel.data
 *(.rel.data .rel.data.* .rel.gnu.linkonce.d.*)

.rela.data
 *(.rela.data .rela.data.* .rela.gnu.linkonce.d.*)

.rel.tdata
 *(.rel.tdata .rel.tdata.* .rel.gnu.linkonce.td.*)

.rela.tdata
 *(.rela.tdata .rela.tdata.* .rela.gnu.linkonce.td.*)

.rel.tbss
 *(.rel.tbss .rel.tbss.* .rel.gnu.linkonce.tb.*)

.rela.tbss
 *(.rela.tbss .rela.tbss.* .rela.gnu.linkonce.tb.*)

.rel.ctors
 *(.rel.ctors)

.rela.ctors
 *(.rela.ctors)

.rel.dtors
 *(.rel.dtors)

.rela.dtors
 *(.rela.dtors)

.rel.got
 *(.rel.got)

.rela.got
 *(.rela.got)

.rela.got1
 *(.rela.got1)

.rela.got2      0x80004208        0x0
 *(.rela.got2)
 .rela.got2     0x00000000        0x0 /opt/devkitpro/devkitPPC/lib/gcc/powerpc-gekko/4.2.3/crtbegin.o

.rel.sdata
 *(.rel.sdata .rel.sdata.* .rel.gnu.linkonce.s.*)

.rela.sdata
 *(.rela.sdata .rela.sdata.* .rela.gnu.linkonce.s.*)

.rel.sbss
 *(.rel.sbss .rel.sbss.* .rel.gnu.linkonce.sb.*)

.rela.sbss
 *(.rela.sbss .rela.sbss.* .rel.gnu.linkonce.sb.*)

.rel.sdata2
 *(.rel.sdata2 .rel.sdata2.* .rel.gnu.linkonce.s2.*)

.rela.sdata2    0x80004208        0x0
 *(.rela.sdata2 .rela.sdata2.* .rela.gnu.linkonce.s2.*)
 .rela.sdata2.__sys_inIPL
                0x00000000        0x0 /opt/devkitpro/devkitPPC/lib/gcc/powerpc-gekko/4.2.3/crtbegin.o
 .rela.sdata2._gx
                0x00000000        0x0 /opt/devkitpro/devkitPPC/lib/gcc/powerpc-gekko/4.2.3/crtbegin.o

.rel.sbss2
 *(.rel.sbss2 .rel.sbss2.* .rel.gnu.linkonce.sb2.*)

.rela.sbss2
 *(.rela.sbss2 .rela.sbss2.* .rela.gnu.linkonce.sb2.*)

.rel.bss
 *(.rel.bss .rel.bss.* .rel.gnu.linkonce.b.*)

.rela.bss
 *(.rela.bss .rela.bss.* .rela.gnu.linkonce.b.*)

.rel.plt
 *(.rel.plt)

.rela.plt
 *(.rela.plt)

.text           0x80004220    0x32a60
 *(.text)
 .text          0x80004220      0x140 /opt/devkitpro/devkitPPC/lib/gcc/powerpc-gekko/4.2.3/crtbegin.o
 .text          0x80004360       0x48 /opt/devkitpro/devkitPPC/lib/gcc/powerpc-gekko/4.2.3/../../../../powerpc-gekko/lib/crtmain.o
                0x80004364                __crtmain
 *fill*         0x800043a8       0x18 00000000
 .text          0x800043c0      0x4e8 /opt/devkitpro/libogc/lib/wii/libogc.a(lwp_handler.o)
                0x80004500                _cpu_context_restore_fp
                0x800047c0                _cpu_context_save
                0x800043c0                _cpu_context_save_fp
                0x80004640                _cpu_context_switch
                0x80004840                _cpu_context_restore
 .text          0x800048a8      0x5c4 /opt/devkitpro/libogc/lib/wii/libogc.a(system_asm.o)
                0x80004940                __configMEM1_48Mb
                0x80004dcc                __reset
                0x800048a8                __realmode
                0x80004cb0                __CacheInit
                0x80004aa0                __configMEM2_64Mb
                0x80004d14                __SystemInit
                0x80004bfc                __configMEM2_128Mb
                0x800048c0                __configMEM1_24Mb
                0x80004c78                __PSInit
                0x800049c0                __configMEM2_56Mb
                0x80004b1c                __configMEM2_112Mb
                0x80004d98                __flush_cache
                0x80004e3c                SYS_SwitchFiber
 .text          0x80004e6c      0x92c /opt/devkitpro/libogc/lib/wii/libogc.a(gu_psasm.o)
                0x80004e6c                ps_guMtxConcat
                0x8000573c                ps_guQuatNormalize
                0x80005430                ps_guMtxReflect
                0x8000550c                ps_guVecNormalize
                0x80005594                ps_guVecDotProduct
                0x8000535c                __ps_guMtxRotAxisRadInternal
                0x800050f0                ps_guMtxInvXpos
                0x800055b4                ps_guVecMultiply
                0x8000571c                ps_guQuatDotProduct
                0x80005558                ps_guVecCross
                0x80005680                ps_guQuatSub
                0x8000565c                ps_guQuatAdd
                0x80005608                ps_guVecMultiplySR
                0x80004f38                ps_guMtxIdentity
                0x800052ac                ps_guMtxRotTrig
                0x800054a8                ps_guVecAdd
                0x800054f0                ps_guVecScale
                0x800051b8                ps_guMtxScale
                0x80004f6c                ps_guMtxCopy
                0x800051e8                ps_guMtxScaleApply
                0x800056a4                ps_guQuatMultiply
                0x80004fa0                ps_guMtxTranspose
                0x80004ff8                ps_guMtxInverse
                0x80005234                ps_guMtxTrans
                0x8000526c                ps_guMtxTransApply
                0x800054cc                ps_guVecSub
 .text          0x80005798      0x1b0 /opt/devkitpro/libogc/lib/wii/libogc.a(irq_handler.o)
                0x80005798                irq_exceptionhandler
 .text          0x80005948      0x4d8 /opt/devkitpro/libogc/lib/wii/libogc.a(cache_asm.o)
                0x80005c24                L2Disable
                0x800059ac                DCBlockZero
                0x80005a64                DCFlushRangeNoSync
                0x80005bb8                ICBlockInvalidate
                0x80005948                DCFlashInvalidate
                0x800059b4                DCBlockStore
                0x80005ac4                DCZeroRange
                0x80005dd8                LCLoadBlocks
                0x800059a4                DCTouchLoad
                0x80005d98                LCAllocTags
                0x80005b80                ICDisable
                0x80005b6c                ICEnable
                0x80005c3c                L2GlobalInvalidate
                0x80005dfc                LCStoreBlocks
                0x80005b5c                ICFlashInvalidate
                0x80005af4                DCTouchRange
                0x80005a94                DCStoreRangeNoSync
                0x80005b94                ICFreeze
                0x8000596c                DCDisable
                0x800059bc                DCBlockFlush
                0x80005958                DCEnable
                0x80005c10                L2Enable
                0x80005c94                __LCEnable
                0x800059cc                DCInvalidateRange
                0x80005d84                LCAllocOneTag
                0x80005994                DCUnfreeze
                0x80005b24                ICInvalidateRange
                0x800059fc                DCFlushRange
                0x80005bc0                ICSync
                0x800059c4                DCBlockInvalidate
                0x80005980                DCFreeze
                0x80005bc8                L2Init
                0x80005ba8                ICUnfreeze
                0x80005a30                DCStoreRange
                0x80005d5c                LCDisable
 .text          0x80005e20      0x1b0 /opt/devkitpro/libogc/lib/wii/libogc.a(decrementer_handler.o)
                0x80005e20                dec_exceptionhandler
 .text          0x80005fd0      0x34c /opt/devkitpro/libogc/lib/wii/libogc.a(exception_handler.o)
                0x80005fd0                exceptionhandler_start
                0x80006084                default_exceptionhandler
                0x80006318                systemcallhandler_end
                0x800062fc                systemcallhandler_start
                0x80006080                exceptionhandler_end
                0x8000604c                exceptionhandler_patch
                0x800061c4                fpu_exceptionhandler
 .text          0x8000631c       0x34 /opt/devkitpro/devkitPPC/lib/gcc/powerpc-gekko/4.2.3/../../../../powerpc-gekko/lib/libm.a(lib_a-s_atan2.o)
                0x8000631c                atan2
 .text          0x80006350      0x284 /opt/devkitpro/devkitPPC/lib/gcc/powerpc-gekko/4.2.3/../../../../powerpc-gekko/lib/libm.a(lib_a-s_atangent.o)
                0x80006350                atangent
 .text          0x800065d4       0x24 /opt/devkitpro/devkitPPC/lib/gcc/powerpc-gekko/4.2.3/../../../../powerpc-gekko/lib/libm.a(lib_a-s_cos.o)
                0x800065d4                cos
 .text          0x800065f8       0xb4 /opt/devkitpro/devkitPPC/lib/gcc/powerpc-gekko/4.2.3/../../../../powerpc-gekko/lib/libm.a(lib_a-s_fabs.o)
                0x800065f8                fabs
 .text          0x800066ac       0xb4 /opt/devkitpro/devkitPPC/lib/gcc/powerpc-gekko/4.2.3/../../../../powerpc-gekko/lib/libm.a(lib_a-s_frexp.o)
                0x800066ac                frexp
 .text          0x80006760       0x50 /opt/devkitpro/devkitPPC/lib/gcc/powerpc-gekko/4.2.3/../../../../powerpc-gekko/lib/libm.a(lib_a-s_numtest.o)
                0x80006760                numtest
 .text          0x800067b0       0x24 /opt/devkitpro/devkitPPC/lib/gcc/powerpc-gekko/4.2.3/../../../../powerpc-gekko/lib/libm.a(lib_a-s_sin.o)
                0x800067b0                sin
 .text          0x800067d4      0x2c4 /opt/devkitpro/devkitPPC/lib/gcc/powerpc-gekko/4.2.3/../../../../powerpc-gekko/lib/libm.a(lib_a-s_sine.o)
                0x800067d4                sine
 .text          0x80006a98      0x184 /opt/devkitpro/devkitPPC/lib/gcc/powerpc-gekko/4.2.3/../../../../powerpc-gekko/lib/libm.a(lib_a-s_sqrt.o)
                0x80006a98                sqrt
 .text          0x80006c1c       0xc8 /opt/devkitpro/devkitPPC/lib/gcc/powerpc-gekko/4.2.3/../../../../powerpc-gekko/lib/libm.a(lib_a-sf_atan.o)
                0x80006c1c                atanf
 .text          0x80006ce4       0x38 /opt/devkitpro/devkitPPC/lib/gcc/powerpc-gekko/4.2.3/../../../../powerpc-gekko/lib/libm.a(lib_a-sf_atan2.o)
                0x80006ce4                atan2f
 .text          0x80006d1c      0x250 /opt/devkitpro/devkitPPC/lib/gcc/powerpc-gekko/4.2.3/../../../../powerpc-gekko/lib/libm.a(lib_a-sf_atangent.o)
                0x80006d1c                atangentf
 .text          0x80006f6c       0x24 /opt/devkitpro/devkitPPC/lib/gcc/powerpc-gekko/4.2.3/../../../../powerpc-gekko/lib/libm.a(lib_a-sf_cos.o)
                0x80006f6c                cosf
 .text          0x80006f90       0xb4 /opt/devkitpro/devkitPPC/lib/gcc/powerpc-gekko/4.2.3/../../../../powerpc-gekko/lib/libm.a(lib_a-sf_fabs.o)
                0x80006f90                fabsf
 .text          0x80007044       0x90 /opt/devkitpro/devkitPPC/lib/gcc/powerpc-gekko/4.2.3/../../../../powerpc-gekko/lib/libm.a(lib_a-sf_frexp.o)
                0x80007044                frexpf
 .text          0x800070d4       0x24 /opt/devkitpro/devkitPPC/lib/gcc/powerpc-gekko/4.2.3/../../../../powerpc-gekko/lib/libm.a(lib_a-sf_isinff.o)
                0x800070d4                __isinff
 .text          0x800070f8       0x28 /opt/devkitpro/devkitPPC/lib/gcc/powerpc-gekko/4.2.3/../../../../powerpc-gekko/lib/libm.a(lib_a-sf_isnanf.o)
                0x800070f8                __isnanf
 .text          0x80007120       0x48 /opt/devkitpro/devkitPPC/lib/gcc/powerpc-gekko/4.2.3/../../../../powerpc-gekko/lib/libm.a(lib_a-sf_numtest.o)
                0x80007120                numtestf
 .text          0x80007168       0x24 /opt/devkitpro/devkitPPC/lib/gcc/powerpc-gekko/4.2.3/../../../../powerpc-gekko/lib/libm.a(lib_a-sf_sin.o)
                0x80007168                sinf
 .text          0x8000718c      0x2b8 /opt/devkitpro/devkitPPC/lib/gcc/powerpc-gekko/4.2.3/../../../../powerpc-gekko/lib/libm.a(lib_a-sf_sine.o)
                0x8000718c                sinef
 .text          0x80007444      0x190 /opt/devkitpro/devkitPPC/lib/gcc/powerpc-gekko/4.2.3/../../../../powerpc-gekko/lib/libm.a(lib_a-sf_sqrt.o)
                0x80007444                sqrtf
 .text          0x800075d4       0x1c /opt/devkitpro/devkitPPC/lib/gcc/powerpc-gekko/4.2.3/../../../../powerpc-gekko/lib/libm.a(lib_a-s_ispos.o)
                0x800075d4                ispos
 .text          0x800075f0      0x154 /opt/devkitpro/devkitPPC/lib/gcc/powerpc-gekko/4.2.3/../../../../powerpc-gekko/lib/libm.a(lib_a-s_ldexp.o)
                0x800075f0                ldexp
 .text          0x80007744       0x1c /opt/devkitpro/devkitPPC/lib/gcc/powerpc-gekko/4.2.3/../../../../powerpc-gekko/lib/libm.a(lib_a-sf_ispos.o)
                0x80007744                isposf
 .text          0x80007760      0x14c /opt/devkitpro/devkitPPC/lib/gcc/powerpc-gekko/4.2.3/../../../../powerpc-gekko/lib/libm.a(lib_a-sf_ldexp.o)
                0x80007760                ldexpf
 .text          0x800078ac      0x430 /opt/devkitpro/devkitPPC/lib/gcc/powerpc-gekko/4.2.3/libgcc.a(_udivdi3.o)
                0x800078ac                __udivdi3
 .text          0x80007cdc       0x28 /opt/devkitpro/devkitPPC/lib/gcc/powerpc-gekko/4.2.3/../../../../powerpc-gekko/lib/libsysbase.a(abort.o)
                0x80007cdc                abort
 .text          0x80007d04       0x28 /opt/devkitpro/devkitPPC/lib/gcc/powerpc-gekko/4.2.3/../../../../powerpc-gekko/lib/libsysbase.a(_exit.o)
                0x80007d04                _exit
 .text          0x80007d2c       0x9c /opt/devkitpro/devkitPPC/lib/gcc/powerpc-gekko/4.2.3/../../../../powerpc-gekko/lib/libsysbase.a(build_argv.o)
                0x80007d2c                build_argv
 .text          0x80007dc8      0x168 /opt/devkitpro/devkitPPC/lib/gcc/powerpc-gekko/4.2.3/../../../../powerpc-gekko/lib/libsysbase.a(syscall_support.o)
                0x80007efc                __malloc_unlock
                0x80007e48                __libc_lock_release
                0x80007dc8                __libc_lock_init
                0x80007ec8                __malloc_lock
                0x80007e08                __libc_lock_close
                0x80007e88                __libc_lock_acquire
 .text          0x80007f30       0x34 /opt/devkitpro/devkitPPC/lib/gcc/powerpc-gekko/4.2.3/../../../../powerpc-gekko/lib/libc.a(lib_a-calloc.o)
                0x80007f30                calloc
 .text          0x80007f64       0xd0 /opt/devkitpro/devkitPPC/lib/gcc/powerpc-gekko/4.2.3/../../../../powerpc-gekko/lib/libc.a(lib_a-callocr.o)
                0x80007f64                _calloc_r
 .text          0x80008034        0xc /opt/devkitpro/devkitPPC/lib/gcc/powerpc-gekko/4.2.3/../../../../powerpc-gekko/lib/libc.a(lib_a-errno.o)
                0x80008034                __errno
 .text          0x80008040       0x40 /opt/devkitpro/devkitPPC/lib/gcc/powerpc-gekko/4.2.3/../../../../powerpc-gekko/lib/libc.a(lib_a-exit.o)
                0x80008040                exit
 .text          0x80008080      0x110 /opt/devkitpro/devkitPPC/lib/gcc/powerpc-gekko/4.2.3/../../../../powerpc-gekko/lib/libc.a(lib_a-fprintf.o)
                0x80008080                fprintf
                0x80008114                _fprintf_r
 .text          0x80008190      0x17c /opt/devkitpro/devkitPPC/lib/gcc/powerpc-gekko/4.2.3/../../../../powerpc-gekko/lib/libc.a(lib_a-fwrite.o)
                0x80008190                _fwrite_r
                0x800082e4                fwrite
 .text          0x8000830c       0x34 /opt/devkitpro/devkitPPC/lib/gcc/powerpc-gekko/4.2.3/../../../../powerpc-gekko/lib/libc.a(lib_a-malign.o)
                0x8000830c                memalign
 .text          0x80008340      0x1b0 /opt/devkitpro/devkitPPC/lib/gcc/powerpc-gekko/4.2.3/../../../../powerpc-gekko/lib/libc.a(lib_a-malignr.o)
                0x80008340                _memalign_r
 .text          0x800084f0       0x58 /opt/devkitpro/devkitPPC/lib/gcc/powerpc-gekko/4.2.3/../../../../powerpc-gekko/lib/libc.a(lib_a-malloc.o)
                0x8000851c                malloc
                0x800084f0                free
 .text          0x80008548      0x86c /opt/devkitpro/devkitPPC/lib/gcc/powerpc-gekko/4.2.3/../../../../powerpc-gekko/lib/libc.a(lib_a-mallocr.o)
                0x80008548                _malloc_r
 .text          0x80008db4       0x8c /opt/devkitpro/devkitPPC/lib/gcc/powerpc-gekko/4.2.3/../../../../powerpc-gekko/lib/libc.a(lib_a-memcmp.o)
                0x80008db4                memcmp
 .text          0x80008e40       0xc8 /opt/devkitpro/devkitPPC/lib/gcc/powerpc-gekko/4.2.3/../../../../powerpc-gekko/lib/libc.a(lib_a-memcpy.o)
                0x80008e40                memcpy
 .text          0x80008f08      0x104 /opt/devkitpro/devkitPPC/lib/gcc/powerpc-gekko/4.2.3/../../../../powerpc-gekko/lib/libc.a(lib_a-memmove.o)
                0x80008f08                memmove
 .text          0x8000900c       0xac /opt/devkitpro/devkitPPC/lib/gcc/powerpc-gekko/4.2.3/../../../../powerpc-gekko/lib/libc.a(lib_a-memset.o)
                0x8000900c                memset
 .text          0x800090b8      0x124 /opt/devkitpro/devkitPPC/lib/gcc/powerpc-gekko/4.2.3/../../../../powerpc-gekko/lib/libc.a(lib_a-printf.o)
                0x800090b8                printf
                0x80009150                _printf_r
 .text          0x800091dc       0xa8 /opt/devkitpro/devkitPPC/lib/gcc/powerpc-gekko/4.2.3/../../../../powerpc-gekko/lib/libc.a(lib_a-puts.o)
                0x800091dc                _puts_r
                0x80009274                puts
 .text          0x80009284      0x248 /opt/devkitpro/devkitPPC/lib/gcc/powerpc-gekko/4.2.3/../../../../powerpc-gekko/lib/libc.a(lib_a-reent.o)
                0x80009344                cleanup_glue
                0x80009394                _reclaim_reent
                0x80009284                _wrapup_reent
 .text          0x800094cc      0x2cc /opt/devkitpro/devkitPPC/lib/gcc/powerpc-gekko/4.2.3/../../../../powerpc-gekko/lib/libc.a(lib_a-setvbuf.o)
                0x800094cc                setvbuf
 .text          0x80009798      0x230 /opt/devkitpro/devkitPPC/lib/gcc/powerpc-gekko/4.2.3/../../../../powerpc-gekko/lib/libc.a(lib_a-snprintf.o)
                0x80009798                snprintf
                0x800098b0                _snprintf_r
 .text          0x800099c8       0xf0 /opt/devkitpro/devkitPPC/lib/gcc/powerpc-gekko/4.2.3/../../../../powerpc-gekko/lib/libc.a(lib_a-strchr.o)
                0x800099c8                strchr
 .text          0x80009ab8       0xc0 /opt/devkitpro/devkitPPC/lib/gcc/powerpc-gekko/4.2.3/../../../../powerpc-gekko/lib/libc.a(lib_a-strcmp.o)
                0x80009ab8                strcmp
 .text          0x80009b78       0x64 /opt/devkitpro/devkitPPC/lib/gcc/powerpc-gekko/4.2.3/../../../../powerpc-gekko/lib/libc.a(lib_a-strlen.o)
                0x80009b78                strlen
 .text          0x80009bdc       0x44 /opt/devkitpro/devkitPPC/lib/gcc/powerpc-gekko/4.2.3/../../../../powerpc-gekko/lib/libc.a(lib_a-strnlen.o)
                0x80009bdc                strnlen
 .text          0x80009c20       0x3c /opt/devkitpro/devkitPPC/lib/gcc/powerpc-gekko/4.2.3/../../../../powerpc-gekko/lib/libc.a(lib_a-syswrite.o)
                0x80009c20                write
 .text          0x80009c5c     0x2344 /opt/devkitpro/devkitPPC/lib/gcc/powerpc-gekko/4.2.3/../../../../powerpc-gekko/lib/libc.a(lib_a-vfprintf.o)
                0x80009cbc                _vfprintf_r
                0x8000bf80                vfprintf
 .text          0x8000bfa0       0xa4 /opt/devkitpro/devkitPPC/lib/gcc/powerpc-gekko/4.2.3/../../../../powerpc-gekko/lib/libc.a(lib_a-wcrtomb.o)
                0x8000bfa0                _wcrtomb_r
                0x8000c024                wcrtomb
 .text          0x8000c044      0x1d8 /opt/devkitpro/devkitPPC/lib/gcc/powerpc-gekko/4.2.3/../../../../powerpc-gekko/lib/libc.a(lib_a-wcsrtombs.o)
                0x8000c044                _wcsrtombs_r
                0x8000c1f4                wcsrtombs
 .text          0x8000c21c      0x464 /opt/devkitpro/devkitPPC/lib/gcc/powerpc-gekko/4.2.3/../../../../powerpc-gekko/lib/libc.a(lib_a-wctomb_r.o)
                0x8000c21c                _wctomb_r
 .text          0x8000c680      0x178 /opt/devkitpro/devkitPPC/lib/gcc/powerpc-gekko/4.2.3/../../../../powerpc-gekko/lib/libc.a(lib_a-wsetup.o)
                0x8000c680                __swsetup_r
 .text          0x8000c7f8      0x1ac /opt/devkitpro/devkitPPC/lib/gcc/powerpc-gekko/4.2.3/../../../../powerpc-gekko/lib/libc.a(lib_a-__call_atexit.o)
                0x8000c7f8                __call_exitprocs
 .text          0x8000c9a4     0x1390 /opt/devkitpro/devkitPPC/lib/gcc/powerpc-gekko/4.2.3/../../../../powerpc-gekko/lib/libc.a(lib_a-dtoa.o)
                0x8000cbe0                _dtoa_r
 .text          0x8000dd34      0x310 /opt/devkitpro/devkitPPC/lib/gcc/powerpc-gekko/4.2.3/../../../../powerpc-gekko/lib/libc.a(lib_a-fflush.o)
                0x8000dff4                fflush
                0x8000dd34                _fflush_r
 .text          0x8000e044      0x4ac /opt/devkitpro/devkitPPC/lib/gcc/powerpc-gekko/4.2.3/../../../../powerpc-gekko/lib/libc.a(lib_a-findfp.o)
                0x8000e230                __sinit
                0x8000e350                __sfmoreglue
                0x8000e06c                _cleanup
                0x8000e044                _cleanup_r
                0x8000e31c                __fp_lock_all
                0x8000e2cc                __sfp_lock_acquire
                0x8000e3c8                __sfp
                0x8000e0d8                __sinit_lock_release
                0x8000e12c                __fp_unlock_all
                0x8000e100                __sfp_lock_release
                0x8000e1e4                __sinit_lock_acquire
 .text          0x8000e4f0      0x3f8 /opt/devkitpro/devkitPPC/lib/gcc/powerpc-gekko/4.2.3/../../../../powerpc-gekko/lib/libc.a(lib_a-freer.o)
                0x8000e60c                _free_r
                0x8000e4f0                _malloc_trim_r
 .text          0x8000e8e8      0x528 /opt/devkitpro/devkitPPC/lib/gcc/powerpc-gekko/4.2.3/../../../../powerpc-gekko/lib/libc.a(lib_a-fvwrite.o)
                0x8000e8e8                __sfvwrite_r
 .text          0x8000ee10      0x20c /opt/devkitpro/devkitPPC/lib/gcc/powerpc-gekko/4.2.3/../../../../powerpc-gekko/lib/libc.a(lib_a-fwalk.o)
                0x8000ef1c                _fwalk
                0x8000ee10                _fwalk_reent
 .text          0x8000f01c      0x4c4 /opt/devkitpro/devkitPPC/lib/gcc/powerpc-gekko/4.2.3/../../../../powerpc-gekko/lib/libc.a(lib_a-locale.o)
                0x8000f040                _setlocale_r
                0x8000f01c                __locale_charset
                0x8000f028                _localeconv_r
                0x8000f4c8                setlocale
                0x8000f034                localeconv
 .text          0x8000f4e0      0x1bc /opt/devkitpro/devkitPPC/lib/gcc/powerpc-gekko/4.2.3/../../../../powerpc-gekko/lib/libc.a(lib_a-makebuf.o)
                0x8000f4e0                __smakebuf_r
 .text          0x8000f69c      0x9a8 /opt/devkitpro/devkitPPC/lib/gcc/powerpc-gekko/4.2.3/../../../../powerpc-gekko/lib/libc.a(lib_a-mbtowc_r.o)
                0x8000f69c                _mbtowc_r
 .text          0x80010044      0x100 /opt/devkitpro/devkitPPC/lib/gcc/powerpc-gekko/4.2.3/../../../../powerpc-gekko/lib/libc.a(lib_a-memchr.o)
                0x80010044                memchr
 .text          0x80010144     0x1114 /opt/devkitpro/devkitPPC/lib/gcc/powerpc-gekko/4.2.3/../../../../powerpc-gekko/lib/libc.a(lib_a-mprec.o)
                0x800105ac                _mprec_log10
                0x80010650                __any_on
                0x800106f0                _Balloc
                0x800104e8                __ratio
                0x80010eb0                __i2b
                0x80010398                __b2d
                0x80011130                __s2b
                0x80010298                __mcmp
                0x80010168                __hi0bits
                0x80011004                __pow5mult
                0x80010b14                __lshift
                0x80010c7c                __multiply
                0x800107c0                __d2b
                0x800105e8                __copybits
                0x800102f8                __ulp
                0x80010968                __mdiff
                0x800101d4                __lo0bits
                0x80010eec                __multadd
                0x80010144                _Bfree
 .text          0x80011258      0x5b0 /opt/devkitpro/devkitPPC/lib/gcc/powerpc-gekko/4.2.3/../../../../powerpc-gekko/lib/libc.a(lib_a-reallocr.o)
                0x80011258                _realloc_r
 .text          0x80011808       0x44 /opt/devkitpro/devkitPPC/lib/gcc/powerpc-gekko/4.2.3/../../../../powerpc-gekko/lib/libc.a(lib_a-s_isinfd.o)
                0x80011808                __isinfd
 .text          0x8001184c       0x38 /opt/devkitpro/devkitPPC/lib/gcc/powerpc-gekko/4.2.3/../../../../powerpc-gekko/lib/libc.a(lib_a-s_isnand.o)
                0x8001184c                __isnand
 .text          0x80011884      0x178 /opt/devkitpro/devkitPPC/lib/gcc/powerpc-gekko/4.2.3/../../../../powerpc-gekko/lib/libc.a(lib_a-stdio.o)
                0x800118a8                __sseek
                0x80011998                __sread
                0x80011884                __sclose
                0x80011910                __swrite
 .text          0x800119fc       0x74 /opt/devkitpro/devkitPPC/lib/gcc/powerpc-gekko/4.2.3/../../../../powerpc-gekko/lib/libc.a(lib_a-strcpy.o)
                0x800119fc                strcpy
 .text          0x80011a70      0x188 /opt/devkitpro/devkitPPC/lib/gcc/powerpc-gekko/4.2.3/../../../../powerpc-gekko/lib/libc.a(lib_a-fclose.o)
                0x80011a70                _fclose_r
                0x80011be8                fclose
 .text          0x80011bf8       0xa0 /opt/devkitpro/devkitPPC/lib/gcc/powerpc-gekko/4.2.3/../../../../powerpc-gekko/lib/libsysbase.a(close.o)
                0x80011bf8                _close_r
 .text          0x80011c98       0xc8 /opt/devkitpro/devkitPPC/lib/gcc/powerpc-gekko/4.2.3/../../../../powerpc-gekko/lib/libsysbase.a(fstat.o)
                0x80011c98                _fstat_r
 .text          0x80011d60        0x8 /opt/devkitpro/devkitPPC/lib/gcc/powerpc-gekko/4.2.3/../../../../powerpc-gekko/lib/libsysbase.a(isatty.o)
                0x80011d60                isatty
 .text          0x80011d68       0xd0 /opt/devkitpro/devkitPPC/lib/gcc/powerpc-gekko/4.2.3/../../../../powerpc-gekko/lib/libsysbase.a(lseek.o)
                0x80011d68                _lseek_r
 .text          0x80011e38       0xcc /opt/devkitpro/devkitPPC/lib/gcc/powerpc-gekko/4.2.3/../../../../powerpc-gekko/lib/libsysbase.a(read.o)
                0x80011e38                _read_r
 .text          0x80011f04       0x50 /opt/devkitpro/devkitPPC/lib/gcc/powerpc-gekko/4.2.3/../../../../powerpc-gekko/lib/libsysbase.a(sbrk.o)
                0x80011f04                _sbrk_r
 .text          0x80011f54       0xcc /opt/devkitpro/devkitPPC/lib/gcc/powerpc-gekko/4.2.3/../../../../powerpc-gekko/lib/libsysbase.a(write.o)
                0x80011f54                _write_r
 .text          0x80012020       0x6c /opt/devkitpro/devkitPPC/lib/gcc/powerpc-gekko/4.2.3/../../../../powerpc-gekko/lib/libsysbase.a(flock.o)
                0x80012044                __flockfile
                0x80012020                __funlockfile
 .text          0x8001208c      0x120 /opt/devkitpro/devkitPPC/lib/gcc/powerpc-gekko/4.2.3/../../../../powerpc-gekko/lib/libsysbase.a(handle_manager.o)
                0x80012150                __release_handle
                0x800120b8                __alloc_handle
                0x8001208c                __get_handle
 .text          0x800121ac      0x450 /opt/devkitpro/devkitPPC/lib/gcc/powerpc-gekko/4.2.3/libgcc.a(_umoddi3.o)
                0x800121ac                __umoddi3
 .text          0x800125fc       0x6c /opt/devkitpro/devkitPPC/lib/gcc/powerpc-gekko/4.2.3/crtend.o
 *(.text.*)
 .text.GRRLIB_Splitu32
                0x80012668       0x1c GRRLIB.o
                0x80012668                GRRLIB_Splitu32
 .text.GRRLIB_Render
                0x80012684       0x8c GRRLIB.o
                0x80012684                GRRLIB_Render
 .text.GRRLIB_Start
                0x80012710      0x2fc GRRLIB.o
                0x80012710                GRRLIB_Start
 .text.GRRLIB_InitVideo
                0x80012a0c       0xb4 GRRLIB.o
                0x80012a0c                GRRLIB_InitVideo
 .text.GRRLIB_GXEngine
                0x80012ac0       0xc0 GRRLIB.o
                0x80012ac0                GRRLIB_GXEngine
 .text.GRRLIB_NGoneFilled
                0x80012b80        0x8 GRRLIB.o
                0x80012b80                GRRLIB_NGoneFilled
 .text.GRRLIB_NPlot
                0x80012b88        0x8 GRRLIB.o
                0x80012b88                GRRLIB_NPlot
 .text.GRRLIB_Plot
                0x80012b90       0x44 GRRLIB.o
                0x80012b90                GRRLIB_Plot
 .text.GRRLIB_FillScreen
                0x80012bd4       0xa0 GRRLIB.o
                0x80012bd4                GRRLIB_FillScreen
 .text.main     0x80012c74      0x184 main.o
                0x80012c74                main
 .text.WPAD_SetIdleTimeout
                0x80012df8       0x2c /opt/devkitpro/libogc/lib/wii/libwiiuse.a(wpad.o)
                0x80012df8                WPAD_SetIdleTimeout
 .text.WPAD_ButtonsDown
                0x80012e24       0x30 /opt/devkitpro/libogc/lib/wii/libwiiuse.a(wpad.o)
                0x80012e24                WPAD_ButtonsDown
 .text.WPAD_IR  0x80012e54       0x58 /opt/devkitpro/libogc/lib/wii/libwiiuse.a(wpad.o)
                0x80012e54                WPAD_IR
 .text.__wpad_disconnect
                0x80012eac       0x58 /opt/devkitpro/libogc/lib/wii/libwiiuse.a(wpad.o)
 .text.WPAD_Shutdown
                0x80012f04       0xe0 /opt/devkitpro/libogc/lib/wii/libwiiuse.a(wpad.o)
                0x80012f04                WPAD_Shutdown
 .text.__wpad_onreset
                0x80012fe4       0x2c /opt/devkitpro/libogc/lib/wii/libwiiuse.a(wpad.o)
 .text.__wpad_timeouthandler
                0x80013010       0xb8 /opt/devkitpro/libogc/lib/wii/libwiiuse.a(wpad.o)
 .text.WPAD_SetVRes
                0x800130c8       0xdc /opt/devkitpro/libogc/lib/wii/libwiiuse.a(wpad.o)
                0x800130c8                WPAD_SetVRes
 .text.__wpad_setfmt
                0x800131a4      0x110 /opt/devkitpro/libogc/lib/wii/libwiiuse.a(wpad.o)
 .text.WPAD_SetDataFormat
                0x800132b4       0xf4 /opt/devkitpro/libogc/lib/wii/libwiiuse.a(wpad.o)
                0x800132b4                WPAD_SetDataFormat
 .text.WPAD_ReadEvent
                0x800133a8      0x538 /opt/devkitpro/libogc/lib/wii/libwiiuse.a(wpad.o)
                0x800133a8                WPAD_ReadEvent
 .text.WPAD_ReadPending
                0x800138e0      0x174 /opt/devkitpro/libogc/lib/wii/libwiiuse.a(wpad.o)
                0x800138e0                WPAD_ReadPending
 .text.WPAD_ScanPads
                0x80013a54        0xc /opt/devkitpro/libogc/lib/wii/libwiiuse.a(wpad.o)
                0x80013a54                WPAD_ScanPads
 .text.WPAD_Init
                0x80013a60      0x1c0 /opt/devkitpro/libogc/lib/wii/libwiiuse.a(wpad.o)
                0x80013a60                WPAD_Init
 .text.__initcore_finished
                0x80013c20       0x40 /opt/devkitpro/libogc/lib/wii/libwiiuse.a(wpad.o)
 .text.__readlinkkey_finished
                0x80013c60       0x38 /opt/devkitpro/libogc/lib/wii/libwiiuse.a(wpad.o)
 .text.__wpad_patch_finished
                0x80013c98       0x2c /opt/devkitpro/libogc/lib/wii/libwiiuse.a(wpad.o)
 .text.__wpad_init_finished
                0x80013cc4      0x104 /opt/devkitpro/libogc/lib/wii/libwiiuse.a(wpad.o)
 .text.__wpad_eventCB
                0x80013dc8      0x8d0 /opt/devkitpro/libogc/lib/wii/libwiiuse.a(wpad.o)
 .text.calculate_gforce
                0x80014698       0xfc /opt/devkitpro/libogc/lib/wii/libwiiuse.a(dynamics.o)
                0x80014698                calculate_gforce
 .text.apply_smoothing
                0x80014794      0x184 /opt/devkitpro/libogc/lib/wii/libwiiuse.a(dynamics.o)
                0x80014794                apply_smoothing
 .text.calc_joystick_state
                0x80014918      0x274 /opt/devkitpro/libogc/lib/wii/libwiiuse.a(dynamics.o)
                0x80014918                calc_joystick_state
 .text.calculate_orientation
                0x80014b8c      0x298 /opt/devkitpro/libogc/lib/wii/libwiiuse.a(dynamics.o)
                0x80014b8c                calculate_orientation
 .text.wiiuse_io_write
                0x80014e24       0x44 /opt/devkitpro/libogc/lib/wii/libwiiuse.a(io_wii.o)
                0x80014e24                wiiuse_io_write
 .text.__wiiuse_disconnected
                0x80014e68       0x98 /opt/devkitpro/libogc/lib/wii/libwiiuse.a(io_wii.o)
 .text.__wiiuse_sent
                0x80014f00       0xb8 /opt/devkitpro/libogc/lib/wii/libwiiuse.a(io_wii.o)
 .text.wiiuse_init_cmd_queue
                0x80014fb8       0x4c /opt/devkitpro/libogc/lib/wii/libwiiuse.a(io_wii.o)
                0x80014fb8                wiiuse_init_cmd_queue
 .text.wiiuse_disconnect
                0x80015004       0x40 /opt/devkitpro/libogc/lib/wii/libwiiuse.a(io_wii.o)
                0x80015004                wiiuse_disconnect
 .text.wiiuse_register
                0x80015044       0xd0 /opt/devkitpro/libogc/lib/wii/libwiiuse.a(io_wii.o)
                0x80015044                wiiuse_register
 .text.__wiiuse_connected
                0x80015114       0x40 /opt/devkitpro/libogc/lib/wii/libwiiuse.a(io_wii.o)
 .text.__wiiuse_receive
                0x80015154       0xc0 /opt/devkitpro/libogc/lib/wii/libwiiuse.a(io_wii.o)
 .text.__wiiuse_sensorbar_enable
                0x80015214       0x50 /opt/devkitpro/libogc/lib/wii/libwiiuse.a(io_wii.o)
                0x80015214                __wiiuse_sensorbar_enable
 .text.get_ir_sens
                0x80015264       0xec /opt/devkitpro/libogc/lib/wii/libwiiuse.a(ir.o)
 .text.wiiuse_set_ir_vres
                0x80015350       0x1c /opt/devkitpro/libogc/lib/wii/libwiiuse.a(ir.o)
                0x80015350                wiiuse_set_ir_vres
 .text.wiiuse_set_ir_position
                0x8001536c       0x80 /opt/devkitpro/libogc/lib/wii/libwiiuse.a(ir.o)
                0x8001536c                wiiuse_set_ir_position
 .text.wiiuse_set_aspect_ratio
                0x800153ec       0x44 /opt/devkitpro/libogc/lib/wii/libwiiuse.a(ir.o)
                0x800153ec                wiiuse_set_aspect_ratio
 .text.calculate_basic_ir
                0x80015430       0xf4 /opt/devkitpro/libogc/lib/wii/libwiiuse.a(ir.o)
                0x80015430                calculate_basic_ir
 .text.calculate_extended_ir
                0x80015524       0x70 /opt/devkitpro/libogc/lib/wii/libwiiuse.a(ir.o)
                0x80015524                calculate_extended_ir
 .text.calc_yaw
                0x80015594       0x54 /opt/devkitpro/libogc/lib/wii/libwiiuse.a(ir.o)
                0x80015594                calc_yaw
 .text.apply_ir_smoothing
                0x800155e8       0xf4 /opt/devkitpro/libogc/lib/wii/libwiiuse.a(ir.o)
                0x800155e8                apply_ir_smoothing
 .text.rotate_dots
                0x800156dc      0x120 /opt/devkitpro/libogc/lib/wii/libwiiuse.a(ir.o)
 .text.find_sensorbar
                0x800157fc      0x968 /opt/devkitpro/libogc/lib/wii/libwiiuse.a(ir.o)
                0x800157fc                find_sensorbar
 .text.interpret_ir_data
                0x80016164      0x33c /opt/devkitpro/libogc/lib/wii/libwiiuse.a(ir.o)
                0x80016164                interpret_ir_data
 .text.wiiuse_set_ir_sensitivity
                0x800164a0      0x118 /opt/devkitpro/libogc/lib/wii/libwiiuse.a(ir.o)
                0x800164a0                wiiuse_set_ir_sensitivity
 .text.wiiuse_set_ir_mode
                0x800165b8       0x6c /opt/devkitpro/libogc/lib/wii/libwiiuse.a(ir.o)
                0x800165b8                wiiuse_set_ir_mode
 .text.wiiuse_set_ir
                0x80016624      0x21c /opt/devkitpro/libogc/lib/wii/libwiiuse.a(ir.o)
                0x80016624                wiiuse_set_ir
 .text.wiiuse_set_flags
                0x80016840       0x20 /opt/devkitpro/libogc/lib/wii/libwiiuse.a(wiiuse.o)
                0x80016840                wiiuse_set_flags
 .text.wiiuse_send_next_command
                0x80016860       0x6c /opt/devkitpro/libogc/lib/wii/libwiiuse.a(wiiuse.o)
                0x80016860                wiiuse_send_next_command
 .text.wiiuse_write_data
                0x800168cc      0x168 /opt/devkitpro/libogc/lib/wii/libwiiuse.a(wiiuse.o)
                0x800168cc                wiiuse_write_data
 .text.wiiuse_init
                0x80016a34      0x164 /opt/devkitpro/libogc/lib/wii/libwiiuse.a(wiiuse.o)
                0x80016a34                wiiuse_init
 .text.wiiuse_sendcmd
                0x80016b98       0xf8 /opt/devkitpro/libogc/lib/wii/libwiiuse.a(wiiuse.o)
                0x80016b98                wiiuse_sendcmd
 .text.wiiuse_status
                0x80016c90       0x5c /opt/devkitpro/libogc/lib/wii/libwiiuse.a(wiiuse.o)
                0x80016c90                wiiuse_status
 .text.wiiuse_motion_sensing
                0x80016cec       0x54 /opt/devkitpro/libogc/lib/wii/libwiiuse.a(wiiuse.o)
                0x80016cec                wiiuse_motion_sensing
 .text.wiiuse_set_report_type
                0x80016d40      0x100 /opt/devkitpro/libogc/lib/wii/libwiiuse.a(wiiuse.o)
                0x80016d40                wiiuse_set_report_type
 .text.wiiuse_set_leds
                0x80016e40       0x60 /opt/devkitpro/libogc/lib/wii/libwiiuse.a(wiiuse.o)
                0x80016e40                wiiuse_set_leds
 .text.wiiuse_read_data
                0x80016ea0      0x130 /opt/devkitpro/libogc/lib/wii/libwiiuse.a(wiiuse.o)
                0x80016ea0                wiiuse_read_data
 .text.wiiuse_pressed_buttons
                0x80016fd0       0x2c /opt/devkitpro/libogc/lib/wii/libwiiuse.a(events.o)
                0x80016fd0                wiiuse_pressed_buttons
 .text.handle_expansion
                0x80016ffc       0x80 /opt/devkitpro/libogc/lib/wii/libwiiuse.a(events.o)
 .text.parse_event
                0x8001707c      0x460 /opt/devkitpro/libogc/lib/wii/libwiiuse.a(events.o)
                0x8001707c                parse_event
 .text.guitar_hero_3_event
                0x800174dc       0x84 /opt/devkitpro/libogc/lib/wii/libwiiuse.a(guitar_hero_3.o)
                0x800174dc                guitar_hero_3_event
 .text.guitar_hero_3_disconnected
                0x80017560       0x28 /opt/devkitpro/libogc/lib/wii/libwiiuse.a(guitar_hero_3.o)
                0x80017560                guitar_hero_3_disconnected
 .text.guitar_hero_3_handshake
                0x80017588       0xd8 /opt/devkitpro/libogc/lib/wii/libwiiuse.a(guitar_hero_3.o)
                0x80017588                guitar_hero_3_handshake
 .text.wiiuse_disable_expansion
                0x80017660      0x10c /opt/devkitpro/libogc/lib/wii/libwiiuse.a(io.o)
                0x80017660                wiiuse_disable_expansion
 .text.wiiuse_handshake
                0x8001776c      0x104 /opt/devkitpro/libogc/lib/wii/libwiiuse.a(io.o)
                0x8001776c                wiiuse_handshake
 .text.wiiuse_handshake_expansion
                0x80017870      0x1b0 /opt/devkitpro/libogc/lib/wii/libwiiuse.a(io.o)
                0x80017870                wiiuse_handshake_expansion
 .text.wiiuse_handshake_expansion_enabled
                0x80017a20       0x64 /opt/devkitpro/libogc/lib/wii/libwiiuse.a(io.o)
                0x80017a20                wiiuse_handshake_expansion_enabled
 .text.nunchuk_event
                0x80017a84       0x8c /opt/devkitpro/libogc/lib/wii/libwiiuse.a(nunchuk.o)
                0x80017a84                nunchuk_event
 .text.nunchuk_disconnected
                0x80017b10       0x28 /opt/devkitpro/libogc/lib/wii/libwiiuse.a(nunchuk.o)
                0x80017b10                nunchuk_disconnected
 .text.nunchuk_handshake
                0x80017b38      0x150 /opt/devkitpro/libogc/lib/wii/libwiiuse.a(nunchuk.o)
                0x80017b38                nunchuk_handshake
 .text.classic_ctrl_event
                0x80017c88       0xd8 /opt/devkitpro/libogc/lib/wii/libwiiuse.a(classic.o)
                0x80017c88                classic_ctrl_event
 .text.classic_ctrl_disconnected
                0x80017d60       0x28 /opt/devkitpro/libogc/lib/wii/libwiiuse.a(classic.o)
                0x80017d60                classic_ctrl_disconnected
 .text.classic_ctrl_handshake
                0x80017d88      0x150 /opt/devkitpro/libogc/lib/wii/libwiiuse.a(classic.o)
                0x80017d88                classic_ctrl_handshake
 .text.bte_arg  0x80017ed8       0x28 /opt/devkitpro/libogc/lib/wii/libbte.a(bte.o)
                0x80017ed8                bte_arg
 .text.bte_received
                0x80017f00       0x28 /opt/devkitpro/libogc/lib/wii/libbte.a(bte.o)
                0x80017f00                bte_received
 .text.bte_disconnected
                0x80017f28       0x28 /opt/devkitpro/libogc/lib/wii/libbte.a(bte.o)
                0x80017f28                bte_disconnected
 .text.acl_wlp_completed
                0x80017f50        0x8 /opt/devkitpro/libogc/lib/wii/libbte.a(bte.o)
                0x80017f50                acl_wlp_completed
 .text.l2cap_accepted
                0x80017f58      0x10c /opt/devkitpro/libogc/lib/wii/libbte.a(bte.o)
                0x80017f58                l2cap_accepted
 .text.l2cap_disconnected_ind
                0x80018064      0x174 /opt/devkitpro/libogc/lib/wii/libbte.a(bte.o)
                0x80018064                l2cap_disconnected_ind
 .text.__bte_send_pending_request
                0x800181d8       0xe0 /opt/devkitpro/libogc/lib/wii/libbte.a(bte.o)
 .text.bte_process_input
                0x800182b8      0x100 /opt/devkitpro/libogc/lib/wii/libbte.a(bte.o)
 .text.__bte_send_request
                0x800183b8       0x90 /opt/devkitpro/libogc/lib/wii/libbte.a(bte.o)
 .text.bte_disconnect
                0x80018448       0x80 /opt/devkitpro/libogc/lib/wii/libbte.a(bte.o)
                0x80018448                bte_disconnect
 .text.l2cap_disconnect_cfm
                0x800184c8      0x118 /opt/devkitpro/libogc/lib/wii/libbte.a(bte.o)
                0x800184c8                l2cap_disconnect_cfm
 .text.acl_conn_complete
                0x800185e0       0x2c /opt/devkitpro/libogc/lib/wii/libbte.a(bte.o)
                0x800185e0                acl_conn_complete
 .text.bte_sendmessageasync
                0x8001860c      0x160 /opt/devkitpro/libogc/lib/wii/libbte.a(bte.o)
                0x8001860c                bte_sendmessageasync
 .text.bte_registerdeviceasync
                0x8001876c      0x184 /opt/devkitpro/libogc/lib/wii/libbte.a(bte.o)
                0x8001876c                bte_registerdeviceasync
 .text.bte_new  0x800188f0       0x60 /opt/devkitpro/libogc/lib/wii/libbte.a(bte.o)
                0x800188f0                bte_new
 .text.BTE_InitSub
                0x80018950       0x7c /opt/devkitpro/libogc/lib/wii/libbte.a(bte.o)
                0x80018950                BTE_InitSub
 .text.BTE_ApplyPatch
                0x800189cc       0x90 /opt/devkitpro/libogc/lib/wii/libbte.a(bte.o)
                0x800189cc                BTE_ApplyPatch
 .text.BTE_InitCore
                0x80018a5c       0x78 /opt/devkitpro/libogc/lib/wii/libbte.a(bte.o)
                0x80018a5c                BTE_InitCore
 .text.BTE_ReadStoredLinkKey
                0x80018ad4       0x7c /opt/devkitpro/libogc/lib/wii/libbte.a(bte.o)
                0x80018ad4                BTE_ReadStoredLinkKey
 .text.BTE_Shutdown
                0x80018b50       0xec /opt/devkitpro/libogc/lib/wii/libbte.a(bte.o)
                0x80018b50                BTE_Shutdown
 .text.__bte_shutdown_finished
                0x80018c3c      0x104 /opt/devkitpro/libogc/lib/wii/libbte.a(bte.o)
 .text.BTE_Init
                0x80018d40      0x120 /opt/devkitpro/libogc/lib/wii/libbte.a(bte.o)
                0x80018d40                BTE_Init
 .text.bt_alarmhandler
                0x80018e60       0x60 /opt/devkitpro/libogc/lib/wii/libbte.a(bte.o)
 .text.bte_hci_initsub_complete
                0x80018ec0      0x208 /opt/devkitpro/libogc/lib/wii/libbte.a(bte.o)
                0x80018ec0                bte_hci_initsub_complete
 .text.bte_hci_patch_complete
                0x800190c8      0x290 /opt/devkitpro/libogc/lib/wii/libbte.a(bte.o)
                0x800190c8                bte_hci_patch_complete
 .text.bte_hci_apply_patch_complete
                0x80019358      0x148 /opt/devkitpro/libogc/lib/wii/libbte.a(bte.o)
                0x80019358                bte_hci_apply_patch_complete
 .text.bte_hci_initcore_complete
                0x800194a0      0x1f4 /opt/devkitpro/libogc/lib/wii/libbte.a(bte.o)
                0x800194a0                bte_hci_initcore_complete
 .text.bte_hci_initcore_complete2
                0x80019694      0x1bc /opt/devkitpro/libogc/lib/wii/libbte.a(bte.o)
                0x80019694                bte_hci_initcore_complete2
 .text.bte_read_stored_link_key_complete
                0x80019850      0x228 /opt/devkitpro/libogc/lib/wii/libbte.a(bte.o)
                0x80019850                bte_read_stored_link_key_complete
 .text.hci_get_link
                0x80019a78       0x88 /opt/devkitpro/libogc/lib/wii/libbte.a(hci.o)
                0x80019a78                hci_get_link
 .text.hci_arg  0x80019b00       0x10 /opt/devkitpro/libogc/lib/wii/libbte.a(hci.o)
                0x80019b00                hci_arg
 .text.hci_cmd_complete
                0x80019b10       0x10 /opt/devkitpro/libogc/lib/wii/libbte.a(hci.o)
                0x80019b10                hci_cmd_complete
 .text.hci_connection_complete
                0x80019b20       0x10 /opt/devkitpro/libogc/lib/wii/libbte.a(hci.o)
                0x80019b20                hci_connection_complete
 .text.hci_wlp_complete
                0x80019b30       0x10 /opt/devkitpro/libogc/lib/wii/libbte.a(hci.o)
                0x80019b30                hci_wlp_complete
 .text.hci_cmd_ass
                0x80019b40       0x4c /opt/devkitpro/libogc/lib/wii/libbte.a(hci.o)
                0x80019b40                hci_cmd_ass
 .text.lp_pdu_maxsize
                0x80019b8c       0x10 /opt/devkitpro/libogc/lib/wii/libbte.a(hci.o)
                0x80019b8c                lp_pdu_maxsize
 .text.hci_host_num_comp_packets
                0x80019b9c       0xe8 /opt/devkitpro/libogc/lib/wii/libbte.a(hci.o)
                0x80019b9c                hci_host_num_comp_packets
 .text.hci_write_cod
                0x80019c84       0xa8 /opt/devkitpro/libogc/lib/wii/libbte.a(hci.o)
                0x80019c84                hci_write_cod
 .text.hci_disconnect
                0x80019d2c       0xf0 /opt/devkitpro/libogc/lib/wii/libbte.a(hci.o)
                0x80019d2c                hci_disconnect
 .text.hci_pin_code_request_neg_reply
                0x80019e1c       0xa8 /opt/devkitpro/libogc/lib/wii/libbte.a(hci.o)
                0x80019e1c                hci_pin_code_request_neg_reply
 .text.hci_vendor_specific_command
                0x80019ec4       0xd4 /opt/devkitpro/libogc/lib/wii/libbte.a(hci.o)
                0x80019ec4                hci_vendor_specific_command
 .text.hci_write_inquiry_scan_type
                0x80019f98       0x9c /opt/devkitpro/libogc/lib/wii/libbte.a(hci.o)
                0x80019f98                hci_write_inquiry_scan_type
 .text.hci_write_page_scan_type
                0x8001a034       0x9c /opt/devkitpro/libogc/lib/wii/libbte.a(hci.o)
                0x8001a034                hci_write_page_scan_type
 .text.hci_write_inquiry_mode
                0x8001a0d0       0x9c /opt/devkitpro/libogc/lib/wii/libbte.a(hci.o)
                0x8001a0d0                hci_write_inquiry_mode
 .text.hci_write_pin_type
                0x8001a16c       0x9c /opt/devkitpro/libogc/lib/wii/libbte.a(hci.o)
                0x8001a16c                hci_write_pin_type
 .text.hci_write_local_name
                0x8001a208       0xb8 /opt/devkitpro/libogc/lib/wii/libbte.a(hci.o)
                0x8001a208                hci_write_local_name
 .text.hci_accecpt_conn_request
                0x8001a2c0       0xbc /opt/devkitpro/libogc/lib/wii/libbte.a(hci.o)
                0x8001a2c0                hci_accecpt_conn_request
 .text.hci_write_scan_enable
                0x8001a37c       0x9c /opt/devkitpro/libogc/lib/wii/libbte.a(hci.o)
                0x8001a37c                hci_write_scan_enable
 .text.hci_read_local_features
                0x8001a418       0x88 /opt/devkitpro/libogc/lib/wii/libbte.a(hci.o)
                0x8001a418                hci_read_local_features
 .text.hci_read_local_version
                0x8001a4a0       0x88 /opt/devkitpro/libogc/lib/wii/libbte.a(hci.o)
                0x8001a4a0                hci_read_local_version
 .text.hci_read_bd_addr
                0x8001a528       0x88 /opt/devkitpro/libogc/lib/wii/libbte.a(hci.o)
                0x8001a528                hci_read_bd_addr
 .text.hci_read_buffer_size
                0x8001a5b0       0x88 /opt/devkitpro/libogc/lib/wii/libbte.a(hci.o)
                0x8001a5b0                hci_read_buffer_size
 .text.hci_reset
                0x8001a638       0x88 /opt/devkitpro/libogc/lib/wii/libbte.a(hci.o)
                0x8001a638                hci_reset
 .text.lp_acl_write
                0x8001a6c0      0x1b8 /opt/devkitpro/libogc/lib/wii/libbte.a(hci.o)
                0x8001a6c0                lp_acl_write
 .text.hci_new  0x8001a878       0x54 /opt/devkitpro/libogc/lib/wii/libbte.a(hci.o)
                0x8001a878                hci_new
 .text.hci_read_stored_link_key
                0x8001a8cc       0xf0 /opt/devkitpro/libogc/lib/wii/libbte.a(hci.o)
                0x8001a8cc                hci_read_stored_link_key
 .text.hci_close
                0x8001a9bc      0x13c /opt/devkitpro/libogc/lib/wii/libbte.a(hci.o)
                0x8001a9bc                hci_close
 .text.hci_init
                0x8001aaf8       0xc0 /opt/devkitpro/libogc/lib/wii/libbte.a(hci.o)
                0x8001aaf8                hci_init
 .text.hci_reset_all
                0x8001abb8       0xd4 /opt/devkitpro/libogc/lib/wii/libbte.a(hci.o)
                0x8001abb8                hci_reset_all
 .text.hci_write_page_timeout
                0x8001ac8c       0xac /opt/devkitpro/libogc/lib/wii/libbte.a(hci.o)
                0x8001ac8c                hci_write_page_timeout
 .text.hci_acldata_handler
                0x8001ad38      0x138 /opt/devkitpro/libogc/lib/wii/libbte.a(hci.o)
                0x8001ad38                hci_acldata_handler
 .text.hci_event_handler
                0x8001ae70      0xbe0 /opt/devkitpro/libogc/lib/wii/libbte.a(hci.o)
                0x8001ae70                hci_event_handler
 .text.lp_write_flush_timeout
                0x8001ba50       0xf8 /opt/devkitpro/libogc/lib/wii/libbte.a(hci.o)
                0x8001ba50                lp_write_flush_timeout
 .text.hci_host_buffer_size
                0x8001bb48       0xec /opt/devkitpro/libogc/lib/wii/libbte.a(hci.o)
                0x8001bb48                hci_host_buffer_size
 .text.hci_write_link_policy_settings
                0x8001bc34       0xf8 /opt/devkitpro/libogc/lib/wii/libbte.a(hci.o)
                0x8001bc34                hci_write_link_policy_settings
 .text.l2cap_cid_alloc
                0x8001bd2c       0x60 /opt/devkitpro/libogc/lib/wii/libbte.a(l2cap.o)
 .text.lp_connect_ind
                0x8001bd8c        0x4 /opt/devkitpro/libogc/lib/wii/libbte.a(l2cap.o)
                0x8001bd8c                lp_connect_ind
 .text.l2cap_next_sigid
                0x8001bd90       0x2c /opt/devkitpro/libogc/lib/wii/libbte.a(l2cap.o)
                0x8001bd90                l2cap_next_sigid
 .text.l2cap_arg
                0x8001bdbc        0x8 /opt/devkitpro/libogc/lib/wii/libbte.a(l2cap.o)
                0x8001bdbc                l2cap_arg
 .text.l2cap_disconnect_ind
                0x8001bdc4        0x8 /opt/devkitpro/libogc/lib/wii/libbte.a(l2cap.o)
                0x8001bdc4                l2cap_disconnect_ind
 .text.l2cap_recv
                0x8001bdcc        0x8 /opt/devkitpro/libogc/lib/wii/libbte.a(l2cap.o)
                0x8001bdcc                l2cap_recv
 .text.l2cap_connect_ind
                0x8001bdd4      0x118 /opt/devkitpro/libogc/lib/wii/libbte.a(l2cap.o)
                0x8001bdd4                l2cap_connect_ind
 .text.l2cap_close
                0x8001beec      0x1c8 /opt/devkitpro/libogc/lib/wii/libbte.a(l2cap.o)
                0x8001beec                l2cap_close
 .text.lp_disconnect_ind
                0x8001c0b4       0xe8 /opt/devkitpro/libogc/lib/wii/libbte.a(l2cap.o)
                0x8001c0b4                lp_disconnect_ind
 .text.l2cap_new
                0x8001c19c       0xa0 /opt/devkitpro/libogc/lib/wii/libbte.a(l2cap.o)
                0x8001c19c                l2cap_new
 .text.l2cap_write
                0x8001c23c      0x1a4 /opt/devkitpro/libogc/lib/wii/libbte.a(l2cap.o)
                0x8001c23c                l2cap_write
 .text.l2cap_rexmit_signal
                0x8001c3e0       0x2c /opt/devkitpro/libogc/lib/wii/libbte.a(l2cap.o)
                0x8001c3e0                l2cap_rexmit_signal
 .text.l2cap_signal
                0x8001c40c      0x210 /opt/devkitpro/libogc/lib/wii/libbte.a(l2cap.o)
                0x8001c40c                l2cap_signal
 .text.l2ca_disconnect_req
                0x8001c61c       0xe4 /opt/devkitpro/libogc/lib/wii/libbte.a(l2cap.o)
                0x8001c61c                l2ca_disconnect_req
 .text.l2cap_tmr
                0x8001c700      0x244 /opt/devkitpro/libogc/lib/wii/libbte.a(l2cap.o)
                0x8001c700                l2cap_tmr
 .text.l2ca_config_req
                0x8001c944      0x1ac /opt/devkitpro/libogc/lib/wii/libbte.a(l2cap.o)
                0x8001c944                l2ca_config_req
 .text.l2cap_process_sig
                0x8001caf0     0x12cc /opt/devkitpro/libogc/lib/wii/libbte.a(l2cap.o)
                0x8001caf0                l2cap_process_sig
 .text.l2cap_init
                0x8001ddbc       0x80 /opt/devkitpro/libogc/lib/wii/libbte.a(l2cap.o)
                0x8001ddbc                l2cap_init
 .text.l2cap_reset_all
                0x8001de3c      0x150 /opt/devkitpro/libogc/lib/wii/libbte.a(l2cap.o)
                0x8001de3c                l2cap_reset_all
 .text.lp_connect_cfm
                0x8001df8c      0x194 /opt/devkitpro/libogc/lib/wii/libbte.a(l2cap.o)
                0x8001df8c                lp_connect_cfm
 .text.l2ca_datawrite
                0x8001e120      0x144 /opt/devkitpro/libogc/lib/wii/libbte.a(l2cap.o)
                0x8001e120                l2ca_datawrite
 .text.l2cap_input
                0x8001e264      0x590 /opt/devkitpro/libogc/lib/wii/libbte.a(l2cap.o)
                0x8001e264                l2cap_input
 .text.btmemb_alloc
                0x8001e7f4       0x98 /opt/devkitpro/libogc/lib/wii/libbte.a(btmemb.o)
                0x8001e7f4                btmemb_alloc
 .text.btmemb_free
                0x8001e88c       0x94 /opt/devkitpro/libogc/lib/wii/libbte.a(btmemb.o)
                0x8001e88c                btmemb_free
 .text.btmemb_init
                0x8001e920       0x40 /opt/devkitpro/libogc/lib/wii/libbte.a(btmemb.o)
                0x8001e920                btmemb_init
 .text.plug_holes
                0x8001e960       0xcc /opt/devkitpro/libogc/lib/wii/libbte.a(btmemr.o)
 .text.btmemr_malloc
                0x8001ea2c      0x168 /opt/devkitpro/libogc/lib/wii/libbte.a(btmemr.o)
                0x8001ea2c                btmemr_malloc
 .text.btmemr_free
                0x8001eb94       0x8c /opt/devkitpro/libogc/lib/wii/libbte.a(btmemr.o)
                0x8001eb94                btmemr_free
 .text.btmemr_realloc
                0x8001ec20      0x13c /opt/devkitpro/libogc/lib/wii/libbte.a(btmemr.o)
                0x8001ec20                btmemr_realloc
 .text.btmemr_init
                0x8001ed5c       0x98 /opt/devkitpro/libogc/lib/wii/libbte.a(btmemr.o)
                0x8001ed5c                btmemr_init
 .text.btpbuf_header
                0x8001edf4       0xa8 /opt/devkitpro/libogc/lib/wii/libbte.a(btpbuf.o)
                0x8001edf4                btpbuf_header
 .text.btpbuf_ref
                0x8001ee9c       0x38 /opt/devkitpro/libogc/lib/wii/libbte.a(btpbuf.o)
                0x8001ee9c                btpbuf_ref
 .text.btpbuf_cat
                0x8001eed4       0x5c /opt/devkitpro/libogc/lib/wii/libbte.a(btpbuf.o)
                0x8001eed4                btpbuf_cat
 .text.btpbuf_chain
                0x8001ef30       0x30 /opt/devkitpro/libogc/lib/wii/libbte.a(btpbuf.o)
                0x8001ef30                btpbuf_chain
 .text.btpbuf_free
                0x8001ef60       0xfc /opt/devkitpro/libogc/lib/wii/libbte.a(btpbuf.o)
                0x8001ef60                btpbuf_free
 .text.btpbuf_dechain
                0x8001f05c       0x7c /opt/devkitpro/libogc/lib/wii/libbte.a(btpbuf.o)
                0x8001f05c                btpbuf_dechain
 .text.btpbuf_realloc
                0x8001f0d8       0xc0 /opt/devkitpro/libogc/lib/wii/libbte.a(btpbuf.o)
                0x8001f0d8                btpbuf_realloc
 .text.btpbuf_alloc
                0x8001f198      0x334 /opt/devkitpro/libogc/lib/wii/libbte.a(btpbuf.o)
                0x8001f198                btpbuf_alloc
 .text.btpbuf_take
                0x8001f4cc      0x124 /opt/devkitpro/libogc/lib/wii/libbte.a(btpbuf.o)
                0x8001f4cc                btpbuf_take
 .text.btpbuf_init
                0x8001f5f0       0x34 /opt/devkitpro/libogc/lib/wii/libbte.a(btpbuf.o)
                0x8001f5f0                btpbuf_init
 .text.__usb_closeCB
                0x8001f624       0x10 /opt/devkitpro/libogc/lib/wii/libbte.a(physbusif.o)
 .text.physbusif_close
                0x8001f634       0x2c /opt/devkitpro/libogc/lib/wii/libbte.a(physbusif.o)
                0x8001f634                physbusif_close
 .text.physbusif_reset_all
                0x8001f660        0x4 /opt/devkitpro/libogc/lib/wii/libbte.a(physbusif.o)
                0x8001f660                physbusif_reset_all
 .text.physbusif_output
                0x8001f664      0x18c /opt/devkitpro/libogc/lib/wii/libbte.a(physbusif.o)
                0x8001f664                physbusif_output
 .text.__writebulkmsgCB
                0x8001f7f0       0x40 /opt/devkitpro/libogc/lib/wii/libbte.a(physbusif.o)
 .text.__writectrlmsgCB
                0x8001f830       0x40 /opt/devkitpro/libogc/lib/wii/libbte.a(physbusif.o)
 .text.physbusif_shutdown
                0x8001f870       0x50 /opt/devkitpro/libogc/lib/wii/libbte.a(physbusif.o)
                0x8001f870                physbusif_shutdown
 .text.__initUsbIOBuffer
                0x8001f8c0       0x98 /opt/devkitpro/libogc/lib/wii/libbte.a(physbusif.o)
 .text.__issue_intrread
                0x8001f958       0xbc /opt/devkitpro/libogc/lib/wii/libbte.a(physbusif.o)
 .text.__readintrdataCB
                0x8001fa14      0x140 /opt/devkitpro/libogc/lib/wii/libbte.a(physbusif.o)
 .text.__issue_bulkread
                0x8001fb54       0xbc /opt/devkitpro/libogc/lib/wii/libbte.a(physbusif.o)
 .text.physbusif_init
                0x8001fc10      0x1d0 /opt/devkitpro/libogc/lib/wii/libbte.a(physbusif.o)
                0x8001fc10                physbusif_init
 .text.__readbulkdataCB
                0x8001fde0      0x140 /opt/devkitpro/libogc/lib/wii/libbte.a(physbusif.o)
 .text.__lwp_queue_initialize
                0x8001ff20       0x54 /opt/devkitpro/libogc/lib/wii/libogc.a(lwp_queue.o)
                0x8001ff20                __lwp_queue_initialize
 .text.__lwp_queue_get
                0x8001ff74       0x54 /opt/devkitpro/libogc/lib/wii/libogc.a(lwp_queue.o)
                0x8001ff74                __lwp_queue_get
 .text.__lwp_queue_append
                0x8001ffc8       0x3c /opt/devkitpro/libogc/lib/wii/libogc.a(lwp_queue.o)
                0x8001ffc8                __lwp_queue_append
 .text.__lwp_isr_in_progress
                0x80020004        0x8 /opt/devkitpro/libogc/lib/wii/libogc.a(lwp_threads.o)
                0x80020004                __lwp_isr_in_progress
 .text.__lwp_thread_setstate
                0x8002000c      0x128 /opt/devkitpro/libogc/lib/wii/libogc.a(lwp_threads.o)
                0x8002000c                __lwp_thread_setstate
 .text.__lwp_thread_clearstate
                0x80020134       0xe4 /opt/devkitpro/libogc/lib/wii/libogc.a(lwp_threads.o)
                0x80020134                __lwp_thread_clearstate
 .text.__lwp_thread_setpriority
                0x80020218       0x5c /opt/devkitpro/libogc/lib/wii/libogc.a(lwp_threads.o)
                0x80020218                __lwp_thread_setpriority
 .text.__lwp_thread_settransient
                0x80020274       0xa8 /opt/devkitpro/libogc/lib/wii/libogc.a(lwp_threads.o)
                0x80020274                __lwp_thread_settransient
 .text.__lwp_thread_loadenv
                0x8002031c       0x78 /opt/devkitpro/libogc/lib/wii/libogc.a(lwp_threads.o)
                0x8002031c                __lwp_thread_loadenv
 .text.__lwp_thread_ready
                0x80020394       0xd8 /opt/devkitpro/libogc/lib/wii/libogc.a(lwp_threads.o)
                0x80020394                __lwp_thread_ready
 .text.__thread_dispatch
                0x8002046c      0x110 /opt/devkitpro/libogc/lib/wii/libogc.a(lwp_threads.o)
                0x8002046c                __thread_dispatch
 .text.__lwp_thread_start
                0x8002057c       0x64 /opt/devkitpro/libogc/lib/wii/libogc.a(lwp_threads.o)
                0x8002057c                __lwp_thread_start
 .text.__lwp_thread_close
                0x800205e0      0x11c /opt/devkitpro/libogc/lib/wii/libogc.a(lwp_threads.o)
                0x800205e0                __lwp_thread_close
 .text.__lwp_thread_init
                0x800206fc      0x108 /opt/devkitpro/libogc/lib/wii/libogc.a(lwp_threads.o)
                0x800206fc                __lwp_thread_init
 .text.__thread_dispatch_fp
                0x80020804       0x60 /opt/devkitpro/libogc/lib/wii/libogc.a(lwp_threads.o)
                0x80020804                __thread_dispatch_fp
 .text.__lwp_thread_stopmultitasking
                0x80020864       0x50 /opt/devkitpro/libogc/lib/wii/libogc.a(lwp_threads.o)
                0x80020864                __lwp_thread_stopmultitasking
 .text.__lwp_thread_startmultitasking
                0x800208b4       0x70 /opt/devkitpro/libogc/lib/wii/libogc.a(lwp_threads.o)
                0x800208b4                __lwp_thread_startmultitasking
 .text.__lwp_thread_closeall
                0x80020924      0x10c /opt/devkitpro/libogc/lib/wii/libogc.a(lwp_threads.o)
                0x80020924                __lwp_thread_closeall
 .text.__lwp_thread_changepriority
                0x80020a30      0x188 /opt/devkitpro/libogc/lib/wii/libogc.a(lwp_threads.o)
                0x80020a30                __lwp_thread_changepriority
 .text.__lwp_thread_coreinit
                0x80020bb8       0x64 /opt/devkitpro/libogc/lib/wii/libogc.a(lwp_threads.o)
                0x80020bb8                __lwp_thread_coreinit
 .text.__lwp_thread_resume
                0x80020c1c      0x104 /opt/devkitpro/libogc/lib/wii/libogc.a(lwp_threads.o)
                0x80020c1c                __lwp_thread_resume
 .text.__lwp_thread_suspend
                0x80020d20      0x134 /opt/devkitpro/libogc/lib/wii/libogc.a(lwp_threads.o)
                0x80020d20                __lwp_thread_suspend
 .text.__lwp_thread_exit
                0x80020e54       0x70 /opt/devkitpro/libogc/lib/wii/libogc.a(lwp_threads.o)
                0x80020e54                __lwp_thread_exit
 .text.__lwp_thread_handler
                0x80020ec4       0x7c /opt/devkitpro/libogc/lib/wii/libogc.a(lwp_threads.o)
 .text.idle_func
                0x80020f40        0x4 /opt/devkitpro/libogc/lib/wii/libogc.a(lwp.o)
 .text.LWP_GetSelf
                0x80020f44       0x24 /opt/devkitpro/libogc/lib/wii/libogc.a(lwp.o)
                0x80020f44                LWP_GetSelf
 .text.__lwp_sysinit
                0x80020f68      0x118 /opt/devkitpro/libogc/lib/wii/libogc.a(lwp.o)
                0x80020f68                __lwp_sysinit
 .text.LWP_ThreadSignal
                0x80021080       0x74 /opt/devkitpro/libogc/lib/wii/libogc.a(lwp.o)
                0x80021080                LWP_ThreadSignal
 .text.LWP_ThreadBroadcast
                0x800210f4       0x88 /opt/devkitpro/libogc/lib/wii/libogc.a(lwp.o)
                0x800210f4                LWP_ThreadBroadcast
 .text.LWP_ThreadSleep
                0x8002117c       0xd4 /opt/devkitpro/libogc/lib/wii/libogc.a(lwp.o)
                0x8002117c                LWP_ThreadSleep
 .text.LWP_CloseQueue
                0x80021250       0xe8 /opt/devkitpro/libogc/lib/wii/libogc.a(lwp.o)
                0x80021250                LWP_CloseQueue
 .text.LWP_InitQueue
                0x80021338      0x124 /opt/devkitpro/libogc/lib/wii/libogc.a(lwp.o)
                0x80021338                LWP_InitQueue
 .text.LWP_ResumeThread
                0x8002145c       0xb0 /opt/devkitpro/libogc/lib/wii/libogc.a(lwp.o)
                0x8002145c                LWP_ResumeThread
 .text.LWP_SuspendThread
                0x8002150c       0xac /opt/devkitpro/libogc/lib/wii/libogc.a(lwp.o)
                0x8002150c                LWP_SuspendThread
 .text.__lwp_stack_free
                0x800215b8       0x38 /opt/devkitpro/libogc/lib/wii/libogc.a(lwp_stack.o)
                0x800215b8                __lwp_stack_free
 .text.__lwp_stack_allocate
                0x800215f0       0x6c /opt/devkitpro/libogc/lib/wii/libogc.a(lwp_stack.o)
                0x800215f0                __lwp_stack_allocate
 .text.__lwp_watchdog_init
                0x8002165c       0x2c /opt/devkitpro/libogc/lib/wii/libogc.a(lwp_watchdog.o)
                0x8002165c                __lwp_watchdog_init
 .text.__lwp_wd_settimer
                0x80021688       0xc0 /opt/devkitpro/libogc/lib/wii/libogc.a(lwp_watchdog.o)
 .text.__lwp_wd_remove
                0x80021748      0x118 /opt/devkitpro/libogc/lib/wii/libogc.a(lwp_watchdog.o)
                0x80021748                __lwp_wd_remove
 .text.__lwp_wd_insert
                0x80021860      0x1d4 /opt/devkitpro/libogc/lib/wii/libogc.a(lwp_watchdog.o)
                0x80021860                __lwp_wd_insert
 .text.__lwp_wd_tickle
                0x80021a34      0x104 /opt/devkitpro/libogc/lib/wii/libogc.a(lwp_watchdog.o)
                0x80021a34                __lwp_wd_tickle
 .text.__lwp_wkspace_init
                0x80021b38       0xb0 /opt/devkitpro/libogc/lib/wii/libogc.a(lwp_wkspace.o)
                0x80021b38                __lwp_wkspace_init
 .text.__lwp_objmgr_getisrdisable
                0x80021be8       0x50 /opt/devkitpro/libogc/lib/wii/libogc.a(lwp_objmgr.o)
                0x80021be8                __lwp_objmgr_getisrdisable
 .text.__lwp_objmgr_getnoprotection
                0x80021c38       0x24 /opt/devkitpro/libogc/lib/wii/libogc.a(lwp_objmgr.o)
                0x80021c38                __lwp_objmgr_getnoprotection
 .text.__lwp_objmgr_allocate
                0x80021c5c       0x60 /opt/devkitpro/libogc/lib/wii/libogc.a(lwp_objmgr.o)
                0x80021c5c                __lwp_objmgr_allocate
 .text.__lwp_objmgr_free
                0x80021cbc       0x4c /opt/devkitpro/libogc/lib/wii/libogc.a(lwp_objmgr.o)
                0x80021cbc                __lwp_objmgr_free
 .text.__lwp_objmgr_get
                0x80021d08       0x78 /opt/devkitpro/libogc/lib/wii/libogc.a(lwp_objmgr.o)
                0x80021d08                __lwp_objmgr_get
 .text.__lwp_objmgr_initinfo
                0x80021d80      0x1b0 /opt/devkitpro/libogc/lib/wii/libogc.a(lwp_objmgr.o)
                0x80021d80                __lwp_objmgr_initinfo
 .text.__lwp_heap_init
                0x80021f30       0x8c /opt/devkitpro/libogc/lib/wii/libogc.a(lwp_heap.o)
                0x80021f30                __lwp_heap_init
 .text.__lwp_heap_free
                0x80021fbc      0x184 /opt/devkitpro/libogc/lib/wii/libogc.a(lwp_heap.o)
                0x80021fbc                __lwp_heap_free
 .text.__lwp_heap_allocate
                0x80022140      0x130 /opt/devkitpro/libogc/lib/wii/libogc.a(lwp_heap.o)
                0x80022140                __lwp_heap_allocate
 .text.c_irqdispatcher
                0x80022270      0x2ac /opt/devkitpro/libogc/lib/wii/libogc.a(irq.o)
                0x80022270                c_irqdispatcher
 .text.__SetInterrupts
                0x8002251c      0x268 /opt/devkitpro/libogc/lib/wii/libogc.a(irq.o)
 .text.__UnmaskIrq
                0x80022784       0x80 /opt/devkitpro/libogc/lib/wii/libogc.a(irq.o)
                0x80022784                __UnmaskIrq
 .text.__MaskIrq
                0x80022804       0x80 /opt/devkitpro/libogc/lib/wii/libogc.a(irq.o)
                0x80022804                __MaskIrq
 .text.IRQ_Request
                0x80022884       0x44 /opt/devkitpro/libogc/lib/wii/libogc.a(irq.o)
                0x80022884                IRQ_Request
 .text.IRQ_GetHandler
                0x800228c8       0x34 /opt/devkitpro/libogc/lib/wii/libogc.a(irq.o)
                0x800228c8                IRQ_GetHandler
 .text.IRQ_Disable
                0x800228fc       0x20 /opt/devkitpro/libogc/lib/wii/libogc.a(irq.o)
                0x800228fc                IRQ_Disable
 .text.IRQ_Restore
                0x8002291c        0x8 /opt/devkitpro/libogc/lib/wii/libogc.a(irq.o)
                0x8002291c                IRQ_Restore
 .text.__irq_init
                0x80022924       0xac /opt/devkitpro/libogc/lib/wii/libogc.a(irq.o)
                0x80022924                __irq_init
 .text.__gettiming
                0x800229d0       0xb0 /opt/devkitpro/libogc/lib/wii/libogc.a(video.o)
 .text.VIDEO_Flush
                0x80022a80      0x164 /opt/devkitpro/libogc/lib/wii/libogc.a(video.o)
                0x80022a80                VIDEO_Flush
 .text.VIDEO_GetCurrentTvMode
                0x80022be4       0x60 /opt/devkitpro/libogc/lib/wii/libogc.a(video.o)
                0x80022be4                VIDEO_GetCurrentTvMode
 .text.VIDEO_HaveComponentCable
                0x80022c44       0x14 /opt/devkitpro/libogc/lib/wii/libogc.a(video.o)
                0x80022c44                VIDEO_HaveComponentCable
 .text.VIDEO_GetPreferredMode
                0x80022c58       0xd0 /opt/devkitpro/libogc/lib/wii/libogc.a(video.o)
                0x80022c58                VIDEO_GetPreferredMode
 .text.VIDEO_WaitVSync
                0x80022d28       0x7c /opt/devkitpro/libogc/lib/wii/libogc.a(video.o)
                0x80022d28                VIDEO_WaitVSync
 .text.VIDEO_Init
                0x80022da4      0x6e0 /opt/devkitpro/libogc/lib/wii/libogc.a(video.o)
                0x80022da4                VIDEO_Init
 .text.__VISendI2CData
                0x80023484      0x524 /opt/devkitpro/libogc/lib/wii/libogc.a(video.o)
 .text.__VISetFilterEURGB60
                0x800239a8       0x3c /opt/devkitpro/libogc/lib/wii/libogc.a(video.o)
 .text.__VIRetraceHandler
                0x800239e4      0x38c /opt/devkitpro/libogc/lib/wii/libogc.a(video.o)
 .text.VIDEO_GetCurrentLine
                0x80023d70       0x94 /opt/devkitpro/libogc/lib/wii/libogc.a(video.o)
                0x80023d70                VIDEO_GetCurrentLine
 .text.VIDEO_SetBlack
                0x80023e04      0x144 /opt/devkitpro/libogc/lib/wii/libogc.a(video.o)
                0x80023e04                VIDEO_SetBlack
 .text.VIDEO_Configure
                0x80023f48      0x860 /opt/devkitpro/libogc/lib/wii/libogc.a(video.o)
                0x80023f48                VIDEO_Configure
 .text.VIDEO_SetNextFramebuffer
                0x800247a8      0x220 /opt/devkitpro/libogc/lib/wii/libogc.a(video.o)
                0x800247a8                VIDEO_SetNextFramebuffer
 .text.VIDEO_SetFramebuffer
                0x800249c8      0x32c /opt/devkitpro/libogc/lib/wii/libogc.a(video.o)
                0x800249c8                VIDEO_SetFramebuffer
 .text.__MEMInterruptHandler
                0x80024cf4       0x14 /opt/devkitpro/libogc/lib/wii/libogc.a(system.o)
 .text.__RSWDefaultHandler
                0x80024d08        0x4 /opt/devkitpro/libogc/lib/wii/libogc.a(system.o)
 .text.__POWDefaultHandler
                0x80024d0c        0x4 /opt/devkitpro/libogc/lib/wii/libogc.a(system.o)
 .text.__STMEventHandler
                0x80024d10       0xf4 /opt/devkitpro/libogc/lib/wii/libogc.a(system.o)
 .text.__sram_sync
                0x80024e04        0xc /opt/devkitpro/libogc/lib/wii/libogc.a(system.o)
 .text.__call_resetfuncs
                0x80024e10       0xb0 /opt/devkitpro/libogc/lib/wii/libogc.a(system.o)
 .text.__locksram
                0x80024ec0       0x54 /opt/devkitpro/libogc/lib/wii/libogc.a(system.o)
 .text.__SYS_LockSram
                0x80024f14        0x8 /opt/devkitpro/libogc/lib/wii/libogc.a(system.o)
                0x80024f14                __SYS_LockSram
 .text.__SYS_LockSramEx
                0x80024f1c        0x8 /opt/devkitpro/libogc/lib/wii/libogc.a(system.o)
                0x80024f1c                __SYS_LockSramEx
 .text.__SYS_GetIPCBufferLo
                0x80024f24        0xc /opt/devkitpro/libogc/lib/wii/libogc.a(system.o)
                0x80024f24                __SYS_GetIPCBufferLo
 .text.__SYS_GetIPCBufferHi
                0x80024f30        0xc /opt/devkitpro/libogc/lib/wii/libogc.a(system.o)
                0x80024f30                __SYS_GetIPCBufferHi
 .text._V_EXPORTNAME
                0x80024f3c       0x24 /opt/devkitpro/libogc/lib/wii/libogc.a(system.o)
                0x80024f3c                _V_EXPORTNAME
 .text.__SYS_InitCallbacks
                0x80024f60       0x30 /opt/devkitpro/libogc/lib/wii/libogc.a(system.o)
                0x80024f60                __SYS_InitCallbacks
 .text.SYS_RegisterResetFunc
                0x80024f90       0x80 /opt/devkitpro/libogc/lib/wii/libogc.a(system.o)
                0x80024f90                SYS_RegisterResetFunc
 .text.SYS_SetArena1Lo
                0x80025010       0x2c /opt/devkitpro/libogc/lib/wii/libogc.a(system.o)
                0x80025010                SYS_SetArena1Lo
 .text.SYS_GetArena1Lo
                0x8002503c       0x2c /opt/devkitpro/libogc/lib/wii/libogc.a(system.o)
                0x8002503c                SYS_GetArena1Lo
 .text.SYS_SetArena1Hi
                0x80025068       0x2c /opt/devkitpro/libogc/lib/wii/libogc.a(system.o)
                0x80025068                SYS_SetArena1Hi
 .text.SYS_GetArena1Hi
                0x80025094       0x2c /opt/devkitpro/libogc/lib/wii/libogc.a(system.o)
                0x80025094                SYS_GetArena1Hi
 .text.SYS_SetArena2Lo
                0x800250c0       0x2c /opt/devkitpro/libogc/lib/wii/libogc.a(system.o)
                0x800250c0                SYS_SetArena2Lo
 .text.SYS_GetArena2Lo
                0x800250ec       0x2c /opt/devkitpro/libogc/lib/wii/libogc.a(system.o)
                0x800250ec                SYS_GetArena2Lo
 .text.SYS_SetArena2Hi
                0x80025118       0x2c /opt/devkitpro/libogc/lib/wii/libogc.a(system.o)
                0x80025118                SYS_SetArena2Hi
 .text.SYS_GetArena2Hi
                0x80025144       0x2c /opt/devkitpro/libogc/lib/wii/libogc.a(system.o)
                0x80025144                SYS_GetArena2Hi
 .text.SYS_GetHollywoodRevision