Archive member included because of file (symbol)

/opt/devkitpro/libogc/lib/wii/libmodplay.a(gcmodplay.o)
                              main.o (MODPlay_Stop)
/opt/devkitpro/libogc/lib/wii/libmodplay.a(modplay.o)
                              /opt/devkitpro/libogc/lib/wii/libmodplay.a(gcmodplay.o) (MOD_AllocSFXChannels)
/opt/devkitpro/libogc/lib/wii/libmodplay.a(freqtab.o)
                              /opt/devkitpro/libogc/lib/wii/libmodplay.a(modplay.o) (freqtab)
/opt/devkitpro/libogc/lib/wii/libmodplay.a(mixer.o)
                              /opt/devkitpro/libogc/lib/wii/libmodplay.a(modplay.o) (mix_mono_16bit)
/opt/devkitpro/libogc/lib/wii/libwiiuse.a(wpad.o)
                              main.o (WPAD_Probe)
/opt/devkitpro/libogc/lib/wii/libwiiuse.a(dynamics.o)
                              /opt/devkitpro/libogc/lib/wii/libwiiuse.a(wpad.o) (calculate_gforce)
/opt/devkitpro/libogc/lib/wii/libwiiuse.a(io_wii.o)
                              /opt/devkitpro/libogc/lib/wii/libwiiuse.a(wpad.o) (wiiuse_disconnect)
/opt/devkitpro/libogc/lib/wii/libwiiuse.a(ir.o)
                              /opt/devkitpro/libogc/lib/wii/libwiiuse.a(wpad.o) (wiiuse_set_ir_vres)
/opt/devkitpro/libogc/lib/wii/libwiiuse.a(wiiuse.o)
                              /opt/devkitpro/libogc/lib/wii/libwiiuse.a(wpad.o) (wiiuse_set_flags)
/opt/devkitpro/libogc/lib/wii/libwiiuse.a(events.o)
                              /opt/devkitpro/libogc/lib/wii/libwiiuse.a(io_wii.o) (parse_event)
/opt/devkitpro/libogc/lib/wii/libwiiuse.a(guitar_hero_3.o)
                              /opt/devkitpro/libogc/lib/wii/libwiiuse.a(events.o) (guitar_hero_3_event)
/opt/devkitpro/libogc/lib/wii/libwiiuse.a(io.o)
                              /opt/devkitpro/libogc/lib/wii/libwiiuse.a(events.o) (wiiuse_disable_expansion)
/opt/devkitpro/libogc/lib/wii/libwiiuse.a(nunchuk.o)
                              /opt/devkitpro/libogc/lib/wii/libwiiuse.a(events.o) (nunchuk_event)
/opt/devkitpro/libogc/lib/wii/libwiiuse.a(classic.o)
                              /opt/devkitpro/libogc/lib/wii/libwiiuse.a(events.o) (classic_ctrl_event)
/opt/devkitpro/libogc/lib/wii/libbte.a(bte.o)
                              /opt/devkitpro/libogc/lib/wii/libwiiuse.a(io_wii.o) (bte_arg)
/opt/devkitpro/libogc/lib/wii/libbte.a(hci.o)
                              /opt/devkitpro/libogc/lib/wii/libbte.a(bte.o) (hci_arg)
/opt/devkitpro/libogc/lib/wii/libbte.a(l2cap.o)
                              /opt/devkitpro/libogc/lib/wii/libbte.a(hci.o) (lp_connect_ind)
/opt/devkitpro/libogc/lib/wii/libbte.a(btmemb.o)
                              /opt/devkitpro/libogc/lib/wii/libbte.a(bte.o) (btmemb_alloc)
/opt/devkitpro/libogc/lib/wii/libbte.a(btmemr.o)
                              /opt/devkitpro/libogc/lib/wii/libbte.a(hci.o) (btmemr_init)
/opt/devkitpro/libogc/lib/wii/libbte.a(btpbuf.o)
                              /opt/devkitpro/libogc/lib/wii/libbte.a(hci.o) (btpbuf_header)
/opt/devkitpro/libogc/lib/wii/libbte.a(physbusif.o)
                              /opt/devkitpro/libogc/lib/wii/libbte.a(bte.o) (physbusif_close)
/opt/devkitpro/libogc/lib/wii/libogc.a(lwp_queue.o)
                              /opt/devkitpro/libogc/lib/wii/libwiiuse.a(io_wii.o) (__lwp_queue_initialize)
/opt/devkitpro/libogc/lib/wii/libogc.a(lwp_threads.o)
                              /opt/devkitpro/libogc/lib/wii/libwiiuse.a(wpad.o) (_thread_dispatch_disable_level)
/opt/devkitpro/libogc/lib/wii/libogc.a(lwp.o)
                              /opt/devkitpro/libogc/lib/wii/libmodplay.a(gcmodplay.o) (LWP_ThreadSignal)
/opt/devkitpro/libogc/lib/wii/libogc.a(lwp_handler.o)
                              /opt/devkitpro/libogc/lib/wii/libogc.a(lwp_threads.o) (_cpu_context_save_fp)
/opt/devkitpro/libogc/lib/wii/libogc.a(lwp_stack.o)
                              /opt/devkitpro/libogc/lib/wii/libogc.a(lwp_threads.o) (__lwp_stack_free)
/opt/devkitpro/libogc/lib/wii/libogc.a(lwp_watchdog.o)
                              /opt/devkitpro/libogc/lib/wii/libogc.a(lwp_threads.o) (_wd_ticks_queue)
/opt/devkitpro/libogc/lib/wii/libogc.a(lwp_wkspace.o)
                              /opt/devkitpro/libogc/lib/wii/libwiiuse.a(io_wii.o) (__wkspace_heap)
/opt/devkitpro/libogc/lib/wii/libogc.a(lwp_objmgr.o)
                              /opt/devkitpro/libogc/lib/wii/libogc.a(lwp.o) (__lwp_objmgr_getnoprotection)
/opt/devkitpro/libogc/lib/wii/libogc.a(lwp_heap.o)
                              /opt/devkitpro/libogc/lib/wii/libogc.a(lwp_wkspace.o) (__lwp_heap_init)
/opt/devkitpro/libogc/lib/wii/libogc.a(sys_state.o)
                              /opt/devkitpro/libogc/lib/wii/libogc.a(lwp_threads.o) (_sys_state_curr)
/opt/devkitpro/libogc/lib/wii/libogc.a(irq.o)
                              /opt/devkitpro/libogc/lib/wii/libwiiuse.a(io_wii.o) (IRQ_Disable)
/opt/devkitpro/libogc/lib/wii/libogc.a(video.o)
                              GRRLIB.o (VIDEO_Flush)
/opt/devkitpro/libogc/lib/wii/libogc.a(cache_asm.o)
                              GRRLIB.o (DCFlushRange)
[...]
Memory Configuration

Name             Origin             Length             Attributes
*default*        0x00000000         0xffffffff

Linker script and memory map

                0x80003f00                . = 0x80003f00

.header         0x80003f00       0xe4
                0x80003f00                file_start = .
                0x80003f00        0x4 LONG 0x100 text_file_start
                0x80003f04        0x4 LONG 0x0
                0x80003f08        0x4 LONG 0x0
                0x80003f0c        0x4 LONG 0x0
                0x80003f10        0x4 LONG 0x0
                0x80003f14        0x4 LONG 0x0
                0x80003f18        0x4 LONG 0x0
                0x80003f1c        0x4 LONG 0x393c0 data_file_start
                0x80003f20        0x4 LONG 0x0
                0x80003f24        0x4 LONG 0x0
                0x80003f28        0x4 LONG 0x0
                0x80003f2c        0x4 LONG 0x0
                0x80003f30        0x4 LONG 0x0
                0x80003f34        0x4 LONG 0x0
                0x80003f38        0x4 LONG 0x0
                0x80003f3c        0x4 LONG 0x0
                0x80003f40        0x4 LONG 0x0
                0x80003f44        0x4 LONG 0x0
                0x80003f48        0x4 LONG 0x80004000 text_mem_start
                0x80003f4c        0x4 LONG 0x0
                0x80003f50        0x4 LONG 0x0
                0x80003f54        0x4 LONG 0x0
                0x80003f58        0x4 LONG 0x0
                0x80003f5c        0x4 LONG 0x0
                0x80003f60        0x4 LONG 0x0
                0x80003f64        0x4 LONG 0x8003d2c0 data_mem_start
                0x80003f68        0x4 LONG 0x0
                0x80003f6c        0x4 LONG 0x0
                0x80003f70        0x4 LONG 0x0
                0x80003f74        0x4 LONG 0x0
                0x80003f78        0x4 LONG 0x0
                0x80003f7c        0x4 LONG 0x0
                0x80003f80        0x4 LONG 0x0
                0x80003f84        0x4 LONG 0x0
                0x80003f88        0x4 LONG 0x0
                0x80003f8c        0x4 LONG 0x0
                0x80003f90        0x4 LONG 0x392c0 text_mem_size
                0x80003f94        0x4 LONG 0x0
                0x80003f98        0x4 LONG 0x0
                0x80003f9c        0x4 LONG 0x0
                0x80003fa0        0x4 LONG 0x0
                0x80003fa4        0x4 LONG 0x0
                0x80003fa8        0x4 LONG 0x0
                0x80003fac        0x4 LONG 0x24be0 data_mem_size
                0x80003fb0        0x4 LONG 0x0
                0x80003fb4        0x4 LONG 0x0
                0x80003fb8        0x4 LONG 0x0
                0x80003fbc        0x4 LONG 0x0
                0x80003fc0        0x4 LONG 0x0
                0x80003fc4        0x4 LONG 0x0
                0x80003fc8        0x4 LONG 0x0
                0x80003fcc        0x4 LONG 0x0
                0x80003fd0        0x4 LONG 0x0
                0x80003fd4        0x4 LONG 0x0
                0x80003fd8        0x4 LONG 0x80061ea0 bss_mem_start
                0x80003fdc        0x4 LONG 0x7bca0 bss_mem_size
                0x80003fe0        0x4 LONG 0x80004000 ABSOLUTE (_start)
                0x80004000                . = (file_start + 0x100)
                0x80004000                text_mem_start = .

.init           0x80004000      0x208
 *crt0.o(*.init)
 .init          0x80004000      0x1e4 /opt/devkitpro/libogc/lib/wii/libogc.a(ogc_crt0.o)
                0x8000419c                _memset
                0x80004000                _start
                0x800041cc                video_line
 *(.init)
 .init          0x800041e4        0xc /opt/devkitpro/devkitPPC/lib/gcc/powerpc-gekko/4.2.3/ecrti.o
                0x800041e4                __init
 .init          0x800041f0        0x4 /opt/devkitpro/devkitPPC/lib/gcc/powerpc-gekko/4.2.3/crtbegin.o
 .init          0x800041f4        0x4 /opt/devkitpro/devkitPPC/lib/gcc/powerpc-gekko/4.2.3/crtend.o
 .init          0x800041f8       0x10 /opt/devkitpro/devkitPPC/lib/gcc/powerpc-gekko/4.2.3/ecrtn.o

.plt
 *(.plt)

.interp
 *(.interp)

.hash
 *(.hash)

.dynsym
 *(.dynsym)

.dynstr
 *(.dynstr)

.gnu.version
 *(.gnu.version)

.gnu.version_d
 *(.gnu.version_d)

.gnu.version_r
 *(.gnu.version_r)

.rel.init
 *(.rel.init)

.rela.init      0x80004208        0x0
 *(.rela.init)
 .rela.init     0x00000000        0x0 /opt/devkitpro/devkitPPC/lib/gcc/powerpc-gekko/4.2.3/crtbegin.o

.rel.text
 *(.rel.text .rel.text.* .rel.gnu.linkonce.t.*)

.rela.text      0x80004208        0x0
 *(.rela.text .rela.text.* .rela.gnu.linkonce.t.*)
 .rela.text     0x00000000        0x0 /opt/devkitpro/devkitPPC/lib/gcc/powerpc-gekko/4.2.3/crtbegin.o
 .rela.text.GRRLIB_FillScreen
                0x00000000        0x0 /opt/devkitpro/devkitPPC/lib/gcc/powerpc-gekko/4.2.3/crtbegin.o
 .rela.text.GRRLIB_PutPixel
                0x00000000        0x0 /opt/devkitpro/devkitPPC/lib/gcc/powerpc-gekko/4.2.3/crtbegin.o
 .rela.text.GRRLIB_Render
                0x00000000        0x0 /opt/devkitpro/devkitPPC/lib/gcc/powerpc-gekko/4.2.3/crtbegin.o
 .rela.text.main
                0x00000000        0x0 /opt/devkitpro/devkitPPC/lib/gcc/powerpc-gekko/4.2.3/crtbegin.o
 .rela.text.effect_handler
                0x00000000        0x0 /opt/devkitpro/devkitPPC/lib/gcc/powerpc-gekko/4.2.3/crtbegin.o
 .rela.text.wiiuse_init_cmd_queue
                0x00000000        0x0 /opt/devkitpro/devkitPPC/lib/gcc/powerpc-gekko/4.2.3/crtbegin.o
 .rela.text.wiiuse_init
                0x00000000        0x0 /opt/devkitpro/devkitPPC/lib/gcc/powerpc-gekko/4.2.3/crtbegin.o
 .rela.text.guitar_hero_3_handshake
                0x00000000        0x0 /opt/devkitpro/devkitPPC/lib/gcc/powerpc-gekko/4.2.3/crtbegin.o
 .rela.text.wiiuse_handshake
                0x00000000        0x0 /opt/devkitpro/devkitPPC/lib/gcc/powerpc-gekko/4.2.3/crtbegin.o
 .rela.text.wiiuse_handshake_expansion
                0x00000000        0x0 /opt/devkitpro/devkitPPC/lib/gcc/powerpc-gekko/4.2.3/crtbegin.o
 .rela.text.wiiuse_handshake_expansion_enabled
                0x00000000        0x0 /opt/devkitpro/devkitPPC/lib/gcc/powerpc-gekko/4.2.3/crtbegin.o
 .rela.text.bt_alarmhandler
                0x00000000        0x0 /opt/devkitpro/devkitPPC/lib/gcc/powerpc-gekko/4.2.3/crtbegin.o
 .rela.text.__lwp_rotate_readyqueue
                0x00000000        0x0 /opt/devkitpro/devkitPPC/lib/gcc/powerpc-gekko/4.2.3/crtbegin.o
 .rela.text.__lwp_thread_setstate
                0x00000000        0x0 /opt/devkitpro/devkitPPC/lib/gcc/powerpc-gekko/4.2.3/crtbegin.o
 .rela.text.__lwp_thread_setpriority
                0x00000000        0x0 /opt/devkitpro/devkitPPC/lib/gcc/powerpc-gekko/4.2.3/crtbegin.o
 .rela.text.__lwp_thread_ready
                0x00000000        0x0 /opt/devkitpro/devkitPPC/lib/gcc/powerpc-gekko/4.2.3/crtbegin.o
 .rela.text.__lwp_thread_close
                0x00000000        0x0 /opt/devkitpro/devkitPPC/lib/gcc/powerpc-gekko/4.2.3/crtbegin.o
 .rela.text.__lwp_thread_stopmultitasking
                0x00000000        0x0 /opt/devkitpro/devkitPPC/lib/gcc/powerpc-gekko/4.2.3/crtbegin.o
 .rela.text.__lwp_thread_startmultitasking
                0x00000000        0x0 /opt/devkitpro/devkitPPC/lib/gcc/powerpc-gekko/4.2.3/crtbegin.o
 .rela.text.__lwp_thread_closeall
                0x00000000        0x0 /opt/devkitpro/devkitPPC/lib/gcc/powerpc-gekko/4.2.3/crtbegin.o
 .rela.text.__lwp_thread_changepriority
                0x00000000        0x0 /opt/devkitpro/devkitPPC/lib/gcc/powerpc-gekko/4.2.3/crtbegin.o
 .rela.text.__lwp_thread_coreinit
                0x00000000        0x0 /opt/devkitpro/devkitPPC/lib/gcc/powerpc-gekko/4.2.3/crtbegin.o
 .rela.text.__lwp_thread_suspend
                0x00000000        0x0 /opt/devkitpro/devkitPPC/lib/gcc/powerpc-gekko/4.2.3/crtbegin.o
 .rela.text.__lwp_thread_context
                0x00000000        0x0 /opt/devkitpro/devkitPPC/lib/gcc/powerpc-gekko/4.2.3/crtbegin.o
 .rela.text.__lwp_thread_exists
                0x00000000        0x0 /opt/devkitpro/devkitPPC/lib/gcc/powerpc-gekko/4.2.3/crtbegin.o
 .rela.text.__lwp_thread_isalive
                0x00000000        0x0 /opt/devkitpro/devkitPPC/lib/gcc/powerpc-gekko/4.2.3/crtbegin.o
 .rela.text.__lwp_sysinit
                0x00000000        0x0 /opt/devkitpro/devkitPPC/lib/gcc/powerpc-gekko/4.2.3/crtbegin.o
 .rela.text.LWP_ThreadSignal
                0x00000000        0x0 /opt/devkitpro/devkitPPC/lib/gcc/powerpc-gekko/4.2.3/crtbegin.o
 .rela.text.LWP_ThreadBroadcast
                0x00000000        0x0 /opt/devkitpro/devkitPPC/lib/gcc/powerpc-gekko/4.2.3/crtbegin.o
 .rela.text.LWP_ThreadSleep
                0x00000000        0x0 /opt/devkitpro/devkitPPC/lib/gcc/powerpc-gekko/4.2.3/crtbegin.o
 .rela.text.LWP_CloseQueue
                0x00000000        0x0 /opt/devkitpro/devkitPPC/lib/gcc/powerpc-gekko/4.2.3/crtbegin.o
 .rela.text.LWP_InitQueue
                0x00000000        0x0 /opt/devkitpro/devkitPPC/lib/gcc/powerpc-gekko/4.2.3/crtbegin.o
 .rela.text.LWP_JoinThread
                0x00000000        0x0 /opt/devkitpro/devkitPPC/lib/gcc/powerpc-gekko/4.2.3/crtbegin.o
 .rela.text.LWP_ThreadIsSuspended
                0x00000000        0x0 /opt/devkitpro/devkitPPC/lib/gcc/powerpc-gekko/4.2.3/crtbegin.o
 .rela.text.LWP_SetThreadPriority
                0x00000000        0x0 /opt/devkitpro/devkitPPC/lib/gcc/powerpc-gekko/4.2.3/crtbegin.o
 .rela.text.LWP_ResumeThread
                0x00000000        0x0 /opt/devkitpro/devkitPPC/lib/gcc/powerpc-gekko/4.2.3/crtbegin.o
 .rela.text.LWP_SuspendThread
                0x00000000        0x0 /opt/devkitpro/devkitPPC/lib/gcc/powerpc-gekko/4.2.3/crtbegin.o
 .rela.text.LWP_CreateThread
                0x00000000        0x0 /opt/devkitpro/devkitPPC/lib/gcc/powerpc-gekko/4.2.3/crtbegin.o
 .rela.text.__lwp_stack_free
                0x00000000        0x0 /opt/devkitpro/devkitPPC/lib/gcc/powerpc-gekko/4.2.3/crtbegin.o
 .rela.text.__lwp_stack_allocate
                0x00000000        0x0 /opt/devkitpro/devkitPPC/lib/gcc/powerpc-gekko/4.2.3/crtbegin.o
 .rela.text.__lwp_watchdog_init
                0x00000000        0x0 /opt/devkitpro/devkitPPC/lib/gcc/powerpc-gekko/4.2.3/crtbegin.o
 .rela.text.__lwp_wd_tickle
                0x00000000        0x0 /opt/devkitpro/devkitPPC/lib/gcc/powerpc-gekko/4.2.3/crtbegin.o
 .rela.text.__lwp_wkspace_init
                0x00000000        0x0 /opt/devkitpro/devkitPPC/lib/gcc/powerpc-gekko/4.2.3/crtbegin.o
 .rela.text.__lwp_wkspace_heapused
                0x00000000        0x0 /opt/devkitpro/devkitPPC/lib/gcc/powerpc-gekko/4.2.3/crtbegin.o
 .rela.text.__lwp_wkspace_heapfree
                0x00000000        0x0 /opt/devkitpro/devkitPPC/lib/gcc/powerpc-gekko/4.2.3/crtbegin.o
 .rela.text.__lwp_objmgr_initinfo
                0x00000000        0x0 /opt/devkitpro/devkitPPC/lib/gcc/powerpc-gekko/4.2.3/crtbegin.o
 .rela.text.__irq_init
                0x00000000        0x0 /opt/devkitpro/devkitPPC/lib/gcc/powerpc-gekko/4.2.3/crtbegin.o
 .rela.text.__sram_sync
                0x00000000        0x0 /opt/devkitpro/devkitPPC/lib/gcc/powerpc-gekko/4.2.3/crtbegin.o
 .rela.text.__locksram
                0x00000000        0x0 /opt/devkitpro/devkitPPC/lib/gcc/powerpc-gekko/4.2.3/crtbegin.o
 .rela.text.__sys_alarmhandler
                0x00000000        0x0 /opt/devkitpro/devkitPPC/lib/gcc/powerpc-gekko/4.2.3/crtbegin.o
 .rela.text.__sram_init
                0x00000000        0x0 /opt/devkitpro/devkitPPC/lib/gcc/powerpc-gekko/4.2.3/crtbegin.o
 .rela.text.SYS_Init
                0x00000000        0x0 /opt/devkitpro/devkitPPC/lib/gcc/powerpc-gekko/4.2.3/crtbegin.o
 .rela.text.__unlocksram
                0x00000000        0x0 /opt/devkitpro/devkitPPC/lib/gcc/powerpc-gekko/4.2.3/crtbegin.o
 .rela.text.__sram_writecallback
                0x00000000        0x0 /opt/devkitpro/devkitPPC/lib/gcc/powerpc-gekko/4.2.3/crtbegin.o
 .rela.text.SYS_CancelAlarm
                0x00000000        0x0 /opt/devkitpro/devkitPPC/lib/gcc/powerpc-gekko/4.2.3/crtbegin.o
 .rela.text.SYS_RemoveAlarm
                0x00000000        0x0 /opt/devkitpro/devkitPPC/lib/gcc/powerpc-gekko/4.2.3/crtbegin.o
 .rela.text.SYS_SetPeriodicAlarm
                0x00000000        0x0 /opt/devkitpro/devkitPPC/lib/gcc/powerpc-gekko/4.2.3/crtbegin.o
 .rela.text.SYS_SetAlarm
                0x00000000        0x0 /opt/devkitpro/devkitPPC/lib/gcc/powerpc-gekko/4.2.3/crtbegin.o
 .rela.text.__lwp_cond_init
                0x00000000        0x0 /opt/devkitpro/devkitPPC/lib/gcc/powerpc-gekko/4.2.3/crtbegin.o
 .rela.text.LWP_CondDestroy
                0x00000000        0x0 /opt/devkitpro/devkitPPC/lib/gcc/powerpc-gekko/4.2.3/crtbegin.o
 .rela.text.LWP_CondInit
                0x00000000        0x0 /opt/devkitpro/devkitPPC/lib/gcc/powerpc-gekko/4.2.3/crtbegin.o
 .rela.text.__lwp_cond_signalsupp
                0x00000000        0x0 /opt/devkitpro/devkitPPC/lib/gcc/powerpc-gekko/4.2.3/crtbegin.o
 .rela.text.__lwp_cond_waitsupp
                0x00000000        0x0 /opt/devkitpro/devkitPPC/lib/gcc/powerpc-gekko/4.2.3/crtbegin.o
 .rela.text.GX_EndDispList
                0x00000000        0x0 /opt/devkitpro/devkitPPC/lib/gcc/powerpc-gekko/4.2.3/crtbegin.o
 .rela.text.GX_BeginDispList
                0x00000000        0x0 /opt/devkitpro/devkitPPC/lib/gcc/powerpc-gekko/4.2.3/crtbegin.o
 .rela.text.c_decrementer_handler
                0x00000000        0x0 /opt/devkitpro/devkitPPC/lib/gcc/powerpc-gekko/4.2.3/crtbegin.o
 .rela.text.__lwp_mqbox_init
                0x00000000        0x0 /opt/devkitpro/devkitPPC/lib/gcc/powerpc-gekko/4.2.3/crtbegin.o
 .rela.text.MQ_Close
                0x00000000        0x0 /opt/devkitpro/devkitPPC/lib/gcc/powerpc-gekko/4.2.3/crtbegin.o
 .rela.text.MQ_Init
                0x00000000        0x0 /opt/devkitpro/devkitPPC/lib/gcc/powerpc-gekko/4.2.3/crtbegin.o
 .rela.text.MQ_Jam
                0x00000000        0x0 /opt/devkitpro/devkitPPC/lib/gcc/powerpc-gekko/4.2.3/crtbegin.o
 .rela.text.MQ_Receive
                0x00000000        0x0 /opt/devkitpro/devkitPPC/lib/gcc/powerpc-gekko/4.2.3/crtbegin.o
 .rela.text.MQ_Send
                0x00000000        0x0 /opt/devkitpro/devkitPPC/lib/gcc/powerpc-gekko/4.2.3/crtbegin.o
 .rela.text.__ios_ioctlvformat_parse
                0x00000000        0x0 /opt/devkitpro/devkitPPC/lib/gcc/powerpc-gekko/4.2.3/crtbegin.o
 .rela.text.__ioctlvfmtCB
                0x00000000        0x0 /opt/devkitpro/devkitPPC/lib/gcc/powerpc-gekko/4.2.3/crtbegin.o
 .rela.text.IOS_IoctlvFormatAsync
                0x00000000        0x0 /opt/devkitpro/devkitPPC/lib/gcc/powerpc-gekko/4.2.3/crtbegin.o
 .rela.text.IOS_IoctlvFormat
                0x00000000        0x0 /opt/devkitpro/devkitPPC/lib/gcc/powerpc-gekko/4.2.3/crtbegin.o
 .rela.text.nanosleep
                0x00000000        0x0 /opt/devkitpro/devkitPPC/lib/gcc/powerpc-gekko/4.2.3/crtbegin.o
 .rela.text.__libc_init
                0x00000000        0x0 /opt/devkitpro/devkitPPC/lib/gcc/powerpc-gekko/4.2.3/crtbegin.o
 .rela.text.__libc_wrapup
                0x00000000        0x0 /opt/devkitpro/devkitPPC/lib/gcc/powerpc-gekko/4.2.3/crtbegin.o
 .rela.text.__libc_delete_hook
                0x00000000        0x0 /opt/devkitpro/devkitPPC/lib/gcc/powerpc-gekko/4.2.3/crtbegin.o
 .rela.text.__CheckARGV
                0x00000000        0x0 /opt/devkitpro/devkitPPC/lib/gcc/powerpc-gekko/4.2.3/crtbegin.o
 .rela.text.__lwp_priority_init
                0x00000000        0x0 /opt/devkitpro/devkitPPC/lib/gcc/powerpc-gekko/4.2.3/crtbegin.o
 .rela.text.__lwp_threadqueue_extractpriority
                0x00000000        0x0 /opt/devkitpro/devkitPPC/lib/gcc/powerpc-gekko/4.2.3/crtbegin.o
 .rela.text.__lwp_threadqueue_extractfifo
                0x00000000        0x0 /opt/devkitpro/devkitPPC/lib/gcc/powerpc-gekko/4.2.3/crtbegin.o
 .rela.text.__lwp_threadqueue_dequeuepriority
                0x00000000        0x0 /opt/devkitpro/devkitPPC/lib/gcc/powerpc-gekko/4.2.3/crtbegin.o
 .rela.text.__lwp_threadqueue_enqueuepriority
                0x00000000        0x0 /opt/devkitpro/devkitPPC/lib/gcc/powerpc-gekko/4.2.3/crtbegin.o
 .rela.text.__lwp_threadqueue_dequeuefifo
                0x00000000        0x0 /opt/devkitpro/devkitPPC/lib/gcc/powerpc-gekko/4.2.3/crtbegin.o
 .rela.text.__lwp_threadqueue_enqueuefifo
                0x00000000        0x0 /opt/devkitpro/devkitPPC/lib/gcc/powerpc-gekko/4.2.3/crtbegin.o
 .rela.text.__lwp_threadqueue_enqueue
                0x00000000        0x0 /opt/devkitpro/devkitPPC/lib/gcc/powerpc-gekko/4.2.3/crtbegin.o
 .rela.text.__lwpmq_close
                0x00000000        0x0 /opt/devkitpro/devkitPPC/lib/gcc/powerpc-gekko/4.2.3/crtbegin.o
 .rela.text.__lwpmq_initialize
                0x00000000        0x0 /opt/devkitpro/devkitPPC/lib/gcc/powerpc-gekko/4.2.3/crtbegin.o
 .rela.text.__exception_sethandler
                0x00000000        0x0 /opt/devkitpro/devkitPPC/lib/gcc/powerpc-gekko/4.2.3/crtbegin.o
 .rela.text.__exception_init
                0x00000000        0x0 /opt/devkitpro/devkitPPC/lib/gcc/powerpc-gekko/4.2.3/crtbegin.o
 .rela.text.__systemcall_init
                0x00000000        0x0 /opt/devkitpro/devkitPPC/lib/gcc/powerpc-gekko/4.2.3/crtbegin.o
 .rela.text.__lwp_sema_init
                0x00000000        0x0 /opt/devkitpro/devkitPPC/lib/gcc/powerpc-gekko/4.2.3/crtbegin.o
 .rela.text.LWP_SemInit
                0x00000000        0x0 /opt/devkitpro/devkitPPC/lib/gcc/powerpc-gekko/4.2.3/crtbegin.o
 .rela.text.LWP_SemDestroy
                0x00000000        0x0 /opt/devkitpro/devkitPPC/lib/gcc/powerpc-gekko/4.2.3/crtbegin.o
 .rela.text.LWP_SemPost
                0x00000000        0x0 /opt/devkitpro/devkitPPC/lib/gcc/powerpc-gekko/4.2.3/crtbegin.o
 .rela.text.LWP_SemWait
                0x00000000        0x0 /opt/devkitpro/devkitPPC/lib/gcc/powerpc-gekko/4.2.3/crtbegin.o
 .rela.text.__lwp_mutex_init
                0x00000000        0x0 /opt/devkitpro/devkitPPC/lib/gcc/powerpc-gekko/4.2.3/crtbegin.o
 .rela.text.LWP_MutexDestroy
                0x00000000        0x0 /opt/devkitpro/devkitPPC/lib/gcc/powerpc-gekko/4.2.3/crtbegin.o
 .rela.text.LWP_MutexUnlock
                0x00000000        0x0 /opt/devkitpro/devkitPPC/lib/gcc/powerpc-gekko/4.2.3/crtbegin.o
 .rela.text.__lwp_mutex_locksupp
                0x00000000        0x0 /opt/devkitpro/devkitPPC/lib/gcc/powerpc-gekko/4.2.3/crtbegin.o
 .rela.text.LWP_MutexInit
                0x00000000        0x0 /opt/devkitpro/devkitPPC/lib/gcc/powerpc-gekko/4.2.3/crtbegin.o
 .rela.text.kprintf
                0x00000000        0x0 /opt/devkitpro/devkitPPC/lib/gcc/powerpc-gekko/4.2.3/crtbegin.o
 .rela.text.__console_init_ex
                0x00000000        0x0 /opt/devkitpro/devkitPPC/lib/gcc/powerpc-gekko/4.2.3/crtbegin.o
 .rela.text.__console_init
                0x00000000        0x0 /opt/devkitpro/devkitPPC/lib/gcc/powerpc-gekko/4.2.3/crtbegin.o

.rel.fini
 *(.rel.fini)

.rela.fini
 *(.rela.fini)

.rel.rodata
 *(.rel.rodata .rel.rodata.* .rel.gnu.linkonce.r.*)

.rela.rodata
 *(.rela.rodata .rela.rodata.* .rela.gnu.linkonce.r.*)

.rel.data
 *(.rel.data .rel.data.* .rel.gnu.linkonce.d.*)

.rela.data
 *(.rela.data .rela.data.* .rela.gnu.linkonce.d.*)

.rel.tdata
 *(.rel.tdata .rel.tdata.* .rel.gnu.linkonce.td.*)

.rela.tdata
 *(.rela.tdata .rela.tdata.* .rela.gnu.linkonce.td.*)

.rel.tbss
 *(.rel.tbss .rel.tbss.* .rel.gnu.linkonce.tb.*)

.rela.tbss
 *(.rela.tbss .rela.tbss.* .rela.gnu.linkonce.tb.*)

.rel.ctors
 *(.rel.ctors)

.rela.ctors
 *(.rela.ctors)

.rel.dtors
 *(.rel.dtors)

.rela.dtors
 *(.rela.dtors)

.rel.got
 *(.rel.got)

.rela.got
 *(.rela.got)

.rela.got1
 *(.rela.got1)

.rela.got2      0x80004208        0x0
 *(.rela.got2)
 .rela.got2     0x00000000        0x0 /opt/devkitpro/devkitPPC/lib/gcc/powerpc-gekko/4.2.3/crtbegin.o

.rel.sdata
 *(.rel.sdata .rel.sdata.* .rel.gnu.linkonce.s.*)

.rela.sdata
 *(.rela.sdata .rela.sdata.* .rela.gnu.linkonce.s.*)

.rel.sbss
 *(.rel.sbss .rel.sbss.* .rel.gnu.linkonce.sb.*)

.rela.sbss
 *(.rela.sbss .rela.sbss.* .rel.gnu.linkonce.sb.*)

.rel.sdata2
 *(.rel.sdata2 .rel.sdata2.* .rel.gnu.linkonce.s2.*)

.rela.sdata2    0x80004208        0x0
 *(.rela.sdata2 .rela.sdata2.* .rela.gnu.linkonce.s2.*)
 .rela.sdata2.__sys_inIPL
                0x00000000        0x0 /opt/devkitpro/devkitPPC/lib/gcc/powerpc-gekko/4.2.3/crtbegin.o
 .rela.sdata2._gx
                0x00000000        0x0 /opt/devkitpro/devkitPPC/lib/gcc/powerpc-gekko/4.2.3/crtbegin.o

.rel.sbss2
 *(.rel.sbss2 .rel.sbss2.* .rel.gnu.linkonce.sb2.*)

.rela.sbss2
 *(.rela.sbss2 .rela.sbss2.* .rela.gnu.linkonce.sb2.*)

.rel.bss
 *(.rel.bss .rel.bss.* .rel.gnu.linkonce.b.*)

.rela.bss
 *(.rela.bss .rela.bss.* .rela.gnu.linkonce.b.*)

.rel.plt
 *(.rel.plt)

.rela.plt
 *(.rela.plt)

.text           0x80004220    0x39080
 *(.text)
 .text          0x80004220      0x140 /opt/devkitpro/devkitPPC/lib/gcc/powerpc-gekko/4.2.3/crtbegin.o
 .text          0x80004360       0x48 /opt/devkitpro/devkitPPC/lib/gcc/powerpc-gekko/4.2.3/../../../../powerpc-gekko/lib/crtmain.o
                0x80004364                __crtmain
 *fill*         0x800043a8       0x18 00000000
 .text          0x800043c0      0x4e8 /opt/devkitpro/libogc/lib/wii/libogc.a(lwp_handler.o)
                0x80004500                _cpu_context_restore_fp
                0x800047c0                _cpu_context_save
                0x800043c0                _cpu_context_save_fp
                0x80004640                _cpu_context_switch
                0x80004840                _cpu_context_restore
 .text          0x800048a8      0x4d8 /opt/devkitpro/libogc/lib/wii/libogc.a(cache_asm.o)
                0x80004b84                L2Disable
                0x8000490c                DCBlockZero
                0x800049c4                DCFlushRangeNoSync
                0x80004b18                ICBlockInvalidate
                0x800048a8                DCFlashInvalidate
                0x80004914                DCBlockStore
                0x80004a24                DCZeroRange
                0x80004d38                LCLoadBlocks
                0x80004904                DCTouchLoad
                0x80004cf8                LCAllocTags
                0x80004ae0                ICDisable
                0x80004acc                ICEnable
                0x80004b9c                L2GlobalInvalidate
                0x80004d5c                LCStoreBlocks
                0x80004abc                ICFlashInvalidate
                0x80004a54                DCTouchRange
                0x800049f4                DCStoreRangeNoSync
                0x80004af4                ICFreeze
                0x800048cc                DCDisable
                0x8000491c                DCBlockFlush
                0x800048b8                DCEnable
                0x80004b70                L2Enable
                0x80004bf4                __LCEnable
                0x8000492c                DCInvalidateRange
                0x80004ce4                LCAllocOneTag
                0x800048f4                DCUnfreeze
                0x80004a84                ICInvalidateRange
                0x8000495c                DCFlushRange
                0x80004b20                ICSync
                0x80004924                DCBlockInvalidate
                0x800048e0                DCFreeze
                0x80004b28                L2Init
                0x80004b08                ICUnfreeze
                0x80004990                DCStoreRange
                0x80004cbc                LCDisable
 .text          0x80004d80      0x5c4 /opt/devkitpro/libogc/lib/wii/libogc.a(system_asm.o)
                0x80004e18                __configMEM1_48Mb
                0x800052a4                __reset
                0x80004d80                __realmode
                0x80005188                __CacheInit
                0x80004f78                __configMEM2_64Mb
                0x800051ec                __SystemInit
                0x800050d4                __configMEM2_128Mb
                0x80004d98                __configMEM1_24Mb
                0x80005150                __PSInit
                0x80004e98                __configMEM2_56Mb
                0x80004ff4                __configMEM2_112Mb
                0x80005270                __flush_cache
                0x80005314                SYS_SwitchFiber
 .text          0x80005344      0x92c /opt/devkitpro/libogc/lib/wii/libogc.a(gu_psasm.o)
                0x80005344                ps_guMtxConcat
                0x80005c14                ps_guQuatNormalize
                0x80005908                ps_guMtxReflect
                0x800059e4                ps_guVecNormalize
                0x80005a6c                ps_guVecDotProduct
                0x80005834                __ps_guMtxRotAxisRadInternal
                0x800055c8                ps_guMtxInvXpos
                0x80005a8c                ps_guVecMultiply
                0x80005bf4                ps_guQuatDotProduct
                0x80005a30                ps_guVecCross
                0x80005b58                ps_guQuatSub
                0x80005b34                ps_guQuatAdd
                0x80005ae0                ps_guVecMultiplySR
                0x80005410                ps_guMtxIdentity
                0x80005784                ps_guMtxRotTrig
                0x80005980                ps_guVecAdd
                0x800059c8                ps_guVecScale
                0x80005690                ps_guMtxScale
                0x80005444                ps_guMtxCopy
                0x800056c0                ps_guMtxScaleApply
                0x80005b7c                ps_guQuatMultiply
                0x80005478                ps_guMtxTranspose
                0x800054d0                ps_guMtxInverse
                0x8000570c                ps_guMtxTrans
                0x80005744                ps_guMtxTransApply
                0x800059a4                ps_guVecSub
 .text          0x80005c70      0x1b0 /opt/devkitpro/libogc/lib/wii/libogc.a(irq_handler.o)
                0x80005c70                irq_exceptionhandler
 .text          0x80005e20      0x118 /opt/devkitpro/libogc/lib/wii/libogc.a(video_asm.o)
                0x80005e20                __VIClearFramebuffer
 .text          0x80005f38      0x1b0 /opt/devkitpro/libogc/lib/wii/libogc.a(decrementer_handler.o)
                0x80005f38                dec_exceptionhandler
 .text          0x800060e8      0x34c /opt/devkitpro/libogc/lib/wii/libogc.a(exception_handler.o)
                0x800060e8                exceptionhandler_start
                0x8000619c                default_exceptionhandler
                0x80006430                systemcallhandler_end
                0x80006414                systemcallhandler_start
                0x80006198                exceptionhandler_end
                0x80006164                exceptionhandler_patch
                0x800062dc                fpu_exceptionhandler
 .text          0x80006434       0x34 /opt/devkitpro/devkitPPC/lib/gcc/powerpc-gekko/4.2.3/../../../../powerpc-gekko/lib/libm.a(lib_a-s_atan2.o)
                0x80006434                atan2
 .text          0x80006468      0x284 /opt/devkitpro/devkitPPC/lib/gcc/powerpc-gekko/4.2.3/../../../../powerpc-gekko/lib/libm.a(lib_a-s_atangent.o)
                0x80006468                atangent
 .text          0x800066ec       0xcc /opt/devkitpro/devkitPPC/lib/gcc/powerpc-gekko/4.2.3/../../../../powerpc-gekko/lib/libm.a(lib_a-s_ceil.o)
                0x800066ec                ceil
 .text          0x800067b8       0x24 /opt/devkitpro/devkitPPC/lib/gcc/powerpc-gekko/4.2.3/../../../../powerpc-gekko/lib/libm.a(lib_a-s_cos.o)
                0x800067b8                cos
 .text          0x800067dc       0xb4 /opt/devkitpro/devkitPPC/lib/gcc/powerpc-gekko/4.2.3/../../../../powerpc-gekko/lib/libm.a(lib_a-s_fabs.o)
                0x800067dc                fabs
 .text          0x80006890       0xb4 /opt/devkitpro/devkitPPC/lib/gcc/powerpc-gekko/4.2.3/../../../../powerpc-gekko/lib/libm.a(lib_a-s_frexp.o)
                0x80006890                frexp
 .text          0x80006944      0x244 /opt/devkitpro/devkitPPC/lib/gcc/powerpc-gekko/4.2.3/../../../../powerpc-gekko/lib/libm.a(lib_a-s_modf.o)
                0x80006944                modf
 .text          0x80006b88       0x50 /opt/devkitpro/devkitPPC/lib/gcc/powerpc-gekko/4.2.3/../../../../powerpc-gekko/lib/libm.a(lib_a-s_numtest.o)
                0x80006b88                numtest
 .text          0x80006bd8       0x24 /opt/devkitpro/devkitPPC/lib/gcc/powerpc-gekko/4.2.3/../../../../powerpc-gekko/lib/libm.a(lib_a-s_sin.o)
                0x80006bd8                sin
 .text          0x80006bfc      0x2c4 /opt/devkitpro/devkitPPC/lib/gcc/powerpc-gekko/4.2.3/../../../../powerpc-gekko/lib/libm.a(lib_a-s_sine.o)
                0x80006bfc                sine
 .text          0x80006ec0      0x184 /opt/devkitpro/devkitPPC/lib/gcc/powerpc-gekko/4.2.3/../../../../powerpc-gekko/lib/libm.a(lib_a-s_sqrt.o)
                0x80006ec0                sqrt
 .text          0x80007044       0xc8 /opt/devkitpro/devkitPPC/lib/gcc/powerpc-gekko/4.2.3/../../../../powerpc-gekko/lib/libm.a(lib_a-sf_atan.o)
                0x80007044                atanf
 .text          0x8000710c       0x38 /opt/devkitpro/devkitPPC/lib/gcc/powerpc-gekko/4.2.3/../../../../powerpc-gekko/lib/libm.a(lib_a-sf_atan2.o)
                0x8000710c                atan2f
 .text          0x80007144      0x250 /opt/devkitpro/devkitPPC/lib/gcc/powerpc-gekko/4.2.3/../../../../powerpc-gekko/lib/libm.a(lib_a-sf_atangent.o)
                0x80007144                atangentf
 .text          0x80007394       0x24 /opt/devkitpro/devkitPPC/lib/gcc/powerpc-gekko/4.2.3/../../../../powerpc-gekko/lib/libm.a(lib_a-sf_cos.o)
                0x80007394                cosf
 .text          0x800073b8       0xb4 /opt/devkitpro/devkitPPC/lib/gcc/powerpc-gekko/4.2.3/../../../../powerpc-gekko/lib/libm.a(lib_a-sf_fabs.o)
                0x800073b8                fabsf
 .text          0x8000746c       0x90 /opt/devkitpro/devkitPPC/lib/gcc/powerpc-gekko/4.2.3/../../../../powerpc-gekko/lib/libm.a(lib_a-sf_frexp.o)
                0x8000746c                frexpf
 .text          0x800074fc       0x24 /opt/devkitpro/devkitPPC/lib/gcc/powerpc-gekko/4.2.3/../../../../powerpc-gekko/lib/libm.a(lib_a-sf_isinff.o)
                0x800074fc                __isinff
 .text          0x80007520       0x28 /opt/devkitpro/devkitPPC/lib/gcc/powerpc-gekko/4.2.3/../../../../powerpc-gekko/lib/libm.a(lib_a-sf_isnanf.o)
                0x80007520                __isnanf
 .text          0x80007548       0x48 /opt/devkitpro/devkitPPC/lib/gcc/powerpc-gekko/4.2.3/../../../../powerpc-gekko/lib/libm.a(lib_a-sf_numtest.o)
                0x80007548                numtestf
 .text          0x80007590       0x24 /opt/devkitpro/devkitPPC/lib/gcc/powerpc-gekko/4.2.3/../../../../powerpc-gekko/lib/libm.a(lib_a-sf_sin.o)
                0x80007590                sinf
 .text          0x800075b4      0x2b8 /opt/devkitpro/devkitPPC/lib/gcc/powerpc-gekko/4.2.3/../../../../powerpc-gekko/lib/libm.a(lib_a-sf_sine.o)
                0x800075b4                sinef
 .text          0x8000786c      0x190 /opt/devkitpro/devkitPPC/lib/gcc/powerpc-gekko/4.2.3/../../../../powerpc-gekko/lib/libm.a(lib_a-sf_sqrt.o)
                0x8000786c                sqrtf
 .text          0x800079fc      0x204 /opt/devkitpro/devkitPPC/lib/gcc/powerpc-gekko/4.2.3/../../../../powerpc-gekko/lib/libm.a(lib_a-sf_tan.o)
                0x800079fc                tanf
 .text          0x80007c00       0x1c /opt/devkitpro/devkitPPC/lib/gcc/powerpc-gekko/4.2.3/../../../../powerpc-gekko/lib/libm.a(lib_a-s_ispos.o)
                0x80007c00                ispos
 .text          0x80007c1c      0x154 /opt/devkitpro/devkitPPC/lib/gcc/powerpc-gekko/4.2.3/../../../../powerpc-gekko/lib/libm.a(lib_a-s_ldexp.o)
                0x80007c1c                ldexp
 .text          0x80007d70       0x1c /opt/devkitpro/devkitPPC/lib/gcc/powerpc-gekko/4.2.3/../../../../powerpc-gekko/lib/libm.a(lib_a-sf_ispos.o)
                0x80007d70                isposf
 .text          0x80007d8c      0x14c /opt/devkitpro/devkitPPC/lib/gcc/powerpc-gekko/4.2.3/../../../../powerpc-gekko/lib/libm.a(lib_a-sf_ldexp.o)
                0x80007d8c                ldexpf
 .text          0x80007ed8      0x430 /opt/devkitpro/devkitPPC/lib/gcc/powerpc-gekko/4.2.3/libgcc.a(_udivdi3.o)
                0x80007ed8                __udivdi3
 .text          0x80008308       0x28 /opt/devkitpro/devkitPPC/lib/gcc/powerpc-gekko/4.2.3/../../../../powerpc-gekko/lib/libsysbase.a(abort.o)
                0x80008308                abort
 .text          0x80008330       0x28 /opt/devkitpro/devkitPPC/lib/gcc/powerpc-gekko/4.2.3/../../../../powerpc-gekko/lib/libsysbase.a(_exit.o)
                0x80008330                _exit
 .text          0x80008358       0x9c /opt/devkitpro/devkitPPC/lib/gcc/powerpc-gekko/4.2.3/../../../../powerpc-gekko/lib/libsysbase.a(build_argv.o)
                0x80008358                build_argv
 .text          0x800083f4      0x168 /opt/devkitpro/devkitPPC/lib/gcc/powerpc-gekko/4.2.3/../../../../powerpc-gekko/lib/libsysbase.a(syscall_support.o)
                0x80008528                __malloc_unlock
                0x80008474                __libc_lock_release
                0x800083f4                __libc_lock_init
                0x800084f4                __malloc_lock
                0x80008434                __libc_lock_close
                0x800084b4                __libc_lock_acquire
 .text          0x8000855c       0x34 /opt/devkitpro/devkitPPC/lib/gcc/powerpc-gekko/4.2.3/../../../../powerpc-gekko/lib/libc.a(lib_a-calloc.o)
                0x8000855c                calloc
 .text          0x80008590       0xd0 /opt/devkitpro/devkitPPC/lib/gcc/powerpc-gekko/4.2.3/../../../../powerpc-gekko/lib/libc.a(lib_a-callocr.o)
                0x80008590                _calloc_r
 .text          0x80008660        0xc /opt/devkitpro/devkitPPC/lib/gcc/powerpc-gekko/4.2.3/../../../../powerpc-gekko/lib/libc.a(lib_a-errno.o)
                0x80008660                __errno
 .text          0x8000866c       0x40 /opt/devkitpro/devkitPPC/lib/gcc/powerpc-gekko/4.2.3/../../../../powerpc-gekko/lib/libc.a(lib_a-exit.o)
                0x8000866c                exit
 .text          0x800086ac      0x110 /opt/devkitpro/devkitPPC/lib/gcc/powerpc-gekko/4.2.3/../../../../powerpc-gekko/lib/libc.a(lib_a-fprintf.o)
                0x800086ac                fprintf
                0x80008740                _fprintf_r
 .text          0x800087bc      0x17c /opt/devkitpro/devkitPPC/lib/gcc/powerpc-gekko/4.2.3/../../../../powerpc-gekko/lib/libc.a(lib_a-fwrite.o)
                0x800087bc                _fwrite_r
                0x80008910                fwrite
 .text          0x80008938       0x34 /opt/devkitpro/devkitPPC/lib/gcc/powerpc-gekko/4.2.3/../../../../powerpc-gekko/lib/libc.a(lib_a-malign.o)
                0x80008938                memalign
 .text          0x8000896c      0x1b0 /opt/devkitpro/devkitPPC/lib/gcc/powerpc-gekko/4.2.3/../../../../powerpc-gekko/lib/libc.a(lib_a-malignr.o)
                0x8000896c                _memalign_r
 .text          0x80008b1c       0x58 /opt/devkitpro/devkitPPC/lib/gcc/powerpc-gekko/4.2.3/../../../../powerpc-gekko/lib/libc.a(lib_a-malloc.o)
                0x80008b48                malloc
                0x80008b1c                free
 .text          0x80008b74      0x86c /opt/devkitpro/devkitPPC/lib/gcc/powerpc-gekko/4.2.3/../../../../powerpc-gekko/lib/libc.a(lib_a-mallocr.o)
                0x80008b74                _malloc_r
 .text          0x800093e0       0x8c /opt/devkitpro/devkitPPC/lib/gcc/powerpc-gekko/4.2.3/../../../../powerpc-gekko/lib/libc.a(lib_a-memcmp.o)
                0x800093e0                memcmp
 .text          0x8000946c       0xc8 /opt/devkitpro/devkitPPC/lib/gcc/powerpc-gekko/4.2.3/../../../../powerpc-gekko/lib/libc.a(lib_a-memcpy.o)
                0x8000946c                memcpy
 .text          0x80009534      0x104 /opt/devkitpro/devkitPPC/lib/gcc/powerpc-gekko/4.2.3/../../../../powerpc-gekko/lib/libc.a(lib_a-memmove.o)
                0x80009534                memmove
 .text          0x80009638       0xac /opt/devkitpro/devkitPPC/lib/gcc/powerpc-gekko/4.2.3/../../../../powerpc-gekko/lib/libc.a(lib_a-memset.o)
                0x80009638                memset
 .text          0x800096e4      0x124 /opt/devkitpro/devkitPPC/lib/gcc/powerpc-gekko/4.2.3/../../../../powerpc-gekko/lib/libc.a(lib_a-printf.o)
                0x800096e4                printf
                0x8000977c                _printf_r
 .text          0x80009808       0xa8 /opt/devkitpro/devkitPPC/lib/gcc/powerpc-gekko/4.2.3/../../../../powerpc-gekko/lib/libc.a(lib_a-puts.o)
                0x80009808                _puts_r
                0x800098a0                puts
 .text          0x800098b0       0x6c /opt/devkitpro/devkitPPC/lib/gcc/powerpc-gekko/4.2.3/../../../../powerpc-gekko/lib/libc.a(lib_a-rand.o)
                0x800098c8                rand
                0x800098b0                srand
 .text          0x8000991c      0x248 /opt/devkitpro/devkitPPC/lib/gcc/powerpc-gekko/4.2.3/../../../../powerpc-gekko/lib/libc.a(lib_a-reent.o)
                0x800099dc                cleanup_glue
                0x80009a2c                _reclaim_reent
                0x8000991c                _wrapup_reent
 .text          0x80009b64      0x2cc /opt/devkitpro/devkitPPC/lib/gcc/powerpc-gekko/4.2.3/../../../../powerpc-gekko/lib/libc.a(lib_a-setvbuf.o)
                0x80009b64                setvbuf
 .text          0x80009e30      0x230 /opt/devkitpro/devkitPPC/lib/gcc/powerpc-gekko/4.2.3/../../../../powerpc-gekko/lib/libc.a(lib_a-snprintf.o)
                0x80009e30                snprintf
                0x80009f48                _snprintf_r
 .text          0x8000a060       0xf0 /opt/devkitpro/devkitPPC/lib/gcc/powerpc-gekko/4.2.3/../../../../powerpc-gekko/lib/libc.a(lib_a-strchr.o)
                0x8000a060                strchr
 .text          0x8000a150       0xc0 /opt/devkitpro/devkitPPC/lib/gcc/powerpc-gekko/4.2.3/../../../../powerpc-gekko/lib/libc.a(lib_a-strcmp.o)
                0x8000a150                strcmp
 .text          0x8000a210       0x64 /opt/devkitpro/devkitPPC/lib/gcc/powerpc-gekko/4.2.3/../../../../powerpc-gekko/lib/libc.a(lib_a-strlen.o)
                0x8000a210                strlen
 .text          0x8000a274       0x44 /opt/devkitpro/devkitPPC/lib/gcc/powerpc-gekko/4.2.3/../../../../powerpc-gekko/lib/libc.a(lib_a-strnlen.o)
                0x8000a274                strnlen
 .text          0x8000a2b8       0x3c /opt/devkitpro/devkitPPC/lib/gcc/powerpc-gekko/4.2.3/../../../../powerpc-gekko/lib/libc.a(lib_a-syswrite.o)
                0x8000a2b8                write
 .text          0x8000a2f4     0x2344 /opt/devkitpro/devkitPPC/lib/gcc/powerpc-gekko/4.2.3/../../../../powerpc-gekko/lib/libc.a(lib_a-vfprintf.o)
                0x8000a354                _vfprintf_r
                0x8000c618                vfprintf
 .text          0x8000c638       0xa4 /opt/devkitpro/devkitPPC/lib/gcc/powerpc-gekko/4.2.3/../../../../powerpc-gekko/lib/libc.a(lib_a-wcrtomb.o)
                0x8000c638                _wcrtomb_r
                0x8000c6bc                wcrtomb
 .text          0x8000c6dc      0x1d8 /opt/devkitpro/devkitPPC/lib/gcc/powerpc-gekko/4.2.3/../../../../powerpc-gekko/lib/libc.a(lib_a-wcsrtombs.o)
                0x8000c6dc                _wcsrtombs_r
                0x8000c88c                wcsrtombs
 .text          0x8000c8b4      0x464 /opt/devkitpro/devkitPPC/lib/gcc/powerpc-gekko/4.2.3/../../../../powerpc-gekko/lib/libc.a(lib_a-wctomb_r.o)
                0x8000c8b4                _wctomb_r
 .text          0x8000cd18      0x178 /opt/devkitpro/devkitPPC/lib/gcc/powerpc-gekko/4.2.3/../../../../powerpc-gekko/lib/libc.a(lib_a-wsetup.o)
                0x8000cd18                __swsetup_r
 .text          0x8000ce90      0x1ac /opt/devkitpro/devkitPPC/lib/gcc/powerpc-gekko/4.2.3/../../../../powerpc-gekko/lib/libc.a(lib_a-__call_atexit.o)
                0x8000ce90                __call_exitprocs
 .text          0x8000d03c     0x1390 /opt/devkitpro/devkitPPC/lib/gcc/powerpc-gekko/4.2.3/../../../../powerpc-gekko/lib/libc.a(lib_a-dtoa.o)
                0x8000d278                _dtoa_r
 .text          0x8000e3cc      0x310 /opt/devkitpro/devkitPPC/lib/gcc/powerpc-gekko/4.2.3/../../../../powerpc-gekko/lib/libc.a(lib_a-fflush.o)
                0x8000e68c                fflush
                0x8000e3cc                _fflush_r
 .text          0x8000e6dc      0x4ac /opt/devkitpro/devkitPPC/lib/gcc/powerpc-gekko/4.2.3/../../../../powerpc-gekko/lib/libc.a(lib_a-findfp.o)
                0x8000e8c8                __sinit
                0x8000e9e8                __sfmoreglue
                0x8000e704                _cleanup
                0x8000e6dc                _cleanup_r
                0x8000e9b4                __fp_lock_all
                0x8000e964                __sfp_lock_acquire
                0x8000ea60                __sfp
                0x8000e770                __sinit_lock_release
                0x8000e7c4                __fp_unlock_all
                0x8000e798                __sfp_lock_release
                0x8000e87c                __sinit_lock_acquire
 .text          0x8000eb88      0x3f8 /opt/devkitpro/devkitPPC/lib/gcc/powerpc-gekko/4.2.3/../../../../powerpc-gekko/lib/libc.a(lib_a-freer.o)
                0x8000eca4                _free_r
                0x8000eb88                _malloc_trim_r
 .text          0x8000ef80      0x528 /opt/devkitpro/devkitPPC/lib/gcc/powerpc-gekko/4.2.3/../../../../powerpc-gekko/lib/libc.a(lib_a-fvwrite.o)
                0x8000ef80                __sfvwrite_r
 .text          0x8000f4a8      0x20c /opt/devkitpro/devkitPPC/lib/gcc/powerpc-gekko/4.2.3/../../../../powerpc-gekko/lib/libc.a(lib_a-fwalk.o)
                0x8000f5b4                _fwalk
                0x8000f4a8                _fwalk_reent
 .text          0x8000f6b4      0x4c4 /opt/devkitpro/devkitPPC/lib/gcc/powerpc-gekko/4.2.3/../../../../powerpc-gekko/lib/libc.a(lib_a-locale.o)
                0x8000f6d8                _setlocale_r
                0x8000f6b4                __locale_charset
                0x8000f6c0                _localeconv_r
                0x8000fb60                setlocale
                0x8000f6cc                localeconv
 .text          0x8000fb78      0x1bc /opt/devkitpro/devkitPPC/lib/gcc/powerpc-gekko/4.2.3/../../../../powerpc-gekko/lib/libc.a(lib_a-makebuf.o)
                0x8000fb78                __smakebuf_r
 .text          0x8000fd34      0x9a8 /opt/devkitpro/devkitPPC/lib/gcc/powerpc-gekko/4.2.3/../../../../powerpc-gekko/lib/libc.a(lib_a-mbtowc_r.o)
                0x8000fd34                _mbtowc_r
 .text          0x800106dc      0x100 /opt/devkitpro/devkitPPC/lib/gcc/powerpc-gekko/4.2.3/../../../../powerpc-gekko/lib/libc.a(lib_a-memchr.o)
                0x800106dc                memchr
 .text          0x800107dc     0x1114 /opt/devkitpro/devkitPPC/lib/gcc/powerpc-gekko/4.2.3/../../../../powerpc-gekko/lib/libc.a(lib_a-mprec.o)
                0x80010c44                _mprec_log10
                0x80010ce8                __any_on
                0x80010d88                _Balloc
                0x80010b80                __ratio
                0x80011548                __i2b
                0x80010a30                __b2d
                0x800117c8                __s2b
                0x80010930                __mcmp
                0x80010800                __hi0bits
                0x8001169c                __pow5mult
                0x800111ac                __lshift
                0x80011314                __multiply
                0x80010e58                __d2b
                0x80010c80                __copybits
                0x80010990                __ulp
                0x80011000                __mdiff
                0x8001086c                __lo0bits
                0x80011584                __multadd
                0x800107dc                _Bfree
 .text          0x800118f0      0x5b0 /opt/devkitpro/devkitPPC/lib/gcc/powerpc-gekko/4.2.3/../../../../powerpc-gekko/lib/libc.a(lib_a-reallocr.o)
                0x800118f0                _realloc_r
 .text          0x80011ea0       0x44 /opt/devkitpro/devkitPPC/lib/gcc/powerpc-gekko/4.2.3/../../../../powerpc-gekko/lib/libc.a(lib_a-s_isinfd.o)
                0x80011ea0                __isinfd
 .text          0x80011ee4       0x38 /opt/devkitpro/devkitPPC/lib/gcc/powerpc-gekko/4.2.3/../../../../powerpc-gekko/lib/libc.a(lib_a-s_isnand.o)
                0x80011ee4                __isnand
 .text          0x80011f1c      0x178 /opt/devkitpro/devkitPPC/lib/gcc/powerpc-gekko/4.2.3/../../../../powerpc-gekko/lib/libc.a(lib_a-stdio.o)
                0x80011f40                __sseek
                0x80012030                __sread
                0x80011f1c                __sclose
                0x80011fa8                __swrite
 .text          0x80012094       0x74 /opt/devkitpro/devkitPPC/lib/gcc/powerpc-gekko/4.2.3/../../../../powerpc-gekko/lib/libc.a(lib_a-strcpy.o)
                0x80012094                strcpy
 .text          0x80012108      0x188 /opt/devkitpro/devkitPPC/lib/gcc/powerpc-gekko/4.2.3/../../../../powerpc-gekko/lib/libc.a(lib_a-fclose.o)
                0x80012108                _fclose_r
                0x80012280                fclose
 .text          0x80012290       0xa0 /opt/devkitpro/devkitPPC/lib/gcc/powerpc-gekko/4.2.3/../../../../powerpc-gekko/lib/libsysbase.a(close.o)
                0x80012290                _close_r
 .text          0x80012330       0xc8 /opt/devkitpro/devkitPPC/lib/gcc/powerpc-gekko/4.2.3/../../../../powerpc-gekko/lib/libsysbase.a(fstat.o)
                0x80012330                _fstat_r
 .text          0x800123f8        0x8 /opt/devkitpro/devkitPPC/lib/gcc/powerpc-gekko/4.2.3/../../../../powerpc-gekko/lib/libsysbase.a(isatty.o)
                0x800123f8                isatty
 .text          0x80012400       0xd0 /opt/devkitpro/devkitPPC/lib/gcc/powerpc-gekko/4.2.3/../../../../powerpc-gekko/lib/libsysbase.a(lseek.o)
                0x80012400                _lseek_r
 .text          0x800124d0       0xcc /opt/devkitpro/devkitPPC/lib/gcc/powerpc-gekko/4.2.3/../../../../powerpc-gekko/lib/libsysbase.a(read.o)
                0x800124d0                _read_r
 .text          0x8001259c       0x50 /opt/devkitpro/devkitPPC/lib/gcc/powerpc-gekko/4.2.3/../../../../powerpc-gekko/lib/libsysbase.a(sbrk.o)
                0x8001259c                _sbrk_r
 .text          0x800125ec       0xcc /opt/devkitpro/devkitPPC/lib/gcc/powerpc-gekko/4.2.3/../../../../powerpc-gekko/lib/libsysbase.a(write.o)
                0x800125ec                _write_r
 .text          0x800126b8       0x6c /opt/devkitpro/devkitPPC/lib/gcc/powerpc-gekko/4.2.3/../../../../powerpc-gekko/lib/libsysbase.a(flock.o)
                0x800126dc                __flockfile
                0x800126b8                __funlockfile
 .text          0x80012724      0x120 /opt/devkitpro/devkitPPC/lib/gcc/powerpc-gekko/4.2.3/../../../../powerpc-gekko/lib/libsysbase.a(handle_manager.o)
                0x800127e8                __release_handle
                0x80012750                __alloc_handle
                0x80012724                __get_handle
 .text          0x80012844      0x450 /opt/devkitpro/devkitPPC/lib/gcc/powerpc-gekko/4.2.3/libgcc.a(_umoddi3.o)
                0x80012844                __umoddi3
 .text          0x80012c94       0x6c /opt/devkitpro/devkitPPC/lib/gcc/powerpc-gekko/4.2.3/crtend.o
 *(.text.*)
 .text.GRRLIB_FillScreen
                0x80012d00       0x2c GRRLIB.o
                0x80012d00                GRRLIB_FillScreen
 .text.GRRLIB_PutPixel
                0x80012d2c       0x34 GRRLIB.o
                0x80012d2c                GRRLIB_PutPixel
 .text.GRRLIB_Line
                0x80012d60      0x208 GRRLIB.o
                0x80012d60                GRRLIB_Line
 .text.GRRLIB_DrawRectangle
                0x80012f68      0x138 GRRLIB.o
                0x80012f68                GRRLIB_DrawRectangle
 .text.GRRLIB_Print
                0x800130a0      0x1a0 GRRLIB.o
                0x800130a0                GRRLIB_Print
 .text.draw_vert
                0x80013240       0x58 GRRLIB.o
 .text.GRRLIB_Render
                0x80013298      0x4d0 GRRLIB.o
                0x80013298                GRRLIB_Render
 .text.GRRLIB_Start
                0x80013768      0x2ac GRRLIB.o
                0x80013768                GRRLIB_Start
 .text.GRRLIB_InitVideo
                0x80013a14       0xe4 GRRLIB.o
                0x80013a14                GRRLIB_InitVideo
 .text.GRRLIB_DrawImg
                0x80013af8      0x404 GRRLIB.o
                0x80013af8                GRRLIB_DrawImg
 .text.Restart.7595
                0x80013efc       0xc0 main.o
 .text.main     0x80013fbc     0x1994 main.o
                0x80013fbc                main
 .text.MODPlay_AllocSFXChannels
                0x80015950       0x58 /opt/devkitpro/libogc/lib/wii/libmodplay.a(gcmodplay.o)
                0x80015950                MODPlay_AllocSFXChannels
 .text.SndBufStop
                0x800159a8       0x7c /opt/devkitpro/libogc/lib/wii/libmodplay.a(gcmodplay.o)
 .text.MODPlay_Stop
                0x80015a24       0x48 /opt/devkitpro/libogc/lib/wii/libmodplay.a(gcmodplay.o)
                0x80015a24                MODPlay_Stop
 .text.mixCallback
                0x80015a6c       0xa4 /opt/devkitpro/libogc/lib/wii/libmodplay.a(gcmodplay.o)
 .text.SndBufStart
                0x80015b10      0x1f8 /opt/devkitpro/libogc/lib/wii/libmodplay.a(gcmodplay.o)
 .text.updateWaveFormat
                0x80015d08      0x174 /opt/devkitpro/libogc/lib/wii/libmodplay.a(gcmodplay.o)
 .text.MODPlay_Start
                0x80015e7c       0x70 /opt/devkitpro/libogc/lib/wii/libmodplay.a(gcmodplay.o)
                0x80015e7c                MODPlay_Start
 .text.MODPlay_SetStereo
                0x80015eec       0x14 /opt/devkitpro/libogc/lib/wii/libmodplay.a(gcmodplay.o)
                0x80015eec                MODPlay_SetStereo
 .text.dmaCallback
                0x80015f00       0xb0 /opt/devkitpro/libogc/lib/wii/libmodplay.a(gcmodplay.o)
 .text.player   0x80015fb0      0x10c /opt/devkitpro/libogc/lib/wii/libmodplay.a(gcmodplay.o)
 .text.MODPlay_Unload
                0x800160bc       0x34 /opt/devkitpro/libogc/lib/wii/libmodplay.a(gcmodplay.o)
                0x800160bc                MODPlay_Unload
 .text.MODPlay_SetMOD
                0x800160f0       0x60 /opt/devkitpro/libogc/lib/wii/libmodplay.a(gcmodplay.o)
                0x800160f0                MODPlay_SetMOD
 .text.MODPlay_SetFrequency
                0x80016150       0x84 /opt/devkitpro/libogc/lib/wii/libmodplay.a(gcmodplay.o)
                0x80016150                MODPlay_SetFrequency
 .text.MODPlay_Init
                0x800161d4       0x8c /opt/devkitpro/libogc/lib/wii/libmodplay.a(gcmodplay.o)
                0x800161d4                MODPlay_Init
 .text.MOD_AllocSFXChannels
                0x80016260       0x64 /opt/devkitpro/libogc/lib/wii/libmodplay.a(modplay.o)
                0x80016260                MOD_AllocSFXChannels
 .text.getCurPatternData
                0x800162c4       0x40 /opt/devkitpro/libogc/lib/wii/libmodplay.a(modplay.o)
                0x800162c4                getCurPatternData
 .text.triggerNote
                0x80016304       0xe0 /opt/devkitpro/libogc/lib/wii/libmodplay.a(modplay.o)
                0x80016304                triggerNote
 .text.effect_handler
                0x800163e4      0x5a8 /opt/devkitpro/libogc/lib/wii/libmodplay.a(modplay.o)
                0x800163e4                effect_handler
 .text.process  0x8001698c      0x620 /opt/devkitpro/libogc/lib/wii/libmodplay.a(modplay.o)
                0x8001698c                process
 .text.MOD_Player
                0x80016fac      0x230 /opt/devkitpro/libogc/lib/wii/libmodplay.a(modplay.o)
                0x80016fac                MOD_Player
 .text.MOD_Start
                0x800171dc      0x3d4 /opt/devkitpro/libogc/lib/wii/libmodplay.a(modplay.o)
                0x800171dc                MOD_Start
 .text.MOD_SetMOD
                0x800175b0      0x5c8 /opt/devkitpro/libogc/lib/wii/libmodplay.a(modplay.o)
                0x800175b0                MOD_SetMOD
 .text.MOD_Free
                0x80017b78       0x68 /opt/devkitpro/libogc/lib/wii/libmodplay.a(modplay.o)
                0x80017b78                MOD_Free
 .text.mix_mono_16bit
                0x80017be0      0x820 /opt/devkitpro/libogc/lib/wii/libmodplay.a(mixer.o)
                0x80017be0                mix_mono_16bit
 .text.mix_stereo_16bit
                0x80018400      0x414 /opt/devkitpro/libogc/lib/wii/libmodplay.a(mixer.o)
                0x80018400                mix_stereo_16bit
 .text.WPAD_Probe
                0x80018814       0xbc /opt/devkitpro/libogc/lib/wii/libwiiuse.a(wpad.o)
                0x80018814                WPAD_Probe
 .text.WPAD_SetIdleTimeout
                0x800188d0       0x2c /opt/devkitpro/libogc/lib/wii/libwiiuse.a(wpad.o)
                0x800188d0                WPAD_SetIdleTimeout
 .text.WPAD_ButtonsDown
                0x800188fc       0x30 /opt/devkitpro/libogc/lib/wii/libwiiuse.a(wpad.o)
                0x800188fc                WPAD_ButtonsDown
 .text.WPAD_ButtonsHeld
                0x8001892c       0x30 /opt/devkitpro/libogc/lib/wii/libwiiuse.a(wpad.o)
                0x8001892c                WPAD_ButtonsHeld
 .text.__wpad_disconnect
                0x8001895c       0x58 /opt/devkitpro/libogc/lib/wii/libwiiuse.a(wpad.o)
 .text.WPAD_Shutdown
                0x800189b4       0xe0 /opt/devkitpro/libogc/lib/wii/libwiiuse.a(wpad.o)
                0x800189b4                WPAD_Shutdown
 .text.__wpad_onreset
                0x80018a94       0x2c /opt/devkitpro/libogc/lib/wii/libwiiuse.a(wpad.o)
 .text.__wpad_timeouthandler
                0x80018ac0       0xb8 /opt/devkitpro/libogc/lib/wii/libwiiuse.a(wpad.o)
 .text.__wpad_setfmt
                0x80018b78      0x110 /opt/devkitpro/libogc/lib/wii/libwiiuse.a(wpad.o)
 .text.WPAD_ReadEvent
                0x80018c88      0x538 /opt/devkitpro/libogc/lib/wii/libwiiuse.a(wpad.o)
                0x80018c88                WPAD_ReadEvent
 .text.WPAD_ReadPending
                0x800191c0      0x174 /opt/devkitpro/libogc/lib/wii/libwiiuse.a(wpad.o)
                0x800191c0                WPAD_ReadPending
 .text.WPAD_ScanPads
                0x80019334        0xc /opt/devkitpro/libogc/lib/wii/libwiiuse.a(wpad.o)
                0x80019334                WPAD_ScanPads
 .text.WPAD_Init
                0x80019340      0x1c0 /opt/devkitpro/libogc/lib/wii/libwiiuse.a(wpad.o)
                0x80019340                WPAD_Init
 .text.__initcore_finished
                0x80019500       0x40 /opt/devkitpro/libogc/lib/wii/libwiiuse.a(wpad.o)
 .text.__readlinkkey_finished
                0x80019540       0x38 /opt/devkitpro/libogc/lib/wii/libwiiuse.a(wpad.o)
 .text.__wpad_patch_finished
                0x80019578       0x2c /opt/devkitpro/libogc/lib/wii/libwiiuse.a(wpad.o)
 .text.__wpad_init_finished
                0x800195a4      0x104 /opt/devkitpro/libogc/lib/wii/libwiiuse.a(wpad.o)
 .text.__wpad_eventCB
                0x800196a8      0x8d0 /opt/devkitpro/libogc/lib/wii/libwiiuse.a(wpad.o)
 .text.calculate_gforce
                0x80019f78       0xfc /opt/devkitpro/libogc/lib/wii/libwiiuse.a(dynamics.o)
                0x80019f78                calculate_gforce
 .text.apply_smoothing
                0x8001a074      0x184 /opt/devkitpro/libogc/lib/wii/libwiiuse.a(dynamics.o)
                0x8001a074                apply_smoothing
 .text.calc_joystick_state
                0x8001a1f8      0x274 /opt/devkitpro/libogc/lib/wii/libwiiuse.a(dynamics.o)
                0x8001a1f8                calc_joystick_state
 .text.calculate_orientation
                0x8001a46c      0x298 /opt/devkitpro/libogc/lib/wii/libwiiuse.a(dynamics.o)
                0x8001a46c                calculate_orientation
 .text.wiiuse_io_write
                0x8001a704       0x44 /opt/devkitpro/libogc/lib/wii/libwiiuse.a(io_wii.o)
                0x8001a704                wiiuse_io_write
 .text.__wiiuse_disconnected
                0x8001a748       0x98 /opt/devkitpro/libogc/lib/wii/libwiiuse.a(io_wii.o)
 .text.__wiiuse_sent
                0x8001a7e0       0xb8 /opt/devkitpro/libogc/lib/wii/libwiiuse.a(io_wii.o)
 .text.wiiuse_init_cmd_queue
                0x8001a898       0x4c /opt/devkitpro/libogc/lib/wii/libwiiuse.a(io_wii.o)
                0x8001a898                wiiuse_init_cmd_queue
 .text.wiiuse_disconnect
                0x8001a8e4       0x40 /opt/devkitpro/libogc/lib/wii/libwiiuse.a(io_wii.o)
                0x8001a8e4                wiiuse_disconnect
 .text.wiiuse_register
                0x8001a924       0xd0 /opt/devkitpro/libogc/lib/wii/libwiiuse.a(io_wii.o)
                0x8001a924                wiiuse_register
 .text.__wiiuse_connected
                0x8001a9f4       0x40 /opt/devkitpro/libogc/lib/wii/libwiiuse.a(io_wii.o)
 .text.__wiiuse_receive
                0x8001aa34       0xc0 /opt/devkitpro/libogc/lib/wii/libwiiuse.a(io_wii.o)
 .text.__wiiuse_sensorbar_enable
                0x8001aaf4       0x50 /opt/devkitpro/libogc/lib/wii/libwiiuse.a(io_wii.o)
                0x8001aaf4                __wiiuse_sensorbar_enable
 .text.get_ir_sens
                0x8001ab44       0xec /opt/devkitpro/libogc/lib/wii/libwiiuse.a(ir.o)
 .text.wiiuse_set_ir_position
                0x8001ac30       0x80 /opt/devkitpro/libogc/lib/wii/libwiiuse.a(ir.o)
                0x8001ac30                wiiuse_set_ir_position
 .text.wiiuse_set_aspect_ratio
                0x8001acb0       0x44 /opt/devkitpro/libogc/lib/wii/libwiiuse.a(ir.o)
                0x8001acb0                wiiuse_set_aspect_ratio
 .text.calculate_basic_ir
                0x8001acf4       0xf4 /opt/devkitpro/libogc/lib/wii/libwiiuse.a(ir.o)
                0x8001acf4                calculate_basic_ir
 .text.calculate_extended_ir
                0x8001ade8       0x70 /opt/devkitpro/libogc/lib/wii/libwiiuse.a(ir.o)
                0x8001ade8                calculate_extended_ir
 .text.calc_yaw
                0x8001ae58       0x54 /opt/devkitpro/libogc/lib/wii/libwiiuse.a(ir.o)
                0x8001ae58                calc_yaw
 .text.apply_ir_smoothing
                0x8001aeac       0xf4 /opt/devkitpro/libogc/lib/wii/libwiiuse.a(ir.o)
                0x8001aeac                apply_ir_smoothing
 .text.rotate_dots
                0x8001afa0      0x120 /opt/devkitpro/libogc/lib/wii/libwiiuse.a(ir.o)
 .text.find_sensorbar
                0x8001b0c0      0x968 /opt/devkitpro/libogc/lib/wii/libwiiuse.a(ir.o)
                0x8001b0c0                find_sensorbar
 .text.interpret_ir_data
                0x8001ba28      0x33c /opt/devkitpro/libogc/lib/wii/libwiiuse.a(ir.o)
                0x8001ba28                interpret_ir_data
 .text.wiiuse_set_ir_sensitivity
                0x8001bd64      0x118 /opt/devkitpro/libogc/lib/wii/libwiiuse.a(ir.o)
                0x8001bd64                wiiuse_set_ir_sensitivity
 .text.wiiuse_set_ir_mode
                0x8001be7c       0x6c /opt/devkitpro/libogc/lib/wii/libwiiuse.a(ir.o)
                0x8001be7c                wiiuse_set_ir_mode
 .text.wiiuse_set_ir
                0x8001bee8      0x21c /opt/devkitpro/libogc/lib/wii/libwiiuse.a(ir.o)
                0x8001bee8                wiiuse_set_ir
 .text.wiiuse_set_flags
                0x8001c104       0x20 /opt/devkitpro/libogc/lib/wii/libwiiuse.a(wiiuse.o)
                0x8001c104                wiiuse_set_flags
 .text.wiiuse_send_next_command
                0x8001c124       0x6c /opt/devkitpro/libogc/lib/wii/libwiiuse.a(wiiuse.o)
                0x8001c124                wiiuse_send_next_command
 .text.wiiuse_write_data
                0x8001c190      0x168 /opt/devkitpro/libogc/lib/wii/libwiiuse.a(wiiuse.o)
                0x8001c190                wiiuse_write_data
 .text.wiiuse_init
                0x8001c2f8      0x164 /opt/devkitpro/libogc/lib/wii/libwiiuse.a(wiiuse.o)
                0x8001c2f8                wiiuse_init
 .text.wiiuse_sendcmd
                0x8001c45c       0xf8 /opt/devkitpro/libogc/lib/wii/libwiiuse.a(wiiuse.o)
                0x8001c45c                wiiuse_sendcmd
 .text.wiiuse_status
                0x8001c554       0x5c /opt/devkitpro/libogc/lib/wii/libwiiuse.a(wiiuse.o)
                0x8001c554                wiiuse_status
 .text.wiiuse_motion_sensing
                0x8001c5b0       0x54 /opt/devkitpro/libogc/lib/wii/libwiiuse.a(wiiuse.o)
                0x8001c5b0                wiiuse_motion_sensing
 .text.wiiuse_set_report_type
                0x8001c604      0x100 /opt/devkitpro/libogc/lib/wii/libwiiuse.a(wiiuse.o)
                0x8001c604                wiiuse_set_report_type
 .text.wiiuse_set_leds
                0x8001c704       0x60 /opt/devkitpro/libogc/lib/wii/libwiiuse.a(wiiuse.o)
                0x8001c704                wiiuse_set_leds
 .text.wiiuse_read_data
                0x8001c764      0x130 /opt/devkitpro/libogc/lib/wii/libwiiuse.a(wiiuse.o)
                0x8001c764                wiiuse_read_data
 .text.wiiuse_pressed_buttons
                0x8001c894       0x2c /opt/devkitpro/libogc/lib/wii/libwiiuse.a(events.o)
                0x8001c894                wiiuse_pressed_buttons
 .text.handle_expansion
                0x8001c8c0       0x80 /opt/devkitpro/libogc/lib/wii/libwiiuse.a(events.o)
 .text.parse_event
                0x8001c940      0x460 /opt/devkitpro/libogc/lib/wii/libwiiuse.a(events.o)
                0x8001c940                parse_event
 .text.guitar_hero_3_event
                0x8001cda0       0x84 /opt/devkitpro/libogc/lib/wii/libwiiuse.a(guitar_hero_3.o)
                0x8001cda0                guitar_hero_3_event
 .text.guitar_hero_3_disconnected
                0x8001ce24       0x28 /opt/devkitpro/libogc/lib/wii/libwiiuse.a(guitar_hero_3.o)
                0x8001ce24                guitar_hero_3_disconnected
 .text.guitar_hero_3_handshake
                0x8001ce4c       0xd8 /opt/devkitpro/libogc/lib/wii/libwiiuse.a(guitar_hero_3.o)
                0x8001ce4c                guitar_hero_3_handshake
 .text.wiiuse_disable_expansion
                0x8001cf24      0x10c /opt/devkitpro/libogc/lib/wii/libwiiuse.a(io.o)
                0x8001cf24                wiiuse_disable_expansion
 .text.wiiuse_handshake
                0x8001d030      0x104 /opt/devkitpro/libogc/lib/wii/libwiiuse.a(io.o)
                0x8001d030                wiiuse_handshake
 .text.wiiuse_handshake_expansion
                0x8001d134      0x1b0 /opt/devkitpro/libogc/lib/wii/libwiiuse.a(io.o)
                0x8001d134                wiiuse_handshake_expansion
 .text.wiiuse_handshake_expansion_enabled
                0x8001d2e4       0x64 /opt/devkitpro/libogc/lib/wii/libwiiuse.a(io.o)
                0x8001d2e4                wiiuse_handshake_expansion_enabled
 .text.nunchuk_event
                0x8001d348       0x8c /opt/devkitpro/libogc/lib/wii/libwiiuse.a(nunchuk.o)
                0x8001d348                nunchuk_event
 .text.nunchuk_disconnected
                0x8001d3d4       0x28 /opt/devkitpro/libogc/lib/wii/libwiiuse.a(nunchuk.o)
                0x8001d3d4                nunchuk_disconnected
 .text.nunchuk_handshake
                0x8001d3fc      0x150 /opt/devkitpro/libogc/lib/wii/libwiiuse.a(nunchuk.o)
                0x8001d3fc                nunchuk_handshake
 .text.classic_ctrl_event
                0x8001d54c       0xd8 /opt/devkitpro/libogc/lib/wii/libwiiuse.a(classic.o)
                0x8001d54c                classic_ctrl_event
 .text.classic_ctrl_disconnected
                0x8001d624       0x28 /opt/devkitpro/libogc/lib/wii/libwiiuse.a(classic.o)
                0x8001d624                classic_ctrl_disconnected
 .text.classic_ctrl_handshake
                0x8001d64c      0x150 /opt/devkitpro/libogc/lib/wii/libwiiuse.a(classic.o)
                0x8001d64c                classic_ctrl_handshake
 .text.bte_arg  0x8001d79c       0x28 /opt/devkitpro/libogc/lib/wii/libbte.a(bte.o)
                0x8001d79c                bte_arg
 .text.bte_received
                0x8001d7c4       0x28 /opt/devkitpro/libogc/lib/wii/libbte.a(bte.o)
                0x8001d7c4                bte_received
 .text.bte_disconnected
                0x8001d7ec       0x28 /opt/devkitpro/libogc/lib/wii/libbte.a(bte.o)
                0x8001d7ec                bte_disconnected
 .text.acl_wlp_completed
                0x8001d814        0x8 /opt/devkitpro/libogc/lib/wii/libbte.a(bte.o)
                0x8001d814                acl_wlp_completed
 .text.l2cap_accepted
                0x8001d81c      0x10c /opt/devkitpro/libogc/lib/wii/libbte.a(bte.o)
                0x8001d81c                l2cap_accepted
 .text.l2cap_disconnected_ind
                0x8001d928      0x174 /opt/devkitpro/libogc/lib/wii/libbte.a(bte.o)
                0x8001d928                l2cap_disconnected_ind
 .text.__bte_send_pending_request
                0x8001da9c       0xe0 /opt/devkitpro/libogc/lib/wii/libbte.a(bte.o)
 .text.bte_process_input
                0x8001db7c      0x100 /opt/devkitpro/libogc/lib/wii/libbte.a(bte.o)
 .text.__bte_send_request
                0x8001dc7c       0x90 /opt/devkitpro/libogc/lib/wii/libbte.a(bte.o)
 .text.bte_disconnect
                0x8001dd0c       0x80 /opt/devkitpro/libogc/lib/wii/libbte.a(bte.o)
                0x8001dd0c                bte_disconnect
 .text.l2cap_disconnect_cfm
                0x8001dd8c      0x118 /opt/devkitpro/libogc/lib/wii/libbte.a(bte.o)
                0x8001dd8c                l2cap_disconnect_cfm
 .text.acl_conn_complete
                0x8001dea4       0x2c /opt/devkitpro/libogc/lib/wii/libbte.a(bte.o)
                0x8001dea4                acl_conn_complete
 .text.bte_sendmessageasync
                0x8001ded0      0x160 /opt/devkitpro/libogc/lib/wii/libbte.a(bte.o)
                0x8001ded0                bte_sendmessageasync
 .text.bte_registerdeviceasync
                0x8001e030      0x184 /opt/devkitpro/libogc/lib/wii/libbte.a(bte.o)
                0x8001e030                bte_registerdeviceasync
 .text.bte_new  0x8001e1b4       0x60 /opt/devkitpro/libogc/lib/wii/libbte.a(bte.o)
                0x8001e1b4                bte_new
 .text.BTE_InitSub
                0x8001e214       0x7c /opt/devkitpro/libogc/lib/wii/libbte.a(bte.o)
                0x8001e214                BTE_InitSub
 .text.BTE_ApplyPatch
                0x8001e290       0x90 /opt/devkitpro/libogc/lib/wii/libbte.a(bte.o)
                0x8001e290                BTE_ApplyPatch
 .text.BTE_InitCore
                0x8001e320       0x78 /opt/devkitpro/libogc/lib/wii/libbte.a(bte.o)
                0x8001e320                BTE_InitCore
 .text.BTE_ReadStoredLinkKey
                0x8001e398       0x7c /opt/devkitpro/libogc/lib/wii/libbte.a(bte.o)
                0x8001e398                BTE_ReadStoredLinkKey
 .text.BTE_Shutdown
                0x8001e414       0xec /opt/devkitpro/libogc/lib/wii/libbte.a(bte.o)
                0x8001e414                BTE_Shutdown
 .text.__bte_shutdown_finished
                0x8001e500      0x104 /opt/devkitpro/libogc/lib/wii/libbte.a(bte.o)
 .text.BTE_Init
                0x8001e604      0x120 /opt/devkitpro/libogc/lib/wii/libbte.a(bte.o)
                0x8001e604                BTE_Init
 .text.bt_alarmhandler
                0x8001e724       0x60 /opt/devkitpro/libogc/lib/wii/libbte.a(bte.o)
 .text.bte_hci_initsub_complete
                0x8001e784      0x208 /opt/devkitpro/libogc/lib/wii/libbte.a(bte.o)
                0x8001e784                bte_hci_initsub_complete
 .text.bte_hci_patch_complete
                0x8001e98c      0x290 /opt/devkitpro/libogc/lib/wii/libbte.a(bte.o)
                0x8001e98c                bte_hci_patch_complete
 .text.bte_hci_apply_patch_complete
                0x8001ec1c      0x148 /opt/devkitpro/libogc/lib/wii/libbte.a(bte.o)
                0x8001ec1c                bte_hci_apply_patch_complete
 .text.bte_hci_initcore_complete
                0x8001ed64      0x1f4 /opt/devkitpro/libogc/lib/wii/libbte.a(bte.o)
                0x8001ed64                bte_hci_initcore_complete
 .text.bte_hci_initcore_complete2
                0x8001ef58      0x1bc /opt/devkitpro/libogc/lib/wii/libbte.a(bte.o)
                0x8001ef58                bte_hci_initcore_complete2
 .text.bte_read_stored_link_key_complete
                0x8001f114      0x228 /opt/devkitpro/libogc/lib/wii/libbte.a(bte.o)
                0x8001f114                bte_read_stored_link_key_complete
 .text.hci_get_link
                0x8001f33c       0x88 /opt/devkitpro/libogc/lib/wii/libbte.a(hci.o)
                0x8001f33c                hci_get_link
 .text.hci_arg  0x8001f3c4       0x10 /opt/devkitpro/libogc/lib/wii/libbte.a(hci.o)
                0x8001f3c4                hci_arg
 .text.hci_cmd_complete
                0x8001f3d4       0x10 /opt/devkitpro/libogc/lib/wii/libbte.a(hci.o)
                0x8001f3d4                hci_cmd_complete
 .text.hci_connection_complete
                0x8001f3e4       0x10 /opt/devkitpro/libogc/lib/wii/libbte.a(hci.o)
                0x8001f3e4                hci_connection_complete
 .text.hci_wlp_complete
                0x8001f3f4       0x10 /opt/devkitpro/libogc/lib/wii/libbte.a(hci.o)
                0x8001f3f4                hci_wlp_complete
 .text.hci_cmd_ass
                0x8001f404       0x4c /opt/devkitpro/libogc/lib/wii/libbte.a(hci.o)
                0x8001f404                hci_cmd_ass
 .text.lp_pdu_maxsize
                0x8001f450       0x10 /opt/devkitpro/libogc/lib/wii/libbte.a(hci.o)
                0x8001f450                lp_pdu_maxsize
 .text.hci_host_num_comp_packets
                0x8001f460       0xe8 /opt/devkitpro/libogc/lib/wii/libbte.a(hci.o)
                0x8001f460                hci_host_num_comp_packets
 .text.hci_write_cod
                0x8001f548       0xa8 /opt/devkitpro/libogc/lib/wii/libbte.a(hci.o)
                0x8001f548                hci_write_cod
 .text.hci_disconnect
                0x8001f5f0       0xf0 /opt/devkitpro/libogc/lib/wii/libbte.a(hci.o)
                0x8001f5f0                hci_disconnect
 .text.hci_pin_code_request_neg_reply
                0x8001f6e0       0xa8 /opt/devkitpro/libogc/lib/wii/libbte.a(hci.o)
                0x8001f6e0                hci_pin_code_request_neg_reply
 .text.hci_vendor_specific_command
                0x8001f788       0xd4 /opt/devkitpro/libogc/lib/wii/libbte.a(hci.o)
                0x8001f788                hci_vendor_specific_command
 .text.hci_write_inquiry_scan_type
                0x8001f85c       0x9c /opt/devkitpro/libogc/lib/wii/libbte.a(hci.o)
                0x8001f85c                hci_write_inquiry_scan_type
 .text.hci_write_page_scan_type
                0x8001f8f8       0x9c /opt/devkitpro/libogc/lib/wii/libbte.a(hci.o)
                0x8001f8f8                hci_write_page_scan_type
 .text.hci_write_inquiry_mode
                0x8001f994       0x9c /opt/devkitpro/libogc/lib/wii/libbte.a(hci.o)
                0x8001f994                hci_write_inquiry_mode
 .text.hci_write_pin_type
                0x8001fa30       0x9c /opt/devkitpro/libogc/lib/wii/libbte.a(hci.o)
                0x8001fa30                hci_write_pin_type
 .text.hci_write_local_name
                0x8001facc       0xb8 /opt/devkitpro/libogc/lib/wii/libbte.a(hci.o)
                0x8001facc                hci_write_local_name
 .text.hci_accecpt_conn_request
                0x8001fb84       0xbc /opt/devkitpro/libogc/lib/wii/libbte.a(hci.o)
                0x8001fb84                hci_accecpt_conn_request
 .text.hci_write_scan_enable
                0x8001fc40       0x9c /opt/devkitpro/libogc/lib/wii/libbte.a(hci.o)
                0x8001fc40                hci_write_scan_enable
 .text.hci_read_local_features
                0x8001fcdc       0x88 /opt/devkitpro/libogc/lib/wii/libbte.a(hci.o)
                0x8001fcdc                hci_read_local_features
 .text.hci_read_local_version
                0x8001fd64       0x88 /opt/devkitpro/libogc/lib/wii/libbte.a(hci.o)
                0x8001fd64                hci_read_local_version
 .text.hci_read_bd_addr
                0x8001fdec       0x88 /opt/devkitpro/libogc/lib/wii/libbte.a(hci.o)
                0x8001fdec                hci_read_bd_addr
 .text.hci_read_buffer_size
                0x8001fe74       0x88 /opt/devkitpro/libogc/lib/wii/libbte.a(hci.o)
                0x8001fe74                hci_read_buffer_size
 .text.hci_reset
                0x8001fefc       0x88 /opt/devkitpro/libogc/lib/wii/libbte.a(hci.o)
                0x8001fefc                hci_reset
 .text.lp_acl_write
                0x8001ff84      0x1b8 /opt/devkitpro/libogc/lib/wii/libbte.a(hci.o)
                0x8001ff84                lp_acl_write
 .text.hci_new  0x8002013c       0x54 /opt/devkitpro/libogc/lib/wii/libbte.a(hci.o)
                0x8002013c                hci_new
 .text.hci_read_stored_link_key
                0x80020190       0xf0 /opt/devkitpro/libogc/lib/wii/libbte.a(hci.o)
                0x80020190                hci_read_stored_link_key
 .text.hci_close
                0x80020280      0x13c /opt/devkitpro/libogc/lib/wii/libbte.a(hci.o)
                0x80020280                hci_close
 .text.hci_init
                0x800203bc       0xc0 /opt/devkitpro/libogc/lib/wii/libbte.a(hci.o)
                0x800203bc                hci_init
 .text.hci_reset_all
                0x8002047c       0xd4 /opt/devkitpro/libogc/lib/wii/libbte.a(hci.o)
                0x8002047c                hci_reset_all
 .text.hci_write_page_timeout
                0x80020550       0xac /opt/devkitpro/libogc/lib/wii/libbte.a(hci.o)
                0x80020550                hci_write_page_timeout
 .text.hci_acldata_handler
                0x800205fc      0x138 /opt/devkitpro/libogc/lib/wii/libbte.a(hci.o)
                0x800205fc                hci_acldata_handler
 .text.hci_event_handler
                0x80020734      0xbe0 /opt/devkitpro/libogc/lib/wii/libbte.a(hci.o)
                0x80020734                hci_event_handler
 .text.lp_write_flush_timeout
                0x80021314       0xf8 /opt/devkitpro/libogc/lib/wii/libbte.a(hci.o)
                0x80021314                lp_write_flush_timeout
 .text.hci_host_buffer_size
                0x8002140c       0xec /opt/devkitpro/libogc/lib/wii/libbte.a(hci.o)
                0x8002140c                hci_host_buffer_size
 .text.hci_write_link_policy_settings
                0x800214f8       0xf8 /opt/devkitpro/libogc/lib/wii/libbte.a(hci.o)
                0x800214f8                hci_write_link_policy_settings
 .text.l2cap_cid_alloc
                0x800215f0       0x60 /opt/devkitpro/libogc/lib/wii/libbte.a(l2cap.o)
 .text.lp_connect_ind
                0x80021650        0x4 /opt/devkitpro/libogc/lib/wii/libbte.a(l2cap.o)
                0x80021650                lp_connect_ind
 .text.l2cap_next_sigid
                0x80021654       0x2c /opt/devkitpro/libogc/lib/wii/libbte.a(l2cap.o)
                0x80021654                l2cap_next_sigid
 .text.l2cap_arg
                0x80021680        0x8 /opt/devkitpro/libogc/lib/wii/libbte.a(l2cap.o)
                0x80021680                l2cap_arg
 .text.l2cap_disconnect_ind
                0x80021688        0x8 /opt/devkitpro/libogc/lib/wii/libbte.a(l2cap.o)
                0x80021688                l2cap_disconnect_ind
 .text.l2cap_recv
                0x80021690        0x8 /opt/devkitpro/libogc/lib/wii/libbte.a(l2cap.o)
                0x80021690                l2cap_recv
 .text.l2cap_connect_ind
                0x80021698      0x118 /opt/devkitpro/libogc/lib/wii/libbte.a(l2cap.o)
                0x80021698                l2cap_connect_ind
 .text.l2cap_close
                0x800217b0      0x1c8 /opt/devkitpro/libogc/lib/wii/libbte.a(l2cap.o)
                0x800217b0                l2cap_close
 .text.lp_disconnect_ind
                0x80021978       0xe8 /opt/devkitpro/libogc/lib/wii/libbte.a(l2cap.o)
                0x80021978                lp_disconnect_ind
 .text.l2cap_new
                0x80021a60       0xa0 /opt/devkitpro/libogc/lib/wii/libbte.a(l2cap.o)
                0x80021a60                l2cap_new
 .text.l2cap_write
                0x80021b00      0x1a4 /opt/devkitpro/libogc/lib/wii/libbte.a(l2cap.o)
                0x80021b00                l2cap_write
 .text.l2cap_rexmit_signal
                0x80021ca4       0x2c /opt/devkitpro/libogc/lib/wii/libbte.a(l2cap.o)
                0x80021ca4                l2cap_rexmit_signal
 .text.l2cap_signal
                0x80021cd0      0x210 /opt/devkitpro/libogc/lib/wii/libbte.a(l2cap.o)
                0x80021cd0                l2cap_signal
 .text.l2ca_disconnect_req
                0x80021ee0       0xe4 /opt/devkitpro/libogc/lib/wii/libbte.a(l2cap.o)
                0x80021ee0                l2ca_disconnect_req
 .text.l2cap_tmr
                0x80021fc4      0x244 /opt/devkitpro/libogc/lib/wii/libbte.a(l2cap.o)
                0x80021fc4                l2cap_tmr
 .text.l2ca_config_req
                0x80022208      0x1ac /opt/devkitpro/libogc/lib/wii/libbte.a(l2cap.o)
                0x80022208                l2ca_config_req
 .text.l2cap_process_sig
                0x800223b4     0x12cc /opt/devkitpro/libogc/lib/wii/libbte.a(l2cap.o)
                0x800223b4                l2cap_process_sig
 .text.l2cap_init
                0x80023680       0x80 /opt/devkitpro/libogc/lib/wii/libbte.a(l2cap.o)
                0x80023680                l2cap_init
 .text.l2cap_reset_all
                0x80023700      0x150 /opt/devkitpro/libogc/lib/wii/libbte.a(l2cap.o)
                0x80023700                l2cap_reset_all
 .text.lp_connect_cfm
                0x80023850      0x194 /opt/devkitpro/libogc/lib/wii/libbte.a(l2cap.o)
                0x80023850                lp_connect_cfm
 .text.l2ca_datawrite
                0x800239e4      0x144 /opt/devkitpro/libogc/lib/wii/libbte.a(l2cap.o)
                0x800239e4                l2ca_datawrite
 .text.l2cap_input
                0x80023b28      0x590 /opt/devkitpro/libogc/lib/wii/libbte.a(l2cap.o)
                0x80023b28                l2cap_input
 .text.btmemb_alloc
                0x800240b8       0x98 /opt/devkitpro/libogc/lib/wii/libbte.a(btmemb.o)
                0x800240b8                btmemb_alloc
 .text.btmemb_free
                0x80024150       0x94 /opt/devkitpro/libogc/lib/wii/libbte.a(btmemb.o)
                0x80024150                btmemb_free
 .text.btmemb_init
                0x800241e4       0x40 /opt/devkitpro/libogc/lib/wii/libbte.a(btmemb.o)
                0x800241e4                btmemb_init
 .text.plug_holes
                0x80024224       0xcc /opt/devkitpro/libogc/lib/wii/libbte.a(btmemr.o)
 .text.btmemr_malloc
                0x800242f0      0x168 /opt/devkitpro/libogc/lib/wii/libbte.a(btmemr.o)
                0x800242f0                btmemr_malloc
 .text.btmemr_free
                0x80024458       0x8c /opt/devkitpro/libogc/lib/wii/libbte.a(btmemr.o)
                0x80024458                btmemr_free
 .text.btmemr_realloc
                0x800244e4      0x13c /opt/devkitpro/libogc/lib/wii/libbte.a(btmemr.o)
                0x800244e4                btmemr_realloc
 .text.btmemr_init
                0x80024620       0x98 /opt/devkitpro/libogc/lib/wii/libbte.a(btmemr.o)
                0x80024620                btmemr_init
 .text.btpbuf_header
                0x800246b8       0xa8 /opt/devkitpro/libogc/lib/wii/libbte.a(btpbuf.o)
                0x800246b8                btpbuf_header
 .text.btpbuf_ref
                0x80024760       0x38 /opt/devkitpro/libogc/lib/wii/libbte.a(btpbuf.o)
                0x80024760                btpbuf_ref
 .text.btpbuf_cat
                0x80024798       0x5c /opt/devkitpro/libogc/lib/wii/libbte.a(btpbuf.o)
                0x80024798                btpbuf_cat
 .text.btpbuf_chain
                0x800247f4       0x30 /opt/devkitpro/libogc/lib/wii/libbte.a(btpbuf.o)
                0x800247f4                btpbuf_chain
 .text.btpbuf_free
                0x80024824       0xfc /opt/devkitpro/libogc/lib/wii/libbte.a(btpbuf.o)
                0x80024824                btpbuf_free
 .text.btpbuf_dechain
                0x80024920       0x7c /opt/devkitpro/libogc/lib/wii/libbte.a(btpbuf.o)
                0x80024920                btpbuf_dechain
 .text.btpbuf_realloc
                0x8002499c       0xc0 /opt/devkitpro/libogc/lib/wii/libbte.a(btpbuf.o)
                0x8002499c                btpbuf_realloc
 .text.btpbuf_alloc
                0x80024a5c      0x334 /opt/devkitpro/libogc/lib/wii/libbte.a(btpbuf.o)
                0x80024a5c                btpbuf_alloc
 .text.btpbuf_take
                0x80024d90      0x124 /opt/devkitpro/libogc/lib/wii/libbte.a(btpbuf.o)
                0x80024d90                btpbuf_take
 .text.btpbuf_init
                0x80024eb4       0x34 /opt/devkitpro/libogc/lib/wii/libbte.a(btpbuf.o)
                0x80024eb4                btpbuf_init
 .text.__usb_closeCB
                0x80024ee8       0x10 /opt/devkitpro/libogc/lib/wii/libbte.a(physbusif.o)
 .text.physbusif_close
                0x80024ef8       0x2c /opt/devkitpro/libogc/lib/wii/libbte.a(physbusif.o)
                0x80024ef8                physbusif_close
 .text.physbusif_reset_all
                0x80024f24        0x4 /opt/devkitpro/libogc/lib/wii/libbte.a(physbusif.o)
                0x80024f24                physbusif_reset_all
 .text.physbusif_output
                0x80024f28      0x18c /opt/devkitpro/libogc/lib/wii/libbte.a(physbusif.o)
                0x80024f28                physbusif_output
 .text.__writebulkmsgCB
                0x800250b4       0x40 /opt/devkitpro/libogc/lib/wii/libbte.a(physbusif.o)
 .text.__writectrlmsgCB
                0x800250f4       0x40 /opt/devkitpro/libogc/lib/wii/libbte.a(physbusif.o)
 .text.physbusif_shutdown
                0x80025134       0x50 /opt/devkitpro/libogc/lib/wii/libbte.a(physbusif.o)
                0x80025134                physbusif_shutdown
 .text.__initUsbIOBuffer
                0x80025184       0x98 /opt/devkitpro/libogc/lib/wii/libbte.a(physbusif.o)
 .text.__issue_intrread
                0x8002521c       0xbc /opt/devkitpro/libogc/lib/wii/libbte.a(physbusif.o)
 .text.__readintrdataCB
                0x800252d8      0x140 /opt/devkitpro/libogc/lib/wii/libbte.a(physbusif.o)
 .text.__issue_bulkread
                0x80025418       0xbc /opt/devkitpro/libogc/lib/wii/libbte.a(physbusif.o)
 .text.physbusif_init
                0x800254d4      0x1d0 /opt/devkitpro/libogc/lib/wii/libbte.a(physbusif.o)
                0x800254d4                physbusif_init
 .text.__readbulkdataCB
                0x800256a4      0x140 /opt/devkitpro/libogc/lib/wii/libbte.a(physbusif.o)
 .text.__lwp_queue_initialize
                0x800257e4       0x54 /opt/devkitpro/libogc/lib/wii/libogc.a(lwp_queue.o)
                0x800257e4                __lwp_queue_initialize
 .text.__lwp_queue_get
                0x80025838       0x54 /opt/devkitpro/libogc/lib/wii/libogc.a(lwp_queue.o)
                0x80025838                __lwp_queue_get
 .text.__lwp_queue_append
                0x8002588c       0x3c /opt/devkitpro/libogc/lib/wii/libogc.a(lwp_queue.o)
                0x8002588c                __lwp_queue_append
 .text.__lwp_isr_in_progress
                0x800258c8        0x8 /opt/devkitpro/libogc/lib/wii/libogc.a(lwp_threads.o)
                0x800258c8                __lwp_isr_in_progress
 .text.__lwp_thread_setstate
                0x800258d0      0x128 /opt/devkitpro/libogc/lib/wii/libogc.a(lwp_threads.o)
                0x800258d0                __lwp_thread_setstate
 .text.__lwp_thread_clearstate
                0x800259f8       0xe4 /opt/devkitpro/libogc/lib/wii/libogc.a(lwp_threads.o)
                0x800259f8                __lwp_thread_clearstate
 .text.__lwp_thread_setpriority
                0x80025adc       0x5c /opt/devkitpro/libogc/lib/wii/libogc.a(lwp_threads.o)
                0x80025adc                __lwp_thread_setpriority
 .text.__lwp_thread_settransient
                0x80025b38       0xa8 /opt/devkitpro/libogc/lib/wii/libogc.a(lwp_threads.o)
                0x80025b38                __lwp_thread_settransient
 .text.__lwp_thread_loadenv
                0x80025be0       0x78 /opt/devkitpro/libogc/lib/wii/libogc.a(lwp_threads.o)
                0x80025be0                __lwp_thread_loadenv
 .text.__lwp_thread_ready
                0x80025c58       0xd8 /opt/devkitpro/libogc/lib/wii/libogc.a(lwp_threads.o)
                0x80025c58                __lwp_thread_ready
 .text.__thread_dispatch
                0x80025d30      0x110 /opt/devkitpro/libogc/lib/wii/libogc.a(lwp_threads.o)
                0x80025d30                __thread_dispatch
 .text.__lwp_thread_start
                0x80025e40       0x64 /opt/devkitpro/libogc/lib/wii/libogc.a(lwp_threads.o)
                0x80025e40                __lwp_thread_start
 .text.__lwp_thread_close
                0x80025ea4      0x11c /opt/devkitpro/libogc/lib/wii/libogc.a(lwp_threads.o)
                0x80025ea4                __lwp_thread_close
 .text.__lwp_thread_init
                0x80025fc0      0x108 /opt/devkitpro/libogc/lib/wii/libogc.a(lwp_threads.o)
                0x80025fc0                __lwp_thread_init
 .text.__thread_dispatch_fp
                0x800260c8       0x60 /opt/devkitpro/libogc/lib/wii/libogc.a(lwp_threads.o)
                0x800260c8                __thread_dispatch_fp
 .text.__lwp_thread_stopmultitasking
                0x80026128       0x50 /opt/devkitpro/libogc/lib/wii/libogc.a(lwp_threads.o)
                0x80026128                __lwp_thread_stopmultitasking
 .text.__lwp_thread_startmultitasking
                0x80026178       0x70 /opt/devkitpro/libogc/lib/wii/libogc.a(lwp_threads.o)
                0x80026178                __lwp_thread_startmultitasking
 .text.__lwp_thread_closeall
                0x800261e8      0x10c /opt/devkitpro/libogc/lib/wii/libogc.a(lwp_threads.o)
                0x800261e8                __lwp_thread_closeall
 .text.__lwp_thread_changepriority
                0x800262f4      0x188 /opt/devkitpro/libogc/lib/wii/libogc.a(lwp_threads.o)
                0x800262f4                __lwp_thread_changepriority
 .text.__lwp_thread_coreinit
                0x8002647c       0x64 /opt/devkitpro/libogc/lib/wii/libogc.a(lwp_threads.o)
                0x8002647c                __lwp_thread_coreinit
 .text.__lwp_thread_resume
                0x800264e0      0x104 /opt/devkitpro/libogc/lib/wii/libogc.a(lwp_threads.o)
                0x800264e0                __lwp_thread_resume
 .text.__lwp_thread_suspend
                0x800265e4      0x134 /opt/devkitpro/libogc/lib/wii/libogc.a(lwp_threads.o)
                0x800265e4                __lwp_thread_suspend
 .text.__lwp_thread_exit
                0x80026718       0x70 /opt/devkitpro/libogc/lib/wii/libogc.a(lwp_threads.o)
                0x80026718                __lwp_thread_exit
 .text.__lwp_thread_handler
                0x80026788       0x7c /opt/devkitpro/libogc/lib/wii/libogc.a(lwp_threads.o)
 .text.idle_func
                0x80026804        0x4 /opt/devkitpro/libogc/lib/wii/libogc.a(lwp.o)
 .text.LWP_GetSelf
                0x80026808       0x24 /opt/devkitpro/libogc/lib/wii/libogc.a(lwp.o)
                0x80026808                LWP_GetSelf
 .text.__lwp_sysinit
                0x8002682c      0x118 /opt/devkitpro/libogc/lib/wii/libogc.a(lwp.o)
                0x8002682c                __lwp_sysinit
 .text.LWP_ThreadSignal
                0x80026944       0x74 /opt/devkitpro/libogc/lib/wii/libogc.a(lwp.o)
                0x80026944                LWP_ThreadSignal
 .text.LWP_ThreadBroadcast
                0x800269b8       0x88 /opt/devkitpro/libogc/lib/wii/libogc.a(lwp.o)
                0x800269b8                LWP_ThreadBroadcast
 .text.LWP_ThreadSleep
                0x80026a40       0xd4 /opt/devkitpro/libogc/lib/wii/libogc.a(lwp.o)
                0x80026a40                LWP_ThreadSleep
 .text.LWP_CloseQueue
                0x80026b14       0xe8 /opt/devkitpro/libogc/lib/wii/libogc.a(lwp.o)
                0x80026b14                LWP_CloseQueue
 .text.LWP_InitQueue
                0x80026bfc      0x124 /opt/devkitpro/libogc/lib/wii/libogc.a(lwp.o)
                0x80026bfc                LWP_InitQueue
 .text.LWP_JoinThread
                0x80026d20      0x138 /opt/devkitpro/libogc/lib/wii/libogc.a(lwp.o)
                0x80026d20                LWP_JoinThread
 .text.LWP_ResumeThread
                0x80026e58       0xb0 /opt/devkitpro/libogc/lib/wii/libogc.a(lwp.o)
                0x80026e58                LWP_ResumeThread
 .text.LWP_SuspendThread
                0x80026f08       0xac /opt/devkitpro/libogc/lib/wii/libogc.a(lwp.o)
                0x80026f08                LWP_SuspendThread
 .text.LWP_CreateThread
                0x80026fb4      0x1ac /opt/devkitpro/libogc/lib/wii/libogc.a(lwp.o)
                0x80026fb4                LWP_CreateThread
 .text.__lwp_stack_free
                0x80027160       0x38 /opt/devkitpro/libogc/lib/wii/libogc.a(lwp_stack.o)
                0x80027160                __lwp_stack_free
 .text.__lwp_stack_allocate
                0x80027198       0x6c /opt/devkitpro/libogc/lib/wii/libogc.a(lwp_stack.o)
                0x80027198                __lwp_stack_allocate
 .text.__lwp_watchdog_init
                0x80027204       0x2c /opt/devkitpro/libogc/lib/wii/libogc.a(lwp_watchdog.o)
                0x80027204                __lwp_watchdog_init
 .text.__lwp_wd_settimer
                0x80027230       0xc0 /opt/devkitpro/libogc/lib/wii/libogc.a(lwp_watchdog.o)
 .text.__lwp_wd_remove
                0x800272f0      0x118 /opt/devkitpro/libogc/lib/wii/libogc.a(lwp_watchdog.o)
                0x800272f0                __lwp_wd_remove
 .text.__lwp_wd_insert
                0x80027408      0x1d4 /opt/devkitpro/libogc/lib/wii/libogc.a(lwp_watchdog.o)
                0x80027408                __lwp_wd_insert
 .text.__lwp_wd_tickle
                0x800275dc      0x104 /opt/devkitpro/libogc/lib/wii/libogc.a(lwp_watchdog.o)
                0x800275dc                __lwp_wd_tickle
 .text.__lwp_wkspace_init
                0x800276e0       0xb0 /opt/devkitpro/libogc/lib/wii/libogc.a(lwp_wkspace.o)
                0x800276e0                __lwp_wkspace_init
 .text.__lwp_objmgr_getisrdisable
                0x80027790       0x50 /opt/devkitpro/libogc/lib/wii/libogc.a(lwp_objmgr.o)
                0x80027790                __lwp_objmgr_getisrdisable
 .text.__lwp_objmgr_getnoprotection
                0x800277e0       0x24 /opt/devkitpro/libogc/lib/wii/libogc.a(lwp_objmgr.o)
                0x800277e0                __lwp_objmgr_getnoprotection
 .text.__lwp_objmgr_allocate
                0x80027804       0x60 /opt/devkitpro/libogc/lib/wii/libogc.a(lwp_objmgr.o)
                0x80027804                __lwp_objmgr_allocate
 .text.__lwp_objmgr_free
                0x80027864       0x4c /opt/devkitpro/libogc/lib/wii/libogc.a(lwp_objmgr.o)
                0x80027864                __lwp_objmgr_free
 .text.__lwp_objmgr_get
                0x800278b0       0x78 /opt/devkitpro/libogc/lib/wii/libogc.a(lwp_objmgr.o)
                0x800278b0                __lwp_objmgr_get
 .text.__lwp_objmgr_initinfo
                0x80027928      0x1b0 /opt/devkitpro/libogc/lib/wii/libogc.a(lwp_objmgr.o)
                0x80027928                __lwp_objmgr_initinfo
 .text.__lwp_heap_init
                0x80027ad8       0x8c /opt/devkitpro/libogc/lib/wii/libogc.a(lwp_heap.o)
                0x80027ad8                __lwp_heap_init
 .text.__lwp_heap_free
                0x80027b64      0x184 /opt/devkitpro/libogc/lib/wii/libogc.a(lwp_heap.o)
                0x80027b64                __lwp_heap_free
 .text.__lwp_heap_allocate
                0x80027ce8      0x130 /opt/devkitpro/libogc/lib/wii/libogc.a(lwp_heap.o)
                0x80027ce8                __lwp_heap_allocate
 .text.c_irqdispatcher
                0x80027e18      0x2ac /opt/devkitpro/libogc/lib/wii/libogc.a(irq.o)
                0x80027e18                c_irqdispatcher
 .text.__SetInterrupts
                0x800280c4      0x268 /opt/devkitpro/libogc/lib/wii/libogc.a(irq.o)
 .text.__UnmaskIrq
                0x8002832c       0x80 /opt/devkitpro/libogc/lib/wii/libogc.a(irq.o)
                0x8002832c                __UnmaskIrq
 .text.__MaskIrq
                0x800283ac       0x80 /opt/devkitpro/libogc/lib/wii/libogc.a(irq.o)
                0x800283ac                __MaskIrq
 .text.IRQ_Request
                0x8002842c       0x44 /opt/devkitpro/libogc/lib/wii/libogc.a(irq.o)
                0x8002842c                IRQ_Request
 .text.IRQ_GetHandler
                0x80028470       0x34 /opt/devkitpro/libogc/lib/wii/libogc.a(irq.o)
                0x80028470                IRQ_GetHandler
 .text.IRQ_Disable
                0x800284a4       0x20 /opt/devkitpro/libogc/lib/wii/libogc.a(irq.o)
                0x800284a4                IRQ_Disable
 .text.IRQ_Restore
                0x800284c4        0x8 /opt/devkitpro/libogc/lib/wii/libogc.a(irq.o)
                0x800284c4                IRQ_Restore
 .text.__irq_init
                0x800284cc       0xac /opt/devkitpro/libogc/lib/wii/libogc.a(irq.o)
                0x800284cc                __irq_init
 .text.__gettiming
                0x80028578       0xb0 /opt/devkitpro/libogc/lib/wii/libogc.a(video.o)
 .text.VIDEO_Flush
                0x80028628      0x164 /opt/devkitpro/libogc/lib/wii/libogc.a(video.o)
                0x80028628                VIDEO_Flush
 .text.VIDEO_GetCurrentTvMode
                0x8002878c       0x60 /opt/devkitpro/libogc/lib/wii/libogc.a(video.o)
                0x8002878c                VIDEO_GetCurrentTvMode
 .text.VIDEO_HaveComponentCable
                0x800287ec       0x14 /opt/devkitpro/libogc/lib/wii/libogc.a(video.o)
                0x800287ec                VIDEO_HaveComponentCable
 .text.VIDEO_ClearFrameBuffer
                0x80028800       0x3c /opt/devkitpro/libogc/lib/wii/libogc.a(video.o)
                0x80028800                VIDEO_ClearFrameBuffer
 .text.VIDEO_GetPreferredMode